⚠ [2534/2550] Replayed StrongPNT.PNT2_LogDerivative
warning: StrongPNT/PNT2_LogDerivative.lean:46:22: unused variable `hR`

Note: This linter can be disabled with `set_option linter.unusedVariables false`
warning: StrongPNT/PNT2_LogDerivative.lean:68:37: unused variable `hR`

Note: This linter can be disabled with `set_option linter.unusedVariables false`
warning: StrongPNT/PNT2_LogDerivative.lean:80:6: declaration uses 'sorry'
warning: StrongPNT/PNT2_LogDerivative.lean:94:54: unused variable `hR`

Note: This linter can be disabled with `set_option linter.unusedVariables false`
warning: StrongPNT/PNT2_LogDerivative.lean:104:6: declaration uses 'sorry'
warning: StrongPNT/PNT2_LogDerivative.lean:152:30: unused variable `hR`

Note: This linter can be disabled with `set_option linter.unusedVariables false`
warning: StrongPNT/PNT2_LogDerivative.lean:153:17: unused variable `hf`

Note: This linter can be disabled with `set_option linter.unusedVariables false`
warning: StrongPNT/PNT2_LogDerivative.lean:153:57: unused variable `hf0`

Note: This linter can be disabled with `set_option linter.unusedVariables false`
warning: StrongPNT/PNT2_LogDerivative.lean:154:13: unused variable `hρ`

Note: This linter can be disabled with `set_option linter.unusedVariables false`
warning: StrongPNT/PNT2_LogDerivative.lean:158:31: unused variable `hS`

Note: This linter can be disabled with `set_option linter.unusedVariables false`
warning: StrongPNT/PNT2_LogDerivative.lean:158:55: unused variable `hw`

Note: This linter can be disabled with `set_option linter.unusedVariables false`
warning: StrongPNT/PNT2_LogDerivative.lean:188:6: declaration uses 'sorry'
warning: StrongPNT/PNT2_LogDerivative.lean:196:6: declaration uses 'sorry'
warning: StrongPNT/PNT2_LogDerivative.lean:204:34: unused variable `hR`

Note: This linter can be disabled with `set_option linter.unusedVariables false`
warning: StrongPNT/PNT2_LogDerivative.lean:204:55: unused variable `hR₁`

Note: This linter can be disabled with `set_option linter.unusedVariables false`
warning: StrongPNT/PNT2_LogDerivative.lean:205:17: unused variable `hf`

Note: This linter can be disabled with `set_option linter.unusedVariables false`
warning: StrongPNT/PNT2_LogDerivative.lean:205:57: unused variable `hf0`

Note: This linter can be disabled with `set_option linter.unusedVariables false`
warning: StrongPNT/PNT2_LogDerivative.lean:210:6: declaration uses 'sorry'
warning: StrongPNT/PNT2_LogDerivative.lean:218:6: declaration uses 'sorry'
warning: StrongPNT/PNT2_LogDerivative.lean:225:6: declaration uses 'sorry'
warning: StrongPNT/PNT2_LogDerivative.lean:232:6: declaration uses 'sorry'
warning: StrongPNT/PNT2_LogDerivative.lean:252:6: declaration uses 'sorry'
warning: StrongPNT/PNT2_LogDerivative.lean:259:6: declaration uses 'sorry'
warning: StrongPNT/PNT2_LogDerivative.lean:270:48: unused variable `hR`

Note: This linter can be disabled with `set_option linter.unusedVariables false`
warning: StrongPNT/PNT2_LogDerivative.lean:271:5: unused variable `hR₁`

Note: This linter can be disabled with `set_option linter.unusedVariables false`
warning: StrongPNT/PNT2_LogDerivative.lean:271:40: unused variable `hf`

Note: This linter can be disabled with `set_option linter.unusedVariables false`
warning: StrongPNT/PNT2_LogDerivative.lean:272:5: unused variable `hf0`

Note: This linter can be disabled with `set_option linter.unusedVariables false`
warning: StrongPNT/PNT2_LogDerivative.lean:272:29: unused variable `hρ`

Note: This linter can be disabled with `set_option linter.unusedVariables false`
warning: StrongPNT/PNT2_LogDerivative.lean:272:57: unused variable `hz`

Note: This linter can be disabled with `set_option linter.unusedVariables false`
warning: StrongPNT/PNT2_LogDerivative.lean:283:6: declaration uses 'sorry'
warning: StrongPNT/PNT2_LogDerivative.lean:291:6: declaration uses 'sorry'
warning: StrongPNT/PNT2_LogDerivative.lean:306:6: declaration uses 'sorry'
warning: StrongPNT/PNT2_LogDerivative.lean:315:29: unused variable `hR`

Note: This linter can be disabled with `set_option linter.unusedVariables false`
warning: StrongPNT/PNT2_LogDerivative.lean:315:50: unused variable `hR₁`

Note: This linter can be disabled with `set_option linter.unusedVariables false`
warning: StrongPNT/PNT2_LogDerivative.lean:316:17: unused variable `hf`

Note: This linter can be disabled with `set_option linter.unusedVariables false`
warning: StrongPNT/PNT2_LogDerivative.lean:316:57: unused variable `hf0`

Note: This linter can be disabled with `set_option linter.unusedVariables false`
warning: StrongPNT/PNT2_LogDerivative.lean:317:47: unused variable `hz`

Note: This linter can be disabled with `set_option linter.unusedVariables false`
warning: StrongPNT/PNT2_LogDerivative.lean:324:33: unused variable `hR`

Note: This linter can be disabled with `set_option linter.unusedVariables false`
warning: StrongPNT/PNT2_LogDerivative.lean:324:54: unused variable `hR₁`

Note: This linter can be disabled with `set_option linter.unusedVariables false`
warning: StrongPNT/PNT2_LogDerivative.lean:325:17: unused variable `hf`

Note: This linter can be disabled with `set_option linter.unusedVariables false`
warning: StrongPNT/PNT2_LogDerivative.lean:325:57: unused variable `hf0`

Note: This linter can be disabled with `set_option linter.unusedVariables false`
warning: StrongPNT/PNT2_LogDerivative.lean:326:59: unused variable `hz`

Note: This linter can be disabled with `set_option linter.unusedVariables false`
warning: StrongPNT/PNT2_LogDerivative.lean:332:6: declaration uses 'sorry'
warning: StrongPNT/PNT2_LogDerivative.lean:360:35: unused variable `hR₁`

Note: This linter can be disabled with `set_option linter.unusedVariables false`
warning: StrongPNT/PNT2_LogDerivative.lean:425:6: declaration uses 'sorry'
warning: StrongPNT/PNT2_LogDerivative.lean:437:31: unused variable `hR`

Note: This linter can be disabled with `set_option linter.unusedVariables false`
warning: StrongPNT/PNT2_LogDerivative.lean:437:52: unused variable `hR₁`

Note: This linter can be disabled with `set_option linter.unusedVariables false`
warning: StrongPNT/PNT2_LogDerivative.lean:438:17: unused variable `hf`

Note: This linter can be disabled with `set_option linter.unusedVariables false`
warning: StrongPNT/PNT2_LogDerivative.lean:445:6: declaration uses 'sorry'
warning: StrongPNT/PNT2_LogDerivative.lean:453:6: declaration uses 'sorry'
warning: StrongPNT/PNT2_LogDerivative.lean:461:32: unused variable `h`

Note: This linter can be disabled with `set_option linter.unusedVariables false`
warning: StrongPNT/PNT2_LogDerivative.lean:470:43: unused variable `h`

Note: This linter can be disabled with `set_option linter.unusedVariables false`
warning: StrongPNT/PNT2_LogDerivative.lean:472:8: This simp argument is unused:
  norm_div

Hint: Omit it from the simp argument list.
  simp [̵n̵o̵r̵m̵_̵d̵i̵v̵,̵ ̵n̵o̵r̵m̵_̵n̵e̵g̵]̵[̲n̲o̲r̲m̲_̲n̲e̲g̲]̲

Note: This linter can be disabled with `set_option linter.unusedSimpArgs false`
warning: StrongPNT/PNT2_LogDerivative.lean:475:6: declaration uses 'sorry'
warning: StrongPNT/PNT2_LogDerivative.lean:487:6: declaration uses 'sorry'
warning: StrongPNT/PNT2_LogDerivative.lean:512:53: unused variable `hn`

Note: This linter can be disabled with `set_option linter.unusedVariables false`
warning: StrongPNT/PNT2_LogDerivative.lean:521:31: unused variable `ρ`

Note: This linter can be disabled with `set_option linter.unusedVariables false`
warning: StrongPNT/PNT2_LogDerivative.lean:532:48: unused variable `ρ`

Note: This linter can be disabled with `set_option linter.unusedVariables false`
warning: StrongPNT/PNT2_LogDerivative.lean:543:40: unused variable `hR`

Note: This linter can be disabled with `set_option linter.unusedVariables false`
warning: StrongPNT/PNT2_LogDerivative.lean:543:61: unused variable `hR₁`

Note: This linter can be disabled with `set_option linter.unusedVariables false`
warning: StrongPNT/PNT2_LogDerivative.lean:544:17: unused variable `hf`

Note: This linter can be disabled with `set_option linter.unusedVariables false`
warning: StrongPNT/PNT2_LogDerivative.lean:544:57: unused variable `hf0`

Note: This linter can be disabled with `set_option linter.unusedVariables false`
warning: StrongPNT/PNT2_LogDerivative.lean:555:6: declaration uses 'sorry'
warning: StrongPNT/PNT2_LogDerivative.lean:562:6: declaration uses 'sorry'
warning: StrongPNT/PNT2_LogDerivative.lean:569:6: declaration uses 'sorry'
warning: StrongPNT/PNT2_LogDerivative.lean:578:6: declaration uses 'sorry'
warning: StrongPNT/PNT2_LogDerivative.lean:587:6: declaration uses 'sorry'
warning: StrongPNT/PNT2_LogDerivative.lean:595:6: declaration uses 'sorry'
warning: StrongPNT/PNT2_LogDerivative.lean:603:6: declaration uses 'sorry'
warning: StrongPNT/PNT2_LogDerivative.lean:611:6: declaration uses 'sorry'
warning: StrongPNT/PNT2_LogDerivative.lean:623:6: declaration uses 'sorry'
warning: StrongPNT/PNT2_LogDerivative.lean:636:6: declaration uses 'sorry'
warning: StrongPNT/PNT2_LogDerivative.lean:649:34: unused variable `hR`

Note: This linter can be disabled with `set_option linter.unusedVariables false`
warning: StrongPNT/PNT2_LogDerivative.lean:649:55: unused variable `hR₁`

Note: This linter can be disabled with `set_option linter.unusedVariables false`
warning: StrongPNT/PNT2_LogDerivative.lean:650:17: unused variable `hf`

Note: This linter can be disabled with `set_option linter.unusedVariables false`
warning: StrongPNT/PNT2_LogDerivative.lean:652:6: unused variable `ρ`

Note: This linter can be disabled with `set_option linter.unusedVariables false`
warning: StrongPNT/PNT2_LogDerivative.lean:663:6: declaration uses 'sorry'
⚠ [3161/3169] Replayed StrongPNT.PNT3_RiemannZeta
warning: StrongPNT/PNT3_RiemannZeta.lean:21:6: declaration uses 'sorry'
warning: StrongPNT/PNT3_RiemannZeta.lean:30:6: declaration uses 'sorry'
warning: StrongPNT/PNT3_RiemannZeta.lean:45:6: declaration uses 'sorry'
warning: StrongPNT/PNT3_RiemannZeta.lean:50:6: declaration uses 'sorry'
warning: StrongPNT/PNT3_RiemannZeta.lean:55:6: declaration uses 'sorry'
warning: StrongPNT/PNT3_RiemannZeta.lean:128:6: declaration uses 'sorry'
warning: StrongPNT/PNT3_RiemannZeta.lean:190:6: declaration uses 'sorry'
warning: StrongPNT/PNT3_RiemannZeta.lean:197:6: declaration uses 'sorry'
warning: StrongPNT/PNT3_RiemannZeta.lean:354:6: declaration uses 'sorry'
warning: StrongPNT/PNT3_RiemannZeta.lean:360:6: declaration uses 'sorry'
warning: StrongPNT/PNT3_RiemannZeta.lean:375:6: declaration uses 'sorry'
warning: StrongPNT/PNT3_RiemannZeta.lean:380:6: declaration uses 'sorry'
warning: StrongPNT/PNT3_RiemannZeta.lean:401:6: declaration uses 'sorry'
warning: StrongPNT/PNT3_RiemannZeta.lean:406:8: declaration uses 'sorry'
warning: StrongPNT/PNT3_RiemannZeta.lean:411:8: declaration uses 'sorry'
warning: StrongPNT/PNT3_RiemannZeta.lean:416:6: declaration uses 'sorry'
warning: StrongPNT/PNT3_RiemannZeta.lean:425:6: declaration uses 'sorry'
warning: StrongPNT/PNT3_RiemannZeta.lean:429:8: declaration uses 'sorry'
warning: StrongPNT/PNT3_RiemannZeta.lean:434:8: declaration uses 'sorry'
warning: StrongPNT/PNT3_RiemannZeta.lean:440:8: declaration uses 'sorry'
warning: StrongPNT/PNT3_RiemannZeta.lean:455:6: declaration uses 'sorry'
warning: StrongPNT/PNT3_RiemannZeta.lean:458:6: declaration uses 'sorry'
warning: StrongPNT/PNT3_RiemannZeta.lean:462:6: declaration uses 'sorry'
warning: StrongPNT/PNT3_RiemannZeta.lean:472:4: unused variable `expansion_error`

Note: This linter can be disabled with `set_option linter.unusedVariables false`
warning: StrongPNT/PNT3_RiemannZeta.lean:505:8: declaration uses 'sorry'
warning: StrongPNT/PNT3_RiemannZeta.lean:509:8: declaration uses 'sorry'
warning: StrongPNT/PNT3_RiemannZeta.lean:517:8: declaration uses 'sorry'
warning: StrongPNT/PNT3_RiemannZeta.lean:525:8: declaration uses 'sorry'
warning: StrongPNT/PNT3_RiemannZeta.lean:530:8: declaration uses 'sorry'
warning: StrongPNT/PNT3_RiemannZeta.lean:535:8: declaration uses 'sorry'
warning: StrongPNT/PNT3_RiemannZeta.lean:541:8: declaration uses 'sorry'
⚠ [3166/3169] Replayed StrongPNT.PNT5_StrongPNT
warning: StrongPNT/PNT5_StrongPNT.lean:39:8: declaration uses 'sorry'
warning: StrongPNT/PNT5_StrongPNT.lean:44:8: declaration uses 'sorry'
warning: StrongPNT/PNT5_StrongPNT.lean:49:8: declaration uses 'sorry'
warning: StrongPNT/PNT5_StrongPNT.lean:55:8: declaration uses 'sorry'
warning: StrongPNT/PNT5_StrongPNT.lean:61:8: declaration uses 'sorry'
warning: StrongPNT/PNT5_StrongPNT.lean:67:8: declaration uses 'sorry'
warning: StrongPNT/PNT5_StrongPNT.lean:73:8: declaration uses 'sorry'
warning: StrongPNT/PNT5_StrongPNT.lean:79:8: declaration uses 'sorry'
warning: StrongPNT/PNT5_StrongPNT.lean:84:8: declaration uses 'sorry'
warning: StrongPNT/PNT5_StrongPNT.lean:89:8: declaration uses 'sorry'
warning: StrongPNT/PNT5_StrongPNT.lean:99:8: declaration uses 'sorry'
warning: StrongPNT/PNT5_StrongPNT.lean:104:8: declaration uses 'sorry'
warning: StrongPNT/PNT5_StrongPNT.lean:110:8: declaration uses 'sorry'
warning: StrongPNT/PNT5_StrongPNT.lean:116:8: declaration uses 'sorry'
warning: StrongPNT/PNT5_StrongPNT.lean:122:8: declaration uses 'sorry'
warning: StrongPNT/PNT5_StrongPNT.lean:128:8: declaration uses 'sorry'
warning: StrongPNT/PNT5_StrongPNT.lean:134:8: declaration uses 'sorry'
warning: StrongPNT/PNT5_StrongPNT.lean:144:8: declaration uses 'sorry'
warning: StrongPNT/PNT5_StrongPNT.lean:154:8: declaration uses 'sorry'
warning: StrongPNT/PNT5_StrongPNT.lean:161:8: declaration uses 'sorry'
warning: StrongPNT/PNT5_StrongPNT.lean:166:8: declaration uses 'sorry'
✖ [3167/3169] Building StrongPNT.PNT1_ComplexAnalysis (16s)
trace: .> LEAN_PATH=/home/jovyan/pmt_claude/.lake/packages/Cli/.lake/build/lib/lean:/home/jovyan/pmt_claude/.lake/packages/batteries/.lake/build/lib/lean:/home/jovyan/pmt_claude/.lake/packages/Qq/.lake/build/lib/lean:/home/jovyan/pmt_claude/.lake/packages/aesop/.lake/build/lib/lean:/home/jovyan/pmt_claude/.lake/packages/proofwidgets/.lake/build/lib/lean:/home/jovyan/pmt_claude/.lake/packages/importGraph/.lake/build/lib/lean:/home/jovyan/pmt_claude/.lake/packages/LeanSearchClient/.lake/build/lib/lean:/home/jovyan/pmt_claude/.lake/packages/plausible/.lake/build/lib/lean:/home/jovyan/pmt_claude/.lake/packages/mathlib/.lake/build/lib/lean:/home/jovyan/pmt_claude/.lake/build/lib/lean /home/jovyan/.elan/toolchains/leanprover--lean4---v4.24.0-rc1/bin/lean /home/jovyan/pmt_claude/StrongPNT/PNT1_ComplexAnalysis.lean -o /home/jovyan/pmt_claude/.lake/build/lib/lean/StrongPNT/PNT1_ComplexAnalysis.olean -i /home/jovyan/pmt_claude/.lake/build/lib/lean/StrongPNT/PNT1_ComplexAnalysis.ilean -c /home/jovyan/pmt_claude/.lake/build/ir/StrongPNT/PNT1_ComplexAnalysis.c --setup /home/jovyan/pmt_claude/.lake/build/ir/StrongPNT/PNT1_ComplexAnalysis.setup.json --json
warning: StrongPNT/PNT1_ComplexAnalysis.lean:346:64: unused variable `hR`

Note: This linter can be disabled with `set_option linter.unusedVariables false`
warning: StrongPNT/PNT1_ComplexAnalysis.lean:376:51: unused variable `hr`

Note: This linter can be disabled with `set_option linter.unusedVariables false`
warning: StrongPNT/PNT1_ComplexAnalysis.lean:376:77: unused variable `hM`

Note: This linter can be disabled with `set_option linter.unusedVariables false`
warning: StrongPNT/PNT1_ComplexAnalysis.lean:397:25: unused variable `n`

Note: This linter can be disabled with `set_option linter.unusedVariables false`
warning: StrongPNT/PNT1_ComplexAnalysis.lean:446:34: unused variable `hR`

Note: This linter can be disabled with `set_option linter.unusedVariables false`
error: StrongPNT/PNT1_ComplexAnalysis.lean:569:8: Unknown identifier `Metric.closure_ball`
warning: StrongPNT/PNT1_ComplexAnalysis.lean:571:27: unused variable `hR`

Note: This linter can be disabled with `set_option linter.unusedVariables false`
warning: StrongPNT/PNT1_ComplexAnalysis.lean:577:30: unused variable `hR`

Note: This linter can be disabled with `set_option linter.unusedVariables false`
warning: StrongPNT/PNT1_ComplexAnalysis.lean:582:28: unused variable `hR`

Note: This linter can be disabled with `set_option linter.unusedVariables false`
warning: StrongPNT/PNT1_ComplexAnalysis.lean:604:52: unused variable `hR`

Note: This linter can be disabled with `set_option linter.unusedVariables false`
warning: StrongPNT/PNT1_ComplexAnalysis.lean:633:51: unused variable `hR`

Note: This linter can be disabled with `set_option linter.unusedVariables false`
warning: StrongPNT/PNT1_ComplexAnalysis.lean:654:6: declaration uses 'sorry'
error: StrongPNT/PNT1_ComplexAnalysis.lean:708:11: Unknown identifier `Metric.closure_ball`
error: StrongPNT/PNT1_ComplexAnalysis.lean:769:8: Type mismatch: After simplification, term
  le_of_lt hw'
 has type
  ‖w‖ ≤ R
but is expected to have type
  w = z ∨ ‖w‖ ≤ R
warning: StrongPNT/PNT1_ComplexAnalysis.lean:790:6: declaration uses 'sorry'
error: StrongPNT/PNT1_ComplexAnalysis.lean:823:4: Type mismatch
  0
has type
  ℂ
of sort `Type` but is expected to have type
  range f ⊆ Metric.ball ?m.58 (M + 1)
of sort `Prop`
error: StrongPNT/PNT1_ComplexAnalysis.lean:824:10: Tactic `introN` failed: There are no additional binders or `let` bindings in the goal to introduce

f : ℂ → ℂ
hf : ∀ (z : ℂ), AnalyticAt ℂ f z
hdiff : Differentiable ℂ f
M : ℝ
hM : ∀ (z : ℂ), ‖f z‖ ≤ M
⊢ ℂ
warning: StrongPNT/PNT1_ComplexAnalysis.lean:838:6: declaration uses 'sorry'
warning: StrongPNT/PNT1_ComplexAnalysis.lean:851:6: declaration uses 'sorry'
error: StrongPNT/PNT1_ComplexAnalysis.lean:915:45: Application type mismatch: The argument
  ?m.365
has type
  1 < 2
but is expected to have type
  1 < 1
in the application
  lt_of_le_of_lt (hfbound w this2) ?m.365
warning: StrongPNT/PNT1_ComplexAnalysis.lean:919:6: declaration uses 'sorry'
warning: StrongPNT/PNT1_ComplexAnalysis.lean:933:6: declaration uses 'sorry'
error: StrongPNT/PNT1_ComplexAnalysis.lean:951:2: No goals to be solved
warning: StrongPNT/PNT1_ComplexAnalysis.lean:954:6: declaration uses 'sorry'
warning: StrongPNT/PNT1_ComplexAnalysis.lean:966:6: declaration uses 'sorry'
warning: StrongPNT/PNT1_ComplexAnalysis.lean:975:6: declaration uses 'sorry'
warning: StrongPNT/PNT1_ComplexAnalysis.lean:986:6: declaration uses 'sorry'
warning: StrongPNT/PNT1_ComplexAnalysis.lean:996:6: declaration uses 'sorry'
warning: StrongPNT/PNT1_ComplexAnalysis.lean:1005:6: declaration uses 'sorry'
warning: StrongPNT/PNT1_ComplexAnalysis.lean:1017:32: unused variable `hR`

Note: This linter can be disabled with `set_option linter.unusedVariables false`
warning: StrongPNT/PNT1_ComplexAnalysis.lean:1040:31: unused variable `hR`

Note: This linter can be disabled with `set_option linter.unusedVariables false`
error: StrongPNT/PNT1_ComplexAnalysis.lean:1087:80: Type mismatch
  le_of_lt ?m.243
has type
  ?m.241 ≤ ?m.242
but is expected to have type
  Classical.choose hw ∈ {z | ‖z‖ ≤ R}
error: StrongPNT/PNT1_ComplexAnalysis.lean:1090:16: Type mismatch
  hw_max v hv_int
has type
  ‖h v‖ ≤ ‖h (Classical.choose hw)‖
but is expected to have type
  ‖h (Classical.choose hw)‖ ≤ ‖h v‖
error: StrongPNT/PNT1_ComplexAnalysis.lean:1092:83: Type mismatch
  le_of_lt ?m.274
has type
  ?m.272 ≤ ?m.273
but is expected to have type
  Classical.choose hw ∈ {z | ‖z‖ ≤ R}
error: StrongPNT/PNT1_ComplexAnalysis.lean:1102:40: Application type mismatch: The argument
  le_of_lt ?m.294
has type
  ?m.292 ≤ ?m.293
but is expected to have type
  Classical.choose hw ∈ {z | ‖z‖ ≤ R}
in the application
  hc (Classical.choose hw) (le_of_lt ?m.294)
warning: StrongPNT/PNT1_ComplexAnalysis.lean:1121:6: declaration uses 'sorry'
warning: StrongPNT/PNT1_ComplexAnalysis.lean:1177:55: unused variable `hB`

Note: This linter can be disabled with `set_option linter.unusedVariables false`
warning: StrongPNT/PNT1_ComplexAnalysis.lean:1198:30: unused variable `hR`

Note: This linter can be disabled with `set_option linter.unusedVariables false`
warning: StrongPNT/PNT1_ComplexAnalysis.lean:1198:54: unused variable `hB`

Note: This linter can be disabled with `set_option linter.unusedVariables false`
warning: StrongPNT/PNT1_ComplexAnalysis.lean:1199:5: unused variable `hh`

Note: This linter can be disabled with `set_option linter.unusedVariables false`
warning: StrongPNT/PNT1_ComplexAnalysis.lean:1214:44: unused variable `hR`

Note: This linter can be disabled with `set_option linter.unusedVariables false`
warning: StrongPNT/PNT1_ComplexAnalysis.lean:1216:5: unused variable `hf`

Note: This linter can be disabled with `set_option linter.unusedVariables false`
warning: StrongPNT/PNT1_ComplexAnalysis.lean:1224:40: unused variable `hR`

Note: This linter can be disabled with `set_option linter.unusedVariables false`
warning: StrongPNT/PNT1_ComplexAnalysis.lean:1226:5: unused variable `hf`

Note: This linter can be disabled with `set_option linter.unusedVariables false`
warning: StrongPNT/PNT1_ComplexAnalysis.lean:1232:6: declaration uses 'sorry'
warning: StrongPNT/PNT1_ComplexAnalysis.lean:1253:40: unused variable `hR`

Note: This linter can be disabled with `set_option linter.unusedVariables false`
warning: StrongPNT/PNT1_ComplexAnalysis.lean:1264:23: unused variable `R`

Note: This linter can be disabled with `set_option linter.unusedVariables false`
warning: StrongPNT/PNT1_ComplexAnalysis.lean:1284:33: unused variable `hb`

Note: This linter can be disabled with `set_option linter.unusedVariables false`
warning: StrongPNT/PNT1_ComplexAnalysis.lean:1285:8: This simp argument is unused:
  norm_div

Hint: Omit it from the simp argument list.
  simp ̵[̵n̵o̵r̵m̵_̵d̵i̵v̵]̵

Note: This linter can be disabled with `set_option linter.unusedSimpArgs false`
warning: StrongPNT/PNT1_ComplexAnalysis.lean:1289:5: unused variable `hf0`

Note: This linter can be disabled with `set_option linter.unusedVariables false`
warning: StrongPNT/PNT1_ComplexAnalysis.lean:1297:27: unused variable `hT`

Note: This linter can be disabled with `set_option linter.unusedVariables false`
warning: StrongPNT/PNT1_ComplexAnalysis.lean:1299:8: This simp argument is unused:
  norm_div

Hint: Omit it from the simp argument list.
  simp [n̵o̵r̵m̵_̵d̵i̵v̵,̵ ̵hz]

Note: This linter can be disabled with `set_option linter.unusedSimpArgs false`
warning: StrongPNT/PNT1_ComplexAnalysis.lean:1371:34: unused variable `ha`

Note: This linter can be disabled with `set_option linter.unusedVariables false`
error: StrongPNT/PNT1_ComplexAnalysis.lean:1455:2: `simp` made no progress
warning: StrongPNT/PNT1_ComplexAnalysis.lean:1463:8: declaration uses 'sorry'
warning: StrongPNT/PNT1_ComplexAnalysis.lean:1473:25: `differentiableAt_id'` has been deprecated: Use `differentiableAt_fun_id` instead
error: StrongPNT/PNT1_ComplexAnalysis.lean:1473:24: Application type mismatch: The argument
  DifferentiableAt.const_mul differentiableAt_id' ?m.54
has type
  DifferentiableAt ?m.44 (fun y ↦ ?m.54 * y) ?m.49
but is expected to have type
  DifferentiableAt ℂ (fun t ↦ cexp (I * t)) ↑t
in the application
  deriv_const_mul (↑r') (DifferentiableAt.const_mul differentiableAt_id' ?m.54)
warning: StrongPNT/PNT1_ComplexAnalysis.lean:1478:6: declaration uses 'sorry'
warning: StrongPNT/PNT1_ComplexAnalysis.lean:1486:6: declaration uses 'sorry'
warning: StrongPNT/PNT1_ComplexAnalysis.lean:1503:23: unused variable `hg`

Note: This linter can be disabled with `set_option linter.unusedVariables false`
error: StrongPNT/PNT1_ComplexAnalysis.lean:1514:2: (deterministic) timeout at `isDefEq`, maximum number of heartbeats (200000) has been reached

Note: Use `set_option maxHeartbeats <num>` to set the limit.

Hint: Additional diagnostic information may be available using the `set_option diagnostics true` command.
error: StrongPNT/PNT1_ComplexAnalysis.lean:1521:2: Tactic `rfl` failed: The left-hand side
  ‖f (↑r' * cexp (I * ↑t))‖ * ‖↑r'‖ * ‖cexp (I * ↑t)‖
is not definitionally equal to the right-hand side
  ‖f (↑r' * cexp (I * ↑t))‖ * (‖↑r'‖ * ‖cexp (I * ↑t)‖)

r' : ℝ
f : ℂ → ℂ
t : ℝ
⊢ ‖f (↑r' * cexp (I * ↑t))‖ * ‖↑r'‖ * ‖cexp (I * ↑t)‖ = ‖f (↑r' * cexp (I * ↑t))‖ * (‖↑r'‖ * ‖cexp (I * ↑t)‖)
warning: StrongPNT/PNT1_ComplexAnalysis.lean:1555:12: This simp argument is unused:
  norm_mul

Hint: Omit it from the simp argument list.
  simp [sq,̵ ̵n̵o̵r̵m̵_̵m̵u̵l̵]

Note: This linter can be disabled with `set_option linter.unusedSimpArgs false`
warning: StrongPNT/PNT1_ComplexAnalysis.lean:1567:50: unused variable `hr`

Note: This linter can be disabled with `set_option linter.unusedVariables false`
warning: StrongPNT/PNT1_ComplexAnalysis.lean:1567:63: unused variable `hrr'`

Note: This linter can be disabled with `set_option linter.unusedVariables false`
warning: StrongPNT/PNT1_ComplexAnalysis.lean:1567:79: unused variable `hr'R`

Note: This linter can be disabled with `set_option linter.unusedVariables false`
warning: StrongPNT/PNT1_ComplexAnalysis.lean:1580:29: unused variable `hr`

Note: This linter can be disabled with `set_option linter.unusedVariables false`
warning: StrongPNT/PNT1_ComplexAnalysis.lean:1580:58: unused variable `hr'R`

Note: This linter can be disabled with `set_option linter.unusedVariables false`
warning: StrongPNT/PNT1_ComplexAnalysis.lean:1611:37: unused variable `hr`

Note: This linter can be disabled with `set_option linter.unusedVariables false`
warning: StrongPNT/PNT1_ComplexAnalysis.lean:1611:50: unused variable `hrr'`

Note: This linter can be disabled with `set_option linter.unusedVariables false`
warning: StrongPNT/PNT1_ComplexAnalysis.lean:1611:66: unused variable `hr'R`

Note: This linter can be disabled with `set_option linter.unusedVariables false`
warning: StrongPNT/PNT1_ComplexAnalysis.lean:1611:96: unused variable `hz`

Note: This linter can be disabled with `set_option linter.unusedVariables false`
warning: StrongPNT/PNT1_ComplexAnalysis.lean:1641:34: unused variable `hb`

Note: This linter can be disabled with `set_option linter.unusedVariables false`
warning: StrongPNT/PNT1_ComplexAnalysis.lean:1646:29: unused variable `hf`

Note: This linter can be disabled with `set_option linter.unusedVariables false`
warning: StrongPNT/PNT1_ComplexAnalysis.lean:1673:29: unused variable `hf`

Note: This linter can be disabled with `set_option linter.unusedVariables false`
error: StrongPNT/PNT1_ComplexAnalysis.lean:1707:18: Tactic `rewrite` failed: Did not find an occurrence of the pattern
  ‖cexp (↑?x * I)‖
in the target expression
  ‖↑r'‖ * ‖cexp (I * ↑t)‖ = r'

M R r' : ℝ
hM : 0 < M
hR : 0 < R
hr' : 0 < r'
hr'R : r' < R
f : ℂ → ℂ
hf : AnalyticOn ℂ f {z | ‖z‖ ≤ R}
hf0 : f 0 = 0
hRe : ∀ (z : ℂ), ‖z‖ ≤ R → (f z).re ≤ M
t : ℝ
⊢ ‖↑r'‖ * ‖cexp (I * ↑t)‖ = r'
warning: StrongPNT/PNT1_ComplexAnalysis.lean:1745:25: unused variable `t`

Note: This linter can be disabled with `set_option linter.unusedVariables false`
error: StrongPNT/PNT1_ComplexAnalysis.lean:1767:86: Unknown identifier `t`
warning: StrongPNT/PNT1_ComplexAnalysis.lean:1774:28: unused variable `t`

Note: This linter can be disabled with `set_option linter.unusedVariables false`
warning: StrongPNT/PNT1_ComplexAnalysis.lean:1779:47: unused variable `t`

Note: This linter can be disabled with `set_option linter.unusedVariables false`
warning: StrongPNT/PNT1_ComplexAnalysis.lean:1837:50: unused variable `hr`

Note: This linter can be disabled with `set_option linter.unusedVariables false`
warning: StrongPNT/PNT1_ComplexAnalysis.lean:1837:63: unused variable `hR`

Note: This linter can be disabled with `set_option linter.unusedVariables false`
warning: StrongPNT/PNT1_ComplexAnalysis.lean:1841:13: This simp argument is unused:
  show (r + R) / 2 = (r + R) / 2 from rfl

Hint: Omit it from the simp argument list.
  simp only ̵[̵s̵h̵o̵w̵ ̵(̵r̵ ̵+̵ ̵R̵)̵ ̵/̵ ̵2̵ ̵=̵ ̵(̵r̵ ̵+̵ ̵R̵)̵ ̵/̵ ̵2̵ ̵f̵r̵o̵m̵ ̵r̵f̵l̵]̵

Note: This linter can be disabled with `set_option linter.unusedSimpArgs false`
warning: StrongPNT/PNT1_ComplexAnalysis.lean:1852:66: unused variable `hR`

Note: This linter can be disabled with `set_option linter.unusedVariables false`
warning: StrongPNT/PNT1_ComplexAnalysis.lean:1857:51: unused variable `hr`

Note: This linter can be disabled with `set_option linter.unusedVariables false`
warning: StrongPNT/PNT1_ComplexAnalysis.lean:1857:64: unused variable `hR`

Note: This linter can be disabled with `set_option linter.unusedVariables false`
warning: StrongPNT/PNT1_ComplexAnalysis.lean:1861:13: This simp argument is unused:
  show (r + R) / 2 = (r + R) / 2 from rfl

Hint: Omit it from the simp argument list.
  simp only ̵[̵s̵h̵o̵w̵ ̵(̵r̵ ̵+̵ ̵R̵)̵ ̵/̵ ̵2̵ ̵=̵ ̵(̵r̵ ̵+̵ ̵R̵)̵ ̵/̵ ̵2̵ ̵f̵r̵o̵m̵ ̵r̵f̵l̵]̵

Note: This linter can be disabled with `set_option linter.unusedSimpArgs false`
warning: StrongPNT/PNT1_ComplexAnalysis.lean:1943:41: unused variable `hR`

Note: This linter can be disabled with `set_option linter.unusedVariables false`
warning: StrongPNT/PNT1_ComplexAnalysis.lean:1943:54: unused variable `hRR0`

Note: This linter can be disabled with `set_option linter.unusedVariables false`
warning: StrongPNT/PNT1_ComplexAnalysis.lean:1943:71: unused variable `hR01`

Note: This linter can be disabled with `set_option linter.unusedVariables false`
warning: StrongPNT/PNT1_ComplexAnalysis.lean:1944:29: unused variable `hf`

Note: This linter can be disabled with `set_option linter.unusedVariables false`
error: Lean exited with code 1
Some required targets logged failures:
- StrongPNT.PNT1_ComplexAnalysis
error: build failed
⚠ [3164/3169] Built StrongPNT.PNT3_RiemannZeta (4.3s)
warning: StrongPNT/PNT3_RiemannZeta.lean:54:6: declaration uses 'sorry'
warning: StrongPNT/PNT3_RiemannZeta.lean:66:6: declaration uses 'sorry'
warning: StrongPNT/PNT3_RiemannZeta.lean:141:6: declaration uses 'sorry'
warning: StrongPNT/PNT3_RiemannZeta.lean:211:6: declaration uses 'sorry'
warning: StrongPNT/PNT3_RiemannZeta.lean:218:6: declaration uses 'sorry'
warning: StrongPNT/PNT3_RiemannZeta.lean:375:6: declaration uses 'sorry'
warning: StrongPNT/PNT3_RiemannZeta.lean:381:6: declaration uses 'sorry'
warning: StrongPNT/PNT3_RiemannZeta.lean:396:6: declaration uses 'sorry'
warning: StrongPNT/PNT3_RiemannZeta.lean:401:6: declaration uses 'sorry'
warning: StrongPNT/PNT3_RiemannZeta.lean:422:6: declaration uses 'sorry'
warning: StrongPNT/PNT3_RiemannZeta.lean:435:8: declaration uses 'sorry'
warning: StrongPNT/PNT3_RiemannZeta.lean:440:6: declaration uses 'sorry'
warning: StrongPNT/PNT3_RiemannZeta.lean:449:6: declaration uses 'sorry'
warning: StrongPNT/PNT3_RiemannZeta.lean:453:8: declaration uses 'sorry'
warning: StrongPNT/PNT3_RiemannZeta.lean:458:8: declaration uses 'sorry'
warning: StrongPNT/PNT3_RiemannZeta.lean:464:8: declaration uses 'sorry'
warning: StrongPNT/PNT3_RiemannZeta.lean:479:6: declaration uses 'sorry'
warning: StrongPNT/PNT3_RiemannZeta.lean:482:6: declaration uses 'sorry'
warning: StrongPNT/PNT3_RiemannZeta.lean:486:6: declaration uses 'sorry'
warning: StrongPNT/PNT3_RiemannZeta.lean:496:4: unused variable `expansion_error`

Note: This linter can be disabled with `set_option linter.unusedVariables false`
warning: StrongPNT/PNT3_RiemannZeta.lean:529:8: declaration uses 'sorry'
warning: StrongPNT/PNT3_RiemannZeta.lean:533:8: declaration uses 'sorry'
warning: StrongPNT/PNT3_RiemannZeta.lean:541:8: declaration uses 'sorry'
warning: StrongPNT/PNT3_RiemannZeta.lean:549:8: declaration uses 'sorry'
warning: StrongPNT/PNT3_RiemannZeta.lean:554:8: declaration uses 'sorry'
warning: StrongPNT/PNT3_RiemannZeta.lean:559:8: declaration uses 'sorry'
warning: StrongPNT/PNT3_RiemannZeta.lean:565:8: declaration uses 'sorry'
✖ [3165/3169] Building StrongPNT.PNT5_StrongPNT (3.2s)
trace: .> LEAN_PATH=/home/jovyan/pmt_claude/.lake/packages/Cli/.lake/build/lib/lean:/home/jovyan/pmt_claude/.lake/packages/batteries/.lake/build/lib/lean:/home/jovyan/pmt_claude/.lake/packages/Qq/.lake/build/lib/lean:/home/jovyan/pmt_claude/.lake/packages/aesop/.lake/build/lib/lean:/home/jovyan/pmt_claude/.lake/packages/proofwidgets/.lake/build/lib/lean:/home/jovyan/pmt_claude/.lake/packages/importGraph/.lake/build/lib/lean:/home/jovyan/pmt_claude/.lake/packages/LeanSearchClient/.lake/build/lib/lean:/home/jovyan/pmt_claude/.lake/packages/plausible/.lake/build/lib/lean:/home/jovyan/pmt_claude/.lake/packages/mathlib/.lake/build/lib/lean:/home/jovyan/pmt_claude/.lake/build/lib/lean /home/jovyan/.elan/toolchains/leanprover--lean4---v4.24.0-rc1/bin/lean /home/jovyan/pmt_claude/StrongPNT/PNT5_StrongPNT.lean -o /home/jovyan/pmt_claude/.lake/build/lib/lean/StrongPNT/PNT5_StrongPNT.olean -i /home/jovyan/pmt_claude/.lake/build/lib/lean/StrongPNT/PNT5_StrongPNT.ilean -c /home/jovyan/pmt_claude/.lake/build/ir/StrongPNT/PNT5_StrongPNT.c --setup /home/jovyan/pmt_claude/.lake/build/ir/StrongPNT/PNT5_StrongPNT.setup.json --json
error: StrongPNT/PNT5_StrongPNT.lean:62:8: Unknown identifier `MeasureTheory.intervalIntegral_pos_of_pos_on`
warning: StrongPNT/PNT5_StrongPNT.lean:77:8: declaration uses 'sorry'
warning: StrongPNT/PNT5_StrongPNT.lean:87:8: declaration uses 'sorry'
warning: StrongPNT/PNT5_StrongPNT.lean:92:8: declaration uses 'sorry'
warning: StrongPNT/PNT5_StrongPNT.lean:108:8: declaration uses 'sorry'
warning: StrongPNT/PNT5_StrongPNT.lean:116:8: declaration uses 'sorry'
warning: StrongPNT/PNT5_StrongPNT.lean:122:8: declaration uses 'sorry'
warning: StrongPNT/PNT5_StrongPNT.lean:128:8: declaration uses 'sorry'
warning: StrongPNT/PNT5_StrongPNT.lean:133:8: declaration uses 'sorry'
warning: StrongPNT/PNT5_StrongPNT.lean:138:8: declaration uses 'sorry'
warning: StrongPNT/PNT5_StrongPNT.lean:148:8: declaration uses 'sorry'
warning: StrongPNT/PNT5_StrongPNT.lean:153:8: declaration uses 'sorry'
warning: StrongPNT/PNT5_StrongPNT.lean:159:8: declaration uses 'sorry'
warning: StrongPNT/PNT5_StrongPNT.lean:165:8: declaration uses 'sorry'
warning: StrongPNT/PNT5_StrongPNT.lean:171:8: declaration uses 'sorry'
warning: StrongPNT/PNT5_StrongPNT.lean:177:8: declaration uses 'sorry'
warning: StrongPNT/PNT5_StrongPNT.lean:183:8: declaration uses 'sorry'
warning: StrongPNT/PNT5_StrongPNT.lean:193:8: declaration uses 'sorry'
warning: StrongPNT/PNT5_StrongPNT.lean:203:8: declaration uses 'sorry'
warning: StrongPNT/PNT5_StrongPNT.lean:210:8: declaration uses 'sorry'
error: Lean exited with code 1
✖ [3166/3169] Building StrongPNT.PNT2_LogDerivative (9.3s)
trace: .> LEAN_PATH=/home/jovyan/pmt_claude/.lake/packages/Cli/.lake/build/lib/lean:/home/jovyan/pmt_claude/.lake/packages/batteries/.lake/build/lib/lean:/home/jovyan/pmt_claude/.lake/packages/Qq/.lake/build/lib/lean:/home/jovyan/pmt_claude/.lake/packages/aesop/.lake/build/lib/lean:/home/jovyan/pmt_claude/.lake/packages/proofwidgets/.lake/build/lib/lean:/home/jovyan/pmt_claude/.lake/packages/importGraph/.lake/build/lib/lean:/home/jovyan/pmt_claude/.lake/packages/LeanSearchClient/.lake/build/lib/lean:/home/jovyan/pmt_claude/.lake/packages/plausible/.lake/build/lib/lean:/home/jovyan/pmt_claude/.lake/packages/mathlib/.lake/build/lib/lean:/home/jovyan/pmt_claude/.lake/build/lib/lean /home/jovyan/.elan/toolchains/leanprover--lean4---v4.24.0-rc1/bin/lean /home/jovyan/pmt_claude/StrongPNT/PNT2_LogDerivative.lean -o /home/jovyan/pmt_claude/.lake/build/lib/lean/StrongPNT/PNT2_LogDerivative.olean -i /home/jovyan/pmt_claude/.lake/build/lib/lean/StrongPNT/PNT2_LogDerivative.ilean -c /home/jovyan/pmt_claude/.lake/build/ir/StrongPNT/PNT2_LogDerivative.c --setup /home/jovyan/pmt_claude/.lake/build/ir/StrongPNT/PNT2_LogDerivative.setup.json --json
warning: StrongPNT/PNT2_LogDerivative.lean:88:54: unused variable `hR`

Note: This linter can be disabled with `set_option linter.unusedVariables false`
warning: StrongPNT/PNT2_LogDerivative.lean:107:30: unused variable `hR`

Note: This linter can be disabled with `set_option linter.unusedVariables false`
warning: StrongPNT/PNT2_LogDerivative.lean:108:17: unused variable `hf`

Note: This linter can be disabled with `set_option linter.unusedVariables false`
warning: StrongPNT/PNT2_LogDerivative.lean:108:57: unused variable `hf0`

Note: This linter can be disabled with `set_option linter.unusedVariables false`
warning: StrongPNT/PNT2_LogDerivative.lean:109:13: unused variable `hρ`

Note: This linter can be disabled with `set_option linter.unusedVariables false`
warning: StrongPNT/PNT2_LogDerivative.lean:123:34: unused variable `hR`

Note: This linter can be disabled with `set_option linter.unusedVariables false`
warning: StrongPNT/PNT2_LogDerivative.lean:123:47: unused variable `hR₁`

Note: This linter can be disabled with `set_option linter.unusedVariables false`
warning: StrongPNT/PNT2_LogDerivative.lean:130:31: unused variable `hS`

Note: This linter can be disabled with `set_option linter.unusedVariables false`
warning: StrongPNT/PNT2_LogDerivative.lean:130:55: unused variable `hw`

Note: This linter can be disabled with `set_option linter.unusedVariables false`
warning: StrongPNT/PNT2_LogDerivative.lean:166:34: unused variable `hR`

Note: This linter can be disabled with `set_option linter.unusedVariables false`
warning: StrongPNT/PNT2_LogDerivative.lean:168:20: unused variable `hS`

Note: This linter can be disabled with `set_option linter.unusedVariables false`
warning: StrongPNT/PNT2_LogDerivative.lean:189:6: declaration uses 'sorry'
warning: StrongPNT/PNT2_LogDerivative.lean:197:34: unused variable `hR`

Note: This linter can be disabled with `set_option linter.unusedVariables false`
warning: StrongPNT/PNT2_LogDerivative.lean:197:55: unused variable `hR₁`

Note: This linter can be disabled with `set_option linter.unusedVariables false`
warning: StrongPNT/PNT2_LogDerivative.lean:198:17: unused variable `hf`

Note: This linter can be disabled with `set_option linter.unusedVariables false`
warning: StrongPNT/PNT2_LogDerivative.lean:198:57: unused variable `hf0`

Note: This linter can be disabled with `set_option linter.unusedVariables false`
warning: StrongPNT/PNT2_LogDerivative.lean:203:6: declaration uses 'sorry'
warning: StrongPNT/PNT2_LogDerivative.lean:211:6: declaration uses 'sorry'
warning: StrongPNT/PNT2_LogDerivative.lean:218:6: declaration uses 'sorry'
warning: StrongPNT/PNT2_LogDerivative.lean:225:6: declaration uses 'sorry'
warning: StrongPNT/PNT2_LogDerivative.lean:245:6: declaration uses 'sorry'
warning: StrongPNT/PNT2_LogDerivative.lean:252:6: declaration uses 'sorry'
warning: StrongPNT/PNT2_LogDerivative.lean:263:48: unused variable `hR`

Note: This linter can be disabled with `set_option linter.unusedVariables false`
warning: StrongPNT/PNT2_LogDerivative.lean:264:5: unused variable `hR₁`

Note: This linter can be disabled with `set_option linter.unusedVariables false`
warning: StrongPNT/PNT2_LogDerivative.lean:264:40: unused variable `hf`

Note: This linter can be disabled with `set_option linter.unusedVariables false`
warning: StrongPNT/PNT2_LogDerivative.lean:265:5: unused variable `hf0`

Note: This linter can be disabled with `set_option linter.unusedVariables false`
warning: StrongPNT/PNT2_LogDerivative.lean:265:29: unused variable `hρ`

Note: This linter can be disabled with `set_option linter.unusedVariables false`
warning: StrongPNT/PNT2_LogDerivative.lean:265:57: unused variable `hz`

Note: This linter can be disabled with `set_option linter.unusedVariables false`
warning: StrongPNT/PNT2_LogDerivative.lean:287:4: try 'simp' instead of 'simpa'

Note: This linter can be disabled with `set_option linter.unnecessarySimpa false`
warning: StrongPNT/PNT2_LogDerivative.lean:298:8: try 'simp' instead of 'simpa'

Note: This linter can be disabled with `set_option linter.unnecessarySimpa false`
warning: StrongPNT/PNT2_LogDerivative.lean:276:34: unused variable `hR`

Note: This linter can be disabled with `set_option linter.unusedVariables false`
warning: StrongPNT/PNT2_LogDerivative.lean:276:55: unused variable `hR₁`

Note: This linter can be disabled with `set_option linter.unusedVariables false`
warning: StrongPNT/PNT2_LogDerivative.lean:277:17: unused variable `hf`

Note: This linter can be disabled with `set_option linter.unusedVariables false`
warning: StrongPNT/PNT2_LogDerivative.lean:277:57: unused variable `hf0`

Note: This linter can be disabled with `set_option linter.unusedVariables false`
warning: StrongPNT/PNT2_LogDerivative.lean:279:13: unused variable `hz`

Note: This linter can be disabled with `set_option linter.unusedVariables false`
warning: StrongPNT/PNT2_LogDerivative.lean:320:47: unused variable `hz`

Note: This linter can be disabled with `set_option linter.unusedVariables false`
warning: StrongPNT/PNT2_LogDerivative.lean:328:29: unused variable `hR`

Note: This linter can be disabled with `set_option linter.unusedVariables false`
warning: StrongPNT/PNT2_LogDerivative.lean:328:50: unused variable `hR₁`

Note: This linter can be disabled with `set_option linter.unusedVariables false`
warning: StrongPNT/PNT2_LogDerivative.lean:329:17: unused variable `hf`

Note: This linter can be disabled with `set_option linter.unusedVariables false`
warning: StrongPNT/PNT2_LogDerivative.lean:329:57: unused variable `hf0`

Note: This linter can be disabled with `set_option linter.unusedVariables false`
warning: StrongPNT/PNT2_LogDerivative.lean:330:47: unused variable `hz`

Note: This linter can be disabled with `set_option linter.unusedVariables false`
warning: StrongPNT/PNT2_LogDerivative.lean:337:33: unused variable `hR`

Note: This linter can be disabled with `set_option linter.unusedVariables false`
warning: StrongPNT/PNT2_LogDerivative.lean:337:54: unused variable `hR₁`

Note: This linter can be disabled with `set_option linter.unusedVariables false`
warning: StrongPNT/PNT2_LogDerivative.lean:338:17: unused variable `hf`

Note: This linter can be disabled with `set_option linter.unusedVariables false`
warning: StrongPNT/PNT2_LogDerivative.lean:338:57: unused variable `hf0`

Note: This linter can be disabled with `set_option linter.unusedVariables false`
warning: StrongPNT/PNT2_LogDerivative.lean:339:59: unused variable `hz`

Note: This linter can be disabled with `set_option linter.unusedVariables false`
error: StrongPNT/PNT2_LogDerivative.lean:357:2: Tactic `simp` failed with a nested error:
maximum recursion depth has been reached
use `set_option maxRecDepth <num>` to increase limit
use `set_option diagnostics true` to get diagnostic information
warning: StrongPNT/PNT2_LogDerivative.lean:380:35: unused variable `hR₁`

Note: This linter can be disabled with `set_option linter.unusedVariables false`
warning: StrongPNT/PNT2_LogDerivative.lean:449:31: unused variable `hR`

Note: This linter can be disabled with `set_option linter.unusedVariables false`
warning: StrongPNT/PNT2_LogDerivative.lean:449:52: unused variable `hR₁`

Note: This linter can be disabled with `set_option linter.unusedVariables false`
warning: StrongPNT/PNT2_LogDerivative.lean:450:17: unused variable `hf`

Note: This linter can be disabled with `set_option linter.unusedVariables false`
warning: StrongPNT/PNT2_LogDerivative.lean:464:6: declaration uses 'sorry'
warning: StrongPNT/PNT2_LogDerivative.lean:472:32: unused variable `h`

Note: This linter can be disabled with `set_option linter.unusedVariables false`
warning: StrongPNT/PNT2_LogDerivative.lean:481:43: unused variable `h`

Note: This linter can be disabled with `set_option linter.unusedVariables false`
warning: StrongPNT/PNT2_LogDerivative.lean:483:8: This simp argument is unused:
  norm_div

Hint: Omit it from the simp argument list.
  simp [̵n̵o̵r̵m̵_̵d̵i̵v̵,̵ ̵n̵o̵r̵m̵_̵n̵e̵g̵]̵[̲n̲o̲r̲m̲_̲n̲e̲g̲]̲

Note: This linter can be disabled with `set_option linter.unusedSimpArgs false`
warning: StrongPNT/PNT2_LogDerivative.lean:486:6: declaration uses 'sorry'
warning: StrongPNT/PNT2_LogDerivative.lean:498:6: declaration uses 'sorry'
warning: StrongPNT/PNT2_LogDerivative.lean:523:53: unused variable `hn`

Note: This linter can be disabled with `set_option linter.unusedVariables false`
warning: StrongPNT/PNT2_LogDerivative.lean:532:31: unused variable `ρ`

Note: This linter can be disabled with `set_option linter.unusedVariables false`
warning: StrongPNT/PNT2_LogDerivative.lean:543:48: unused variable `ρ`

Note: This linter can be disabled with `set_option linter.unusedVariables false`
warning: StrongPNT/PNT2_LogDerivative.lean:554:40: unused variable `hR`

Note: This linter can be disabled with `set_option linter.unusedVariables false`
warning: StrongPNT/PNT2_LogDerivative.lean:554:61: unused variable `hR₁`

Note: This linter can be disabled with `set_option linter.unusedVariables false`
warning: StrongPNT/PNT2_LogDerivative.lean:555:17: unused variable `hf`

Note: This linter can be disabled with `set_option linter.unusedVariables false`
warning: StrongPNT/PNT2_LogDerivative.lean:555:57: unused variable `hf0`

Note: This linter can be disabled with `set_option linter.unusedVariables false`
warning: StrongPNT/PNT2_LogDerivative.lean:566:6: declaration uses 'sorry'
warning: StrongPNT/PNT2_LogDerivative.lean:573:6: declaration uses 'sorry'
warning: StrongPNT/PNT2_LogDerivative.lean:580:6: declaration uses 'sorry'
warning: StrongPNT/PNT2_LogDerivative.lean:589:6: declaration uses 'sorry'
warning: StrongPNT/PNT2_LogDerivative.lean:598:6: declaration uses 'sorry'
warning: StrongPNT/PNT2_LogDerivative.lean:606:6: declaration uses 'sorry'
warning: StrongPNT/PNT2_LogDerivative.lean:614:6: declaration uses 'sorry'
warning: StrongPNT/PNT2_LogDerivative.lean:622:6: declaration uses 'sorry'
warning: StrongPNT/PNT2_LogDerivative.lean:651:4: try 'simp' instead of 'simpa'

Note: This linter can be disabled with `set_option linter.unnecessarySimpa false`
warning: StrongPNT/PNT2_LogDerivative.lean:661:6: declaration uses 'sorry'
warning: StrongPNT/PNT2_LogDerivative.lean:674:34: unused variable `hR`

Note: This linter can be disabled with `set_option linter.unusedVariables false`
warning: StrongPNT/PNT2_LogDerivative.lean:674:55: unused variable `hR₁`

Note: This linter can be disabled with `set_option linter.unusedVariables false`
warning: StrongPNT/PNT2_LogDerivative.lean:675:17: unused variable `hf`

Note: This linter can be disabled with `set_option linter.unusedVariables false`
warning: StrongPNT/PNT2_LogDerivative.lean:677:6: unused variable `ρ`

Note: This linter can be disabled with `set_option linter.unusedVariables false`
warning: StrongPNT/PNT2_LogDerivative.lean:688:6: declaration uses 'sorry'
error: Lean exited with code 1
✖ [3167/3169] Building StrongPNT.PNT1_ComplexAnalysis (17s)
trace: .> LEAN_PATH=/home/jovyan/pmt_claude/.lake/packages/Cli/.lake/build/lib/lean:/home/jovyan/pmt_claude/.lake/packages/batteries/.lake/build/lib/lean:/home/jovyan/pmt_claude/.lake/packages/Qq/.lake/build/lib/lean:/home/jovyan/pmt_claude/.lake/packages/aesop/.lake/build/lib/lean:/home/jovyan/pmt_claude/.lake/packages/proofwidgets/.lake/build/lib/lean:/home/jovyan/pmt_claude/.lake/packages/importGraph/.lake/build/lib/lean:/home/jovyan/pmt_claude/.lake/packages/LeanSearchClient/.lake/build/lib/lean:/home/jovyan/pmt_claude/.lake/packages/plausible/.lake/build/lib/lean:/home/jovyan/pmt_claude/.lake/packages/mathlib/.lake/build/lib/lean:/home/jovyan/pmt_claude/.lake/build/lib/lean /home/jovyan/.elan/toolchains/leanprover--lean4---v4.24.0-rc1/bin/lean /home/jovyan/pmt_claude/StrongPNT/PNT1_ComplexAnalysis.lean -o /home/jovyan/pmt_claude/.lake/build/lib/lean/StrongPNT/PNT1_ComplexAnalysis.olean -i /home/jovyan/pmt_claude/.lake/build/lib/lean/StrongPNT/PNT1_ComplexAnalysis.ilean -c /home/jovyan/pmt_claude/.lake/build/ir/StrongPNT/PNT1_ComplexAnalysis.c --setup /home/jovyan/pmt_claude/.lake/build/ir/StrongPNT/PNT1_ComplexAnalysis.setup.json --json
warning: StrongPNT/PNT1_ComplexAnalysis.lean:346:64: unused variable `hR`

Note: This linter can be disabled with `set_option linter.unusedVariables false`
warning: StrongPNT/PNT1_ComplexAnalysis.lean:376:51: unused variable `hr`

Note: This linter can be disabled with `set_option linter.unusedVariables false`
warning: StrongPNT/PNT1_ComplexAnalysis.lean:376:77: unused variable `hM`

Note: This linter can be disabled with `set_option linter.unusedVariables false`
warning: StrongPNT/PNT1_ComplexAnalysis.lean:397:25: unused variable `n`

Note: This linter can be disabled with `set_option linter.unusedVariables false`
warning: StrongPNT/PNT1_ComplexAnalysis.lean:446:34: unused variable `hR`

Note: This linter can be disabled with `set_option linter.unusedVariables false`
error: StrongPNT/PNT1_ComplexAnalysis.lean:548:10: Invalid projection: Expected a value whose type is a structure
  hw
has type
  Real.le✝ ‖w‖ R
warning: StrongPNT/PNT1_ComplexAnalysis.lean:568:27: unused variable `hR`

Note: This linter can be disabled with `set_option linter.unusedVariables false`
warning: StrongPNT/PNT1_ComplexAnalysis.lean:572:30: unused variable `hR`

Note: This linter can be disabled with `set_option linter.unusedVariables false`
warning: StrongPNT/PNT1_ComplexAnalysis.lean:577:28: unused variable `hR`

Note: This linter can be disabled with `set_option linter.unusedVariables false`
warning: StrongPNT/PNT1_ComplexAnalysis.lean:599:52: unused variable `hR`

Note: This linter can be disabled with `set_option linter.unusedVariables false`
warning: StrongPNT/PNT1_ComplexAnalysis.lean:628:51: unused variable `hR`

Note: This linter can be disabled with `set_option linter.unusedVariables false`
warning: StrongPNT/PNT1_ComplexAnalysis.lean:649:6: declaration uses 'sorry'
error: StrongPNT/PNT1_ComplexAnalysis.lean:762:12: Tactic `rewrite` failed: Did not find an occurrence of the pattern
  {z | ‖z‖ < R}
in the target expression
  w ∈ Metric.ball 0 R

f : ℂ → ℂ
R : ℝ
hR : 0 < R
hf : AnalyticOn ℂ f {z | ‖z‖ ≤ R}
z₀ : ℂ
hz₀_max : ∀ w ∈ {z | ‖z‖ ≤ R}, ‖f z₀‖ ≥ ‖f w‖
hz₀_in : ‖z₀‖ < R
hclos : {z | ‖z‖ ≤ R} = closure {z | ‖z‖ < R}
hcompact : IsCompact {z | ‖z‖ ≤ R}
hdiff : DifferentiableOn ℂ f {z | ‖z‖ ≤ R}
h_open : {z | ‖z‖ < R} = Metric.ball 0 R
h_closed : {z | ‖z‖ ≤ R} = Metric.closedBall 0 R
hcont : ContinuousOn f (Metric.closedBall 0 R)
hconn : IsPreconnected (Metric.closedBall 0 R)
hz₀_ball : z₀ ∈ Metric.ball 0 R
hmax : IsMaxOn (Norm.norm ∘ f) (Metric.closedBall 0 R) z₀
hconn_open : IsPreconnected (Metric.ball 0 R)
z : ℂ
hz : z ∈ {z | ‖z‖ < R}
this : z ∈ {z | ‖z‖ ≤ R}
w : ℂ
hw : w ∈ Metric.ball 0 R
⊢ w ∈ insert z {z | ‖z‖ ≤ R}
error: StrongPNT/PNT1_ComplexAnalysis.lean:785:39: Application type mismatch: The argument
  hz
has type
  z ∈ {z | ‖z‖ ≤ R}
but is expected to have type
  z ∈ Metric.closedBall 0 R
in the application
  hcont z hz
error: StrongPNT/PNT1_ComplexAnalysis.lean:787:8: Invalid rewrite argument: Expected an equality or iff proof or definition name, but `tendsto_const_nhds
  ?a✝` is a proof of
  ?U ∈ map (fun x ↦ ?m.566) ?m.567
warning: StrongPNT/PNT1_ComplexAnalysis.lean:801:6: declaration uses 'sorry'
error: StrongPNT/PNT1_ComplexAnalysis.lean:833:11: Type mismatch
  M + 1
has type
  ℝ
of sort `outParam Type` but is expected to have type
  range f ⊆ Metric.ball ?m.58 0
of sort `Prop`
warning: StrongPNT/PNT1_ComplexAnalysis.lean:848:6: declaration uses 'sorry'
warning: StrongPNT/PNT1_ComplexAnalysis.lean:861:6: declaration uses 'sorry'
error: StrongPNT/PNT1_ComplexAnalysis.lean:891:8: Type mismatch
  hx
has type
  ‖x‖ ≤ 1
but is expected to have type
  x = w ∨ ‖x‖ ≤ 1
error: StrongPNT/PNT1_ComplexAnalysis.lean:919:8: Type mismatch
  le_of_lt hx
has type
  ‖x‖ ≤ 1
but is expected to have type
  x ∈ insert w {z | ‖z‖ ≤ 1}
error: StrongPNT/PNT1_ComplexAnalysis.lean:924:44: Application type mismatch: The argument
  ?m.346
has type
  1 < 2
but is expected to have type
  1 < 1
in the application
  lt_of_le_of_lt (hfbound w this) ?m.346
warning: StrongPNT/PNT1_ComplexAnalysis.lean:928:6: declaration uses 'sorry'
error: StrongPNT/PNT1_ComplexAnalysis.lean:952:61: Application type mismatch: The argument
  h
has type
  ∀ x ∈ uIcc a b, ‖f ↑x‖ ≤ M
but is expected to have type
  ∀ x ∈ uIoc ?m.74 ?m.75, ‖?m.77 x‖ ≤ ?m.76
in the application
  intervalIntegral.norm_integral_le_of_norm_le_const h
error: StrongPNT/PNT1_ComplexAnalysis.lean:961:2: No goals to be solved
warning: StrongPNT/PNT1_ComplexAnalysis.lean:964:6: declaration uses 'sorry'
warning: StrongPNT/PNT1_ComplexAnalysis.lean:976:6: declaration uses 'sorry'
warning: StrongPNT/PNT1_ComplexAnalysis.lean:985:6: declaration uses 'sorry'
warning: StrongPNT/PNT1_ComplexAnalysis.lean:996:6: declaration uses 'sorry'
warning: StrongPNT/PNT1_ComplexAnalysis.lean:1006:6: declaration uses 'sorry'
warning: StrongPNT/PNT1_ComplexAnalysis.lean:1015:6: declaration uses 'sorry'
error: StrongPNT/PNT1_ComplexAnalysis.lean:1026:25: Tactic `rewrite` failed: Did not find an occurrence of the pattern
  |R|
in the target expression
  ‖R‖ ≤ R

R : ℝ
hR : R > 0
⊢ ‖R‖ ≤ R
warning: StrongPNT/PNT1_ComplexAnalysis.lean:1028:32: unused variable `hR`

Note: This linter can be disabled with `set_option linter.unusedVariables false`
warning: StrongPNT/PNT1_ComplexAnalysis.lean:1032:50: This simp argument is unused:
  dist_comm

Hint: Omit it from the simp argument list.
  simp only [Metric.closedBall, Set.mem_setOf_eq, dist_c̵o̵m̵m̵,̵ ̵d̵i̵s̵t̵_̵zero_right]

Note: This linter can be disabled with `set_option linter.unusedSimpArgs false`
warning: StrongPNT/PNT1_ComplexAnalysis.lean:1051:31: unused variable `hR`

Note: This linter can be disabled with `set_option linter.unusedVariables false`
error: StrongPNT/PNT1_ComplexAnalysis.lean:1098:73: Type mismatch
  le_of_lt ?m.243
has type
  ?m.241 ≤ ?m.242
but is expected to have type
  Classical.choose hw ∈ {z | ‖z‖ ≤ R}
error: StrongPNT/PNT1_ComplexAnalysis.lean:1101:16: Type mismatch
  hw_max v hv_int
has type
  ‖h v‖ ≤ ‖h (Classical.choose hw)‖
but is expected to have type
  ‖h (Classical.choose hw)‖ ≤ ‖h v‖
error: StrongPNT/PNT1_ComplexAnalysis.lean:1103:75: Type mismatch
  le_of_lt ?m.274
has type
  ?m.272 ≤ ?m.273
but is expected to have type
  Classical.choose hw ∈ {z | ‖z‖ ≤ R}
error: StrongPNT/PNT1_ComplexAnalysis.lean:1113:40: Application type mismatch: The argument
  le_of_lt ?m.294
has type
  ?m.292 ≤ ?m.293
but is expected to have type
  Classical.choose hw ∈ {z | ‖z‖ ≤ R}
in the application
  hc (Classical.choose hw) (le_of_lt ?m.294)
warning: StrongPNT/PNT1_ComplexAnalysis.lean:1132:6: declaration uses 'sorry'
warning: StrongPNT/PNT1_ComplexAnalysis.lean:1188:55: unused variable `hB`

Note: This linter can be disabled with `set_option linter.unusedVariables false`
warning: StrongPNT/PNT1_ComplexAnalysis.lean:1209:30: unused variable `hR`

Note: This linter can be disabled with `set_option linter.unusedVariables false`
warning: StrongPNT/PNT1_ComplexAnalysis.lean:1209:54: unused variable `hB`

Note: This linter can be disabled with `set_option linter.unusedVariables false`
warning: StrongPNT/PNT1_ComplexAnalysis.lean:1210:5: unused variable `hh`

Note: This linter can be disabled with `set_option linter.unusedVariables false`
warning: StrongPNT/PNT1_ComplexAnalysis.lean:1225:44: unused variable `hR`

Note: This linter can be disabled with `set_option linter.unusedVariables false`
warning: StrongPNT/PNT1_ComplexAnalysis.lean:1227:5: unused variable `hf`

Note: This linter can be disabled with `set_option linter.unusedVariables false`
warning: StrongPNT/PNT1_ComplexAnalysis.lean:1235:40: unused variable `hR`

Note: This linter can be disabled with `set_option linter.unusedVariables false`
warning: StrongPNT/PNT1_ComplexAnalysis.lean:1237:5: unused variable `hf`

Note: This linter can be disabled with `set_option linter.unusedVariables false`
warning: StrongPNT/PNT1_ComplexAnalysis.lean:1243:6: declaration uses 'sorry'
warning: StrongPNT/PNT1_ComplexAnalysis.lean:1264:40: unused variable `hR`

Note: This linter can be disabled with `set_option linter.unusedVariables false`
warning: StrongPNT/PNT1_ComplexAnalysis.lean:1275:23: unused variable `R`

Note: This linter can be disabled with `set_option linter.unusedVariables false`
warning: StrongPNT/PNT1_ComplexAnalysis.lean:1295:33: unused variable `hb`

Note: This linter can be disabled with `set_option linter.unusedVariables false`
warning: StrongPNT/PNT1_ComplexAnalysis.lean:1296:8: This simp argument is unused:
  norm_div

Hint: Omit it from the simp argument list.
  simp ̵[̵n̵o̵r̵m̵_̵d̵i̵v̵]̵

Note: This linter can be disabled with `set_option linter.unusedSimpArgs false`
warning: StrongPNT/PNT1_ComplexAnalysis.lean:1300:5: unused variable `hf0`

Note: This linter can be disabled with `set_option linter.unusedVariables false`
warning: StrongPNT/PNT1_ComplexAnalysis.lean:1308:27: unused variable `hT`

Note: This linter can be disabled with `set_option linter.unusedVariables false`
warning: StrongPNT/PNT1_ComplexAnalysis.lean:1310:8: This simp argument is unused:
  norm_div

Hint: Omit it from the simp argument list.
  simp [n̵o̵r̵m̵_̵d̵i̵v̵,̵ ̵hz]

Note: This linter can be disabled with `set_option linter.unusedSimpArgs false`
warning: StrongPNT/PNT1_ComplexAnalysis.lean:1382:34: unused variable `ha`

Note: This linter can be disabled with `set_option linter.unusedVariables false`
error: StrongPNT/PNT1_ComplexAnalysis.lean:1466:2: Tactic `apply` failed: could not unify the conclusion of `@iSup_le`
  @iSup ?α ?ι CompleteLattice.toCompleteSemilatticeSup.toSupSet ?f ≤ ?a
with the goal
  ⨆ z, ‖f ↑z‖ ≤ 2 * r / (R - r) * M

Note: The full type of `@iSup_le` is
  ∀ {α : Type ?u.91918} {ι : Sort ?u.91917} [inst : CompleteLattice α] {f : ι → α} {a : α},
    (∀ (i : ι), f i ≤ a) → iSup f ≤ a

R M r : ℝ
hR : R > 0
hM : M > 0
hr : 0 < r
hrR : r < R
f : ℂ → ℂ
hf : AnalyticOn ℂ f {z | ‖z‖ ≤ R}
hf0 : f 0 = 0
hfRe : ∀ (z : ℂ), ‖z‖ ≤ R → (f z).re ≤ M
⊢ ⨆ z, ‖f ↑z‖ ≤ 2 * r / (R - r) * M
warning: StrongPNT/PNT1_ComplexAnalysis.lean:1475:8: declaration uses 'sorry'
warning: StrongPNT/PNT1_ComplexAnalysis.lean:1485:31: `differentiableAt_id'` has been deprecated: Use `differentiableAt_fun_id` instead
error: StrongPNT/PNT1_ComplexAnalysis.lean:1485:6: Tactic `rewrite` failed: Did not find an occurrence of the pattern
  deriv (fun y ↦ ↑r' * y) ?m.42
in the target expression
  deriv (fun t ↦ ↑r' * cexp (I * t)) ↑t = I * ↑r' * cexp (I * ↑t)

r' t : ℝ
⊢ deriv (fun t ↦ ↑r' * cexp (I * t)) ↑t = I * ↑r' * cexp (I * ↑t)
warning: StrongPNT/PNT1_ComplexAnalysis.lean:1498:6: declaration uses 'sorry'
warning: StrongPNT/PNT1_ComplexAnalysis.lean:1506:6: declaration uses 'sorry'
warning: StrongPNT/PNT1_ComplexAnalysis.lean:1523:23: unused variable `hg`

Note: This linter can be disabled with `set_option linter.unusedVariables false`
error: StrongPNT/PNT1_ComplexAnalysis.lean:1534:2: (deterministic) timeout at `isDefEq`, maximum number of heartbeats (200000) has been reached

Note: Use `set_option maxHeartbeats <num>` to set the limit.

Hint: Additional diagnostic information may be available using the `set_option diagnostics true` command.
warning: StrongPNT/PNT1_ComplexAnalysis.lean:1575:12: This simp argument is unused:
  norm_mul

Hint: Omit it from the simp argument list.
  simp [sq,̵ ̵n̵o̵r̵m̵_̵m̵u̵l̵]

Note: This linter can be disabled with `set_option linter.unusedSimpArgs false`
warning: StrongPNT/PNT1_ComplexAnalysis.lean:1587:50: unused variable `hr`

Note: This linter can be disabled with `set_option linter.unusedVariables false`
warning: StrongPNT/PNT1_ComplexAnalysis.lean:1587:63: unused variable `hrr'`

Note: This linter can be disabled with `set_option linter.unusedVariables false`
warning: StrongPNT/PNT1_ComplexAnalysis.lean:1587:79: unused variable `hr'R`

Note: This linter can be disabled with `set_option linter.unusedVariables false`
warning: StrongPNT/PNT1_ComplexAnalysis.lean:1600:29: unused variable `hr`

Note: This linter can be disabled with `set_option linter.unusedVariables false`
warning: StrongPNT/PNT1_ComplexAnalysis.lean:1600:58: unused variable `hr'R`

Note: This linter can be disabled with `set_option linter.unusedVariables false`
warning: StrongPNT/PNT1_ComplexAnalysis.lean:1631:37: unused variable `hr`

Note: This linter can be disabled with `set_option linter.unusedVariables false`
warning: StrongPNT/PNT1_ComplexAnalysis.lean:1631:50: unused variable `hrr'`

Note: This linter can be disabled with `set_option linter.unusedVariables false`
warning: StrongPNT/PNT1_ComplexAnalysis.lean:1631:66: unused variable `hr'R`

Note: This linter can be disabled with `set_option linter.unusedVariables false`
warning: StrongPNT/PNT1_ComplexAnalysis.lean:1631:96: unused variable `hz`

Note: This linter can be disabled with `set_option linter.unusedVariables false`
warning: StrongPNT/PNT1_ComplexAnalysis.lean:1661:34: unused variable `hb`

Note: This linter can be disabled with `set_option linter.unusedVariables false`
warning: StrongPNT/PNT1_ComplexAnalysis.lean:1666:29: unused variable `hf`

Note: This linter can be disabled with `set_option linter.unusedVariables false`
warning: StrongPNT/PNT1_ComplexAnalysis.lean:1693:29: unused variable `hf`

Note: This linter can be disabled with `set_option linter.unusedVariables false`
error: StrongPNT/PNT1_ComplexAnalysis.lean:1732:15: Unknown constant `Complex.norm_eq_abs`
error: StrongPNT/PNT1_ComplexAnalysis.lean:1732:36: Unknown constant `Complex.abs_ofReal`
error: StrongPNT/PNT1_ComplexAnalysis.lean:1726:68: unsolved goals
M R r' : ℝ
hM : 0 < M
hR : 0 < R
hr' : 0 < r'
hr'R : r' < R
f : ℂ → ℂ
hf : AnalyticOn ℂ f {z | ‖z‖ ≤ R}
hf0 : f 0 = 0
hRe : ∀ (z : ℂ), ‖z‖ ≤ R → (f z).re ≤ M
t : ℝ
hexp : ‖cexp (I * ↑t)‖ = 1
⊢ ‖↑r'‖ = r'
warning: StrongPNT/PNT1_ComplexAnalysis.lean:1732:56: This simp argument is unused:
  abs_of_pos hr'

Hint: Omit it from the simp argument list.
  simp only [Complex.norm_eq_abs, Complex.abs_ofReal, a̵b̵s̵_̵o̵f̵_̵p̵o̵s̵ ̵h̵r̵'̵,̵ ̵mul_one]

Note: This linter can be disabled with `set_option linter.unusedSimpArgs false`
warning: StrongPNT/PNT1_ComplexAnalysis.lean:1769:25: unused variable `t`

Note: This linter can be disabled with `set_option linter.unusedVariables false`
error: StrongPNT/PNT1_ComplexAnalysis.lean:1791:86: Unknown identifier `τ`
warning: StrongPNT/PNT1_ComplexAnalysis.lean:1798:28: unused variable `t`

Note: This linter can be disabled with `set_option linter.unusedVariables false`
warning: StrongPNT/PNT1_ComplexAnalysis.lean:1803:47: unused variable `t`

Note: This linter can be disabled with `set_option linter.unusedVariables false`
warning: StrongPNT/PNT1_ComplexAnalysis.lean:1861:50: unused variable `hr`

Note: This linter can be disabled with `set_option linter.unusedVariables false`
warning: StrongPNT/PNT1_ComplexAnalysis.lean:1861:63: unused variable `hR`

Note: This linter can be disabled with `set_option linter.unusedVariables false`
warning: StrongPNT/PNT1_ComplexAnalysis.lean:1865:13: This simp argument is unused:
  show (r + R) / 2 = (r + R) / 2 from rfl

Hint: Omit it from the simp argument list.
  simp only ̵[̵s̵h̵o̵w̵ ̵(̵r̵ ̵+̵ ̵R̵)̵ ̵/̵ ̵2̵ ̵=̵ ̵(̵r̵ ̵+̵ ̵R̵)̵ ̵/̵ ̵2̵ ̵f̵r̵o̵m̵ ̵r̵f̵l̵]̵

Note: This linter can be disabled with `set_option linter.unusedSimpArgs false`
warning: StrongPNT/PNT1_ComplexAnalysis.lean:1876:66: unused variable `hR`

Note: This linter can be disabled with `set_option linter.unusedVariables false`
warning: StrongPNT/PNT1_ComplexAnalysis.lean:1881:51: unused variable `hr`

Note: This linter can be disabled with `set_option linter.unusedVariables false`
warning: StrongPNT/PNT1_ComplexAnalysis.lean:1881:64: unused variable `hR`

Note: This linter can be disabled with `set_option linter.unusedVariables false`
warning: StrongPNT/PNT1_ComplexAnalysis.lean:1885:13: This simp argument is unused:
  show (r + R) / 2 = (r + R) / 2 from rfl

Hint: Omit it from the simp argument list.
  simp only ̵[̵s̵h̵o̵w̵ ̵(̵r̵ ̵+̵ ̵R̵)̵ ̵/̵ ̵2̵ ̵=̵ ̵(̵r̵ ̵+̵ ̵R̵)̵ ̵/̵ ̵2̵ ̵f̵r̵o̵m̵ ̵r̵f̵l̵]̵

Note: This linter can be disabled with `set_option linter.unusedSimpArgs false`
warning: StrongPNT/PNT1_ComplexAnalysis.lean:1967:41: unused variable `hR`

Note: This linter can be disabled with `set_option linter.unusedVariables false`
warning: StrongPNT/PNT1_ComplexAnalysis.lean:1967:54: unused variable `hRR0`

Note: This linter can be disabled with `set_option linter.unusedVariables false`
warning: StrongPNT/PNT1_ComplexAnalysis.lean:1967:71: unused variable `hR01`

Note: This linter can be disabled with `set_option linter.unusedVariables false`
warning: StrongPNT/PNT1_ComplexAnalysis.lean:1968:29: unused variable `hf`

Note: This linter can be disabled with `set_option linter.unusedVariables false`
error: Lean exited with code 1
Some required targets logged failures:
- StrongPNT.PNT5_StrongPNT
- StrongPNT.PNT2_LogDerivative
- StrongPNT.PNT1_ComplexAnalysis
error: build failed
⚠ [3164/3169] Built StrongPNT.PNT3_RiemannZeta (4.1s)
warning: StrongPNT/PNT3_RiemannZeta.lean:54:6: declaration uses 'sorry'
warning: StrongPNT/PNT3_RiemannZeta.lean:66:6: declaration uses 'sorry'
warning: StrongPNT/PNT3_RiemannZeta.lean:141:6: declaration uses 'sorry'
warning: StrongPNT/PNT3_RiemannZeta.lean:215:6: declaration uses 'sorry'
warning: StrongPNT/PNT3_RiemannZeta.lean:222:6: declaration uses 'sorry'
warning: StrongPNT/PNT3_RiemannZeta.lean:379:6: declaration uses 'sorry'
warning: StrongPNT/PNT3_RiemannZeta.lean:385:6: declaration uses 'sorry'
warning: StrongPNT/PNT3_RiemannZeta.lean:400:6: declaration uses 'sorry'
warning: StrongPNT/PNT3_RiemannZeta.lean:405:6: declaration uses 'sorry'
warning: StrongPNT/PNT3_RiemannZeta.lean:426:6: declaration uses 'sorry'
warning: StrongPNT/PNT3_RiemannZeta.lean:439:8: declaration uses 'sorry'
warning: StrongPNT/PNT3_RiemannZeta.lean:444:6: declaration uses 'sorry'
warning: StrongPNT/PNT3_RiemannZeta.lean:453:6: declaration uses 'sorry'
warning: StrongPNT/PNT3_RiemannZeta.lean:457:8: declaration uses 'sorry'
warning: StrongPNT/PNT3_RiemannZeta.lean:462:8: declaration uses 'sorry'
warning: StrongPNT/PNT3_RiemannZeta.lean:468:8: declaration uses 'sorry'
warning: StrongPNT/PNT3_RiemannZeta.lean:483:6: declaration uses 'sorry'
warning: StrongPNT/PNT3_RiemannZeta.lean:486:6: declaration uses 'sorry'
warning: StrongPNT/PNT3_RiemannZeta.lean:490:6: declaration uses 'sorry'
warning: StrongPNT/PNT3_RiemannZeta.lean:500:4: unused variable `expansion_error`

Note: This linter can be disabled with `set_option linter.unusedVariables false`
warning: StrongPNT/PNT3_RiemannZeta.lean:533:8: declaration uses 'sorry'
warning: StrongPNT/PNT3_RiemannZeta.lean:537:8: declaration uses 'sorry'
warning: StrongPNT/PNT3_RiemannZeta.lean:545:8: declaration uses 'sorry'
warning: StrongPNT/PNT3_RiemannZeta.lean:553:8: declaration uses 'sorry'
warning: StrongPNT/PNT3_RiemannZeta.lean:558:8: declaration uses 'sorry'
warning: StrongPNT/PNT3_RiemannZeta.lean:563:8: declaration uses 'sorry'
warning: StrongPNT/PNT3_RiemannZeta.lean:569:8: declaration uses 'sorry'
✖ [3165/3169] Building StrongPNT.PNT5_StrongPNT (3.5s)
trace: .> LEAN_PATH=/home/jovyan/pmt_claude/.lake/packages/Cli/.lake/build/lib/lean:/home/jovyan/pmt_claude/.lake/packages/batteries/.lake/build/lib/lean:/home/jovyan/pmt_claude/.lake/packages/Qq/.lake/build/lib/lean:/home/jovyan/pmt_claude/.lake/packages/aesop/.lake/build/lib/lean:/home/jovyan/pmt_claude/.lake/packages/proofwidgets/.lake/build/lib/lean:/home/jovyan/pmt_claude/.lake/packages/importGraph/.lake/build/lib/lean:/home/jovyan/pmt_claude/.lake/packages/LeanSearchClient/.lake/build/lib/lean:/home/jovyan/pmt_claude/.lake/packages/plausible/.lake/build/lib/lean:/home/jovyan/pmt_claude/.lake/packages/mathlib/.lake/build/lib/lean:/home/jovyan/pmt_claude/.lake/build/lib/lean /home/jovyan/.elan/toolchains/leanprover--lean4---v4.24.0-rc1/bin/lean /home/jovyan/pmt_claude/StrongPNT/PNT5_StrongPNT.lean -o /home/jovyan/pmt_claude/.lake/build/lib/lean/StrongPNT/PNT5_StrongPNT.olean -i /home/jovyan/pmt_claude/.lake/build/lib/lean/StrongPNT/PNT5_StrongPNT.ilean -c /home/jovyan/pmt_claude/.lake/build/ir/StrongPNT/PNT5_StrongPNT.c --setup /home/jovyan/pmt_claude/.lake/build/ir/StrongPNT/PNT5_StrongPNT.setup.json --json
error: StrongPNT/PNT5_StrongPNT.lean:70:10: Tactic `rewrite` failed: Did not find an occurrence of the pattern
  ∀ᵐ (x : ?m.322) ∂Measure.restrict ?m.319 (Set.Ioc ?m.328 ?m.329), ?m.321 x
in the target expression
  0 ≤ᶠ[ae (volume.restrict (Set.Ioc 2 x))] fun t ↦ 1 / Real.log t

x : ℝ
hx : 2 < x
hfi : IntervalIntegrable (fun t ↦ 1 / Real.log t) volume 2 x
hpos : ∀ t ∈ Set.Ioo 2 x, 0 < 1 / Real.log t
hxle : 2 ≤ x
⊢ 0 ≤ᶠ[ae (volume.restrict (Set.Ioc 2 x))] fun t ↦ 1 / Real.log t
error: StrongPNT/PNT5_StrongPNT.lean:76:27: Unknown identifier `support`
error: StrongPNT/PNT5_StrongPNT.lean:78:7: Unknown identifier `MeasureTheory.integral_pos_iff_support_of_nonneg_ae'`
error: StrongPNT/PNT5_StrongPNT.lean:83:34: Unknown identifier `support`
error: StrongPNT/PNT5_StrongPNT.lean:88:10: Unknown identifier `support`
error: StrongPNT/PNT5_StrongPNT.lean:90:23: Unknown identifier `Ioo_subset_Ioc_self`
error: StrongPNT/PNT5_StrongPNT.lean:93:14: Unknown identifier `mem_support.mpr`
error: StrongPNT/PNT5_StrongPNT.lean:95:12: Function expected at
  (Measure.measure_Ioo_pos volume).mpr hx
but this term has type
  0 < volume (Set.Ioo 2 x)

Note: Expected a function because this term is being applied to the argument
  .trans_le
warning: StrongPNT/PNT5_StrongPNT.lean:112:8: declaration uses 'sorry'
warning: StrongPNT/PNT5_StrongPNT.lean:122:8: declaration uses 'sorry'
warning: StrongPNT/PNT5_StrongPNT.lean:127:8: declaration uses 'sorry'
warning: StrongPNT/PNT5_StrongPNT.lean:143:8: declaration uses 'sorry'
warning: StrongPNT/PNT5_StrongPNT.lean:151:8: declaration uses 'sorry'
warning: StrongPNT/PNT5_StrongPNT.lean:157:8: declaration uses 'sorry'
warning: StrongPNT/PNT5_StrongPNT.lean:163:8: declaration uses 'sorry'
warning: StrongPNT/PNT5_StrongPNT.lean:168:8: declaration uses 'sorry'
warning: StrongPNT/PNT5_StrongPNT.lean:173:8: declaration uses 'sorry'
warning: StrongPNT/PNT5_StrongPNT.lean:183:8: declaration uses 'sorry'
warning: StrongPNT/PNT5_StrongPNT.lean:188:8: declaration uses 'sorry'
warning: StrongPNT/PNT5_StrongPNT.lean:194:8: declaration uses 'sorry'
warning: StrongPNT/PNT5_StrongPNT.lean:200:8: declaration uses 'sorry'
warning: StrongPNT/PNT5_StrongPNT.lean:206:8: declaration uses 'sorry'
warning: StrongPNT/PNT5_StrongPNT.lean:212:8: declaration uses 'sorry'
warning: StrongPNT/PNT5_StrongPNT.lean:218:8: declaration uses 'sorry'
warning: StrongPNT/PNT5_StrongPNT.lean:228:8: declaration uses 'sorry'
warning: StrongPNT/PNT5_StrongPNT.lean:238:8: declaration uses 'sorry'
warning: StrongPNT/PNT5_StrongPNT.lean:245:8: declaration uses 'sorry'
error: Lean exited with code 1
✖ [3166/3169] Building StrongPNT.PNT2_LogDerivative (9.3s)
trace: .> LEAN_PATH=/home/jovyan/pmt_claude/.lake/packages/Cli/.lake/build/lib/lean:/home/jovyan/pmt_claude/.lake/packages/batteries/.lake/build/lib/lean:/home/jovyan/pmt_claude/.lake/packages/Qq/.lake/build/lib/lean:/home/jovyan/pmt_claude/.lake/packages/aesop/.lake/build/lib/lean:/home/jovyan/pmt_claude/.lake/packages/proofwidgets/.lake/build/lib/lean:/home/jovyan/pmt_claude/.lake/packages/importGraph/.lake/build/lib/lean:/home/jovyan/pmt_claude/.lake/packages/LeanSearchClient/.lake/build/lib/lean:/home/jovyan/pmt_claude/.lake/packages/plausible/.lake/build/lib/lean:/home/jovyan/pmt_claude/.lake/packages/mathlib/.lake/build/lib/lean:/home/jovyan/pmt_claude/.lake/build/lib/lean /home/jovyan/.elan/toolchains/leanprover--lean4---v4.24.0-rc1/bin/lean /home/jovyan/pmt_claude/StrongPNT/PNT2_LogDerivative.lean -o /home/jovyan/pmt_claude/.lake/build/lib/lean/StrongPNT/PNT2_LogDerivative.olean -i /home/jovyan/pmt_claude/.lake/build/lib/lean/StrongPNT/PNT2_LogDerivative.ilean -c /home/jovyan/pmt_claude/.lake/build/ir/StrongPNT/PNT2_LogDerivative.c --setup /home/jovyan/pmt_claude/.lake/build/ir/StrongPNT/PNT2_LogDerivative.setup.json --json
warning: StrongPNT/PNT2_LogDerivative.lean:88:54: unused variable `hR`

Note: This linter can be disabled with `set_option linter.unusedVariables false`
warning: StrongPNT/PNT2_LogDerivative.lean:107:30: unused variable `hR`

Note: This linter can be disabled with `set_option linter.unusedVariables false`
warning: StrongPNT/PNT2_LogDerivative.lean:108:17: unused variable `hf`

Note: This linter can be disabled with `set_option linter.unusedVariables false`
warning: StrongPNT/PNT2_LogDerivative.lean:108:57: unused variable `hf0`

Note: This linter can be disabled with `set_option linter.unusedVariables false`
warning: StrongPNT/PNT2_LogDerivative.lean:109:13: unused variable `hρ`

Note: This linter can be disabled with `set_option linter.unusedVariables false`
warning: StrongPNT/PNT2_LogDerivative.lean:123:34: unused variable `hR`

Note: This linter can be disabled with `set_option linter.unusedVariables false`
warning: StrongPNT/PNT2_LogDerivative.lean:123:47: unused variable `hR₁`

Note: This linter can be disabled with `set_option linter.unusedVariables false`
warning: StrongPNT/PNT2_LogDerivative.lean:130:31: unused variable `hS`

Note: This linter can be disabled with `set_option linter.unusedVariables false`
warning: StrongPNT/PNT2_LogDerivative.lean:130:55: unused variable `hw`

Note: This linter can be disabled with `set_option linter.unusedVariables false`
warning: StrongPNT/PNT2_LogDerivative.lean:166:34: unused variable `hR`

Note: This linter can be disabled with `set_option linter.unusedVariables false`
warning: StrongPNT/PNT2_LogDerivative.lean:168:20: unused variable `hS`

Note: This linter can be disabled with `set_option linter.unusedVariables false`
warning: StrongPNT/PNT2_LogDerivative.lean:189:6: declaration uses 'sorry'
warning: StrongPNT/PNT2_LogDerivative.lean:197:34: unused variable `hR`

Note: This linter can be disabled with `set_option linter.unusedVariables false`
warning: StrongPNT/PNT2_LogDerivative.lean:197:55: unused variable `hR₁`

Note: This linter can be disabled with `set_option linter.unusedVariables false`
warning: StrongPNT/PNT2_LogDerivative.lean:198:17: unused variable `hf`

Note: This linter can be disabled with `set_option linter.unusedVariables false`
warning: StrongPNT/PNT2_LogDerivative.lean:198:57: unused variable `hf0`

Note: This linter can be disabled with `set_option linter.unusedVariables false`
warning: StrongPNT/PNT2_LogDerivative.lean:203:6: declaration uses 'sorry'
warning: StrongPNT/PNT2_LogDerivative.lean:211:6: declaration uses 'sorry'
warning: StrongPNT/PNT2_LogDerivative.lean:218:6: declaration uses 'sorry'
warning: StrongPNT/PNT2_LogDerivative.lean:225:6: declaration uses 'sorry'
warning: StrongPNT/PNT2_LogDerivative.lean:245:6: declaration uses 'sorry'
warning: StrongPNT/PNT2_LogDerivative.lean:252:6: declaration uses 'sorry'
warning: StrongPNT/PNT2_LogDerivative.lean:263:48: unused variable `hR`

Note: This linter can be disabled with `set_option linter.unusedVariables false`
warning: StrongPNT/PNT2_LogDerivative.lean:264:5: unused variable `hR₁`

Note: This linter can be disabled with `set_option linter.unusedVariables false`
warning: StrongPNT/PNT2_LogDerivative.lean:264:40: unused variable `hf`

Note: This linter can be disabled with `set_option linter.unusedVariables false`
warning: StrongPNT/PNT2_LogDerivative.lean:265:5: unused variable `hf0`

Note: This linter can be disabled with `set_option linter.unusedVariables false`
warning: StrongPNT/PNT2_LogDerivative.lean:265:29: unused variable `hρ`

Note: This linter can be disabled with `set_option linter.unusedVariables false`
warning: StrongPNT/PNT2_LogDerivative.lean:265:57: unused variable `hz`

Note: This linter can be disabled with `set_option linter.unusedVariables false`
warning: StrongPNT/PNT2_LogDerivative.lean:287:4: try 'simp' instead of 'simpa'

Note: This linter can be disabled with `set_option linter.unnecessarySimpa false`
warning: StrongPNT/PNT2_LogDerivative.lean:298:8: try 'simp' instead of 'simpa'

Note: This linter can be disabled with `set_option linter.unnecessarySimpa false`
warning: StrongPNT/PNT2_LogDerivative.lean:276:34: unused variable `hR`

Note: This linter can be disabled with `set_option linter.unusedVariables false`
warning: StrongPNT/PNT2_LogDerivative.lean:276:55: unused variable `hR₁`

Note: This linter can be disabled with `set_option linter.unusedVariables false`
warning: StrongPNT/PNT2_LogDerivative.lean:277:17: unused variable `hf`

Note: This linter can be disabled with `set_option linter.unusedVariables false`
warning: StrongPNT/PNT2_LogDerivative.lean:277:57: unused variable `hf0`

Note: This linter can be disabled with `set_option linter.unusedVariables false`
warning: StrongPNT/PNT2_LogDerivative.lean:279:13: unused variable `hz`

Note: This linter can be disabled with `set_option linter.unusedVariables false`
warning: StrongPNT/PNT2_LogDerivative.lean:320:47: unused variable `hz`

Note: This linter can be disabled with `set_option linter.unusedVariables false`
warning: StrongPNT/PNT2_LogDerivative.lean:328:29: unused variable `hR`

Note: This linter can be disabled with `set_option linter.unusedVariables false`
warning: StrongPNT/PNT2_LogDerivative.lean:328:50: unused variable `hR₁`

Note: This linter can be disabled with `set_option linter.unusedVariables false`
warning: StrongPNT/PNT2_LogDerivative.lean:329:17: unused variable `hf`

Note: This linter can be disabled with `set_option linter.unusedVariables false`
warning: StrongPNT/PNT2_LogDerivative.lean:329:57: unused variable `hf0`

Note: This linter can be disabled with `set_option linter.unusedVariables false`
warning: StrongPNT/PNT2_LogDerivative.lean:330:47: unused variable `hz`

Note: This linter can be disabled with `set_option linter.unusedVariables false`
warning: StrongPNT/PNT2_LogDerivative.lean:337:33: unused variable `hR`

Note: This linter can be disabled with `set_option linter.unusedVariables false`
warning: StrongPNT/PNT2_LogDerivative.lean:337:54: unused variable `hR₁`

Note: This linter can be disabled with `set_option linter.unusedVariables false`
warning: StrongPNT/PNT2_LogDerivative.lean:338:17: unused variable `hf`

Note: This linter can be disabled with `set_option linter.unusedVariables false`
warning: StrongPNT/PNT2_LogDerivative.lean:338:57: unused variable `hf0`

Note: This linter can be disabled with `set_option linter.unusedVariables false`
warning: StrongPNT/PNT2_LogDerivative.lean:339:59: unused variable `hz`

Note: This linter can be disabled with `set_option linter.unusedVariables false`
error: StrongPNT/PNT2_LogDerivative.lean:357:2: Tactic `simp` failed with a nested error:
maximum recursion depth has been reached
use `set_option maxRecDepth <num>` to increase limit
use `set_option diagnostics true` to get diagnostic information
warning: StrongPNT/PNT2_LogDerivative.lean:380:35: unused variable `hR₁`

Note: This linter can be disabled with `set_option linter.unusedVariables false`
warning: StrongPNT/PNT2_LogDerivative.lean:449:31: unused variable `hR`

Note: This linter can be disabled with `set_option linter.unusedVariables false`
warning: StrongPNT/PNT2_LogDerivative.lean:449:52: unused variable `hR₁`

Note: This linter can be disabled with `set_option linter.unusedVariables false`
warning: StrongPNT/PNT2_LogDerivative.lean:450:17: unused variable `hf`

Note: This linter can be disabled with `set_option linter.unusedVariables false`
warning: StrongPNT/PNT2_LogDerivative.lean:464:6: declaration uses 'sorry'
warning: StrongPNT/PNT2_LogDerivative.lean:472:32: unused variable `h`

Note: This linter can be disabled with `set_option linter.unusedVariables false`
warning: StrongPNT/PNT2_LogDerivative.lean:481:43: unused variable `h`

Note: This linter can be disabled with `set_option linter.unusedVariables false`
warning: StrongPNT/PNT2_LogDerivative.lean:483:8: This simp argument is unused:
  norm_div

Hint: Omit it from the simp argument list.
  simp [̵n̵o̵r̵m̵_̵d̵i̵v̵,̵ ̵n̵o̵r̵m̵_̵n̵e̵g̵]̵[̲n̲o̲r̲m̲_̲n̲e̲g̲]̲

Note: This linter can be disabled with `set_option linter.unusedSimpArgs false`
warning: StrongPNT/PNT2_LogDerivative.lean:486:6: declaration uses 'sorry'
warning: StrongPNT/PNT2_LogDerivative.lean:498:6: declaration uses 'sorry'
warning: StrongPNT/PNT2_LogDerivative.lean:523:53: unused variable `hn`

Note: This linter can be disabled with `set_option linter.unusedVariables false`
warning: StrongPNT/PNT2_LogDerivative.lean:532:31: unused variable `ρ`

Note: This linter can be disabled with `set_option linter.unusedVariables false`
warning: StrongPNT/PNT2_LogDerivative.lean:543:48: unused variable `ρ`

Note: This linter can be disabled with `set_option linter.unusedVariables false`
warning: StrongPNT/PNT2_LogDerivative.lean:554:40: unused variable `hR`

Note: This linter can be disabled with `set_option linter.unusedVariables false`
warning: StrongPNT/PNT2_LogDerivative.lean:554:61: unused variable `hR₁`

Note: This linter can be disabled with `set_option linter.unusedVariables false`
warning: StrongPNT/PNT2_LogDerivative.lean:555:17: unused variable `hf`

Note: This linter can be disabled with `set_option linter.unusedVariables false`
warning: StrongPNT/PNT2_LogDerivative.lean:555:57: unused variable `hf0`

Note: This linter can be disabled with `set_option linter.unusedVariables false`
warning: StrongPNT/PNT2_LogDerivative.lean:566:6: declaration uses 'sorry'
warning: StrongPNT/PNT2_LogDerivative.lean:573:6: declaration uses 'sorry'
warning: StrongPNT/PNT2_LogDerivative.lean:580:6: declaration uses 'sorry'
warning: StrongPNT/PNT2_LogDerivative.lean:589:6: declaration uses 'sorry'
warning: StrongPNT/PNT2_LogDerivative.lean:598:6: declaration uses 'sorry'
warning: StrongPNT/PNT2_LogDerivative.lean:606:6: declaration uses 'sorry'
warning: StrongPNT/PNT2_LogDerivative.lean:614:6: declaration uses 'sorry'
warning: StrongPNT/PNT2_LogDerivative.lean:622:6: declaration uses 'sorry'
warning: StrongPNT/PNT2_LogDerivative.lean:651:4: try 'simp' instead of 'simpa'

Note: This linter can be disabled with `set_option linter.unnecessarySimpa false`
warning: StrongPNT/PNT2_LogDerivative.lean:661:6: declaration uses 'sorry'
warning: StrongPNT/PNT2_LogDerivative.lean:674:34: unused variable `hR`

Note: This linter can be disabled with `set_option linter.unusedVariables false`
warning: StrongPNT/PNT2_LogDerivative.lean:674:55: unused variable `hR₁`

Note: This linter can be disabled with `set_option linter.unusedVariables false`
warning: StrongPNT/PNT2_LogDerivative.lean:675:17: unused variable `hf`

Note: This linter can be disabled with `set_option linter.unusedVariables false`
warning: StrongPNT/PNT2_LogDerivative.lean:677:6: unused variable `ρ`

Note: This linter can be disabled with `set_option linter.unusedVariables false`
warning: StrongPNT/PNT2_LogDerivative.lean:688:6: declaration uses 'sorry'
error: Lean exited with code 1
✖ [3167/3169] Building StrongPNT.PNT1_ComplexAnalysis (17s)
trace: .> LEAN_PATH=/home/jovyan/pmt_claude/.lake/packages/Cli/.lake/build/lib/lean:/home/jovyan/pmt_claude/.lake/packages/batteries/.lake/build/lib/lean:/home/jovyan/pmt_claude/.lake/packages/Qq/.lake/build/lib/lean:/home/jovyan/pmt_claude/.lake/packages/aesop/.lake/build/lib/lean:/home/jovyan/pmt_claude/.lake/packages/proofwidgets/.lake/build/lib/lean:/home/jovyan/pmt_claude/.lake/packages/importGraph/.lake/build/lib/lean:/home/jovyan/pmt_claude/.lake/packages/LeanSearchClient/.lake/build/lib/lean:/home/jovyan/pmt_claude/.lake/packages/plausible/.lake/build/lib/lean:/home/jovyan/pmt_claude/.lake/packages/mathlib/.lake/build/lib/lean:/home/jovyan/pmt_claude/.lake/build/lib/lean /home/jovyan/.elan/toolchains/leanprover--lean4---v4.24.0-rc1/bin/lean /home/jovyan/pmt_claude/StrongPNT/PNT1_ComplexAnalysis.lean -o /home/jovyan/pmt_claude/.lake/build/lib/lean/StrongPNT/PNT1_ComplexAnalysis.olean -i /home/jovyan/pmt_claude/.lake/build/lib/lean/StrongPNT/PNT1_ComplexAnalysis.ilean -c /home/jovyan/pmt_claude/.lake/build/ir/StrongPNT/PNT1_ComplexAnalysis.c --setup /home/jovyan/pmt_claude/.lake/build/ir/StrongPNT/PNT1_ComplexAnalysis.setup.json --json
warning: StrongPNT/PNT1_ComplexAnalysis.lean:346:64: unused variable `hR`

Note: This linter can be disabled with `set_option linter.unusedVariables false`
warning: StrongPNT/PNT1_ComplexAnalysis.lean:376:51: unused variable `hr`

Note: This linter can be disabled with `set_option linter.unusedVariables false`
warning: StrongPNT/PNT1_ComplexAnalysis.lean:376:77: unused variable `hM`

Note: This linter can be disabled with `set_option linter.unusedVariables false`
warning: StrongPNT/PNT1_ComplexAnalysis.lean:397:25: unused variable `n`

Note: This linter can be disabled with `set_option linter.unusedVariables false`
warning: StrongPNT/PNT1_ComplexAnalysis.lean:446:34: unused variable `hR`

Note: This linter can be disabled with `set_option linter.unusedVariables false`
error: StrongPNT/PNT1_ComplexAnalysis.lean:548:10: Invalid projection: Expected a value whose type is a structure
  hw
has type
  Real.le✝ ‖w‖ R
warning: StrongPNT/PNT1_ComplexAnalysis.lean:568:27: unused variable `hR`

Note: This linter can be disabled with `set_option linter.unusedVariables false`
warning: StrongPNT/PNT1_ComplexAnalysis.lean:572:30: unused variable `hR`

Note: This linter can be disabled with `set_option linter.unusedVariables false`
warning: StrongPNT/PNT1_ComplexAnalysis.lean:577:28: unused variable `hR`

Note: This linter can be disabled with `set_option linter.unusedVariables false`
warning: StrongPNT/PNT1_ComplexAnalysis.lean:599:52: unused variable `hR`

Note: This linter can be disabled with `set_option linter.unusedVariables false`
warning: StrongPNT/PNT1_ComplexAnalysis.lean:628:51: unused variable `hR`

Note: This linter can be disabled with `set_option linter.unusedVariables false`
warning: StrongPNT/PNT1_ComplexAnalysis.lean:649:6: declaration uses 'sorry'
error: StrongPNT/PNT1_ComplexAnalysis.lean:762:12: Tactic `rewrite` failed: Did not find an occurrence of the pattern
  {z | ‖z‖ < R}
in the target expression
  w ∈ Metric.ball 0 R

f : ℂ → ℂ
R : ℝ
hR : 0 < R
hf : AnalyticOn ℂ f {z | ‖z‖ ≤ R}
z₀ : ℂ
hz₀_max : ∀ w ∈ {z | ‖z‖ ≤ R}, ‖f z₀‖ ≥ ‖f w‖
hz₀_in : ‖z₀‖ < R
hclos : {z | ‖z‖ ≤ R} = closure {z | ‖z‖ < R}
hcompact : IsCompact {z | ‖z‖ ≤ R}
hdiff : DifferentiableOn ℂ f {z | ‖z‖ ≤ R}
h_open : {z | ‖z‖ < R} = Metric.ball 0 R
h_closed : {z | ‖z‖ ≤ R} = Metric.closedBall 0 R
hcont : ContinuousOn f (Metric.closedBall 0 R)
hconn : IsPreconnected (Metric.closedBall 0 R)
hz₀_ball : z₀ ∈ Metric.ball 0 R
hmax : IsMaxOn (Norm.norm ∘ f) (Metric.closedBall 0 R) z₀
hconn_open : IsPreconnected (Metric.ball 0 R)
z : ℂ
hz : z ∈ {z | ‖z‖ < R}
this : z ∈ {z | ‖z‖ ≤ R}
w : ℂ
hw : w ∈ Metric.ball 0 R
⊢ w ∈ insert z {z | ‖z‖ ≤ R}
error: StrongPNT/PNT1_ComplexAnalysis.lean:785:39: Application type mismatch: The argument
  hz
has type
  z ∈ {z | ‖z‖ ≤ R}
but is expected to have type
  z ∈ Metric.closedBall 0 R
in the application
  hcont z hz
error: StrongPNT/PNT1_ComplexAnalysis.lean:787:8: Invalid rewrite argument: Expected an equality or iff proof or definition name, but `tendsto_const_nhds
  ?a✝` is a proof of
  ?U ∈ map (fun x ↦ ?m.566) ?m.567
warning: StrongPNT/PNT1_ComplexAnalysis.lean:801:6: declaration uses 'sorry'
error: StrongPNT/PNT1_ComplexAnalysis.lean:833:11: Type mismatch
  M + 1
has type
  ℝ
of sort `outParam Type` but is expected to have type
  range f ⊆ Metric.ball ?m.58 0
of sort `Prop`
warning: StrongPNT/PNT1_ComplexAnalysis.lean:848:6: declaration uses 'sorry'
warning: StrongPNT/PNT1_ComplexAnalysis.lean:861:6: declaration uses 'sorry'
error: StrongPNT/PNT1_ComplexAnalysis.lean:891:8: Type mismatch
  hx
has type
  ‖x‖ ≤ 1
but is expected to have type
  x = w ∨ ‖x‖ ≤ 1
error: StrongPNT/PNT1_ComplexAnalysis.lean:919:8: Type mismatch
  le_of_lt hx
has type
  ‖x‖ ≤ 1
but is expected to have type
  x ∈ insert w {z | ‖z‖ ≤ 1}
error: StrongPNT/PNT1_ComplexAnalysis.lean:924:44: Application type mismatch: The argument
  ?m.346
has type
  1 < 2
but is expected to have type
  1 < 1
in the application
  lt_of_le_of_lt (hfbound w this) ?m.346
warning: StrongPNT/PNT1_ComplexAnalysis.lean:928:6: declaration uses 'sorry'
error: StrongPNT/PNT1_ComplexAnalysis.lean:952:61: Application type mismatch: The argument
  h
has type
  ∀ x ∈ uIcc a b, ‖f ↑x‖ ≤ M
but is expected to have type
  ∀ x ∈ uIoc ?m.74 ?m.75, ‖?m.77 x‖ ≤ ?m.76
in the application
  intervalIntegral.norm_integral_le_of_norm_le_const h
error: StrongPNT/PNT1_ComplexAnalysis.lean:961:2: No goals to be solved
warning: StrongPNT/PNT1_ComplexAnalysis.lean:964:6: declaration uses 'sorry'
warning: StrongPNT/PNT1_ComplexAnalysis.lean:976:6: declaration uses 'sorry'
warning: StrongPNT/PNT1_ComplexAnalysis.lean:985:6: declaration uses 'sorry'
warning: StrongPNT/PNT1_ComplexAnalysis.lean:996:6: declaration uses 'sorry'
warning: StrongPNT/PNT1_ComplexAnalysis.lean:1006:6: declaration uses 'sorry'
warning: StrongPNT/PNT1_ComplexAnalysis.lean:1015:6: declaration uses 'sorry'
error: StrongPNT/PNT1_ComplexAnalysis.lean:1026:25: Tactic `rewrite` failed: Did not find an occurrence of the pattern
  |R|
in the target expression
  ‖R‖ ≤ R

R : ℝ
hR : R > 0
⊢ ‖R‖ ≤ R
warning: StrongPNT/PNT1_ComplexAnalysis.lean:1028:32: unused variable `hR`

Note: This linter can be disabled with `set_option linter.unusedVariables false`
warning: StrongPNT/PNT1_ComplexAnalysis.lean:1032:50: This simp argument is unused:
  dist_comm

Hint: Omit it from the simp argument list.
  simp only [Metric.closedBall, Set.mem_setOf_eq, dist_c̵o̵m̵m̵,̵ ̵d̵i̵s̵t̵_̵zero_right]

Note: This linter can be disabled with `set_option linter.unusedSimpArgs false`
warning: StrongPNT/PNT1_ComplexAnalysis.lean:1051:31: unused variable `hR`

Note: This linter can be disabled with `set_option linter.unusedVariables false`
error: StrongPNT/PNT1_ComplexAnalysis.lean:1098:73: Type mismatch
  le_of_lt ?m.243
has type
  ?m.241 ≤ ?m.242
but is expected to have type
  Classical.choose hw ∈ {z | ‖z‖ ≤ R}
error: StrongPNT/PNT1_ComplexAnalysis.lean:1101:16: Type mismatch
  hw_max v hv_int
has type
  ‖h v‖ ≤ ‖h (Classical.choose hw)‖
but is expected to have type
  ‖h (Classical.choose hw)‖ ≤ ‖h v‖
error: StrongPNT/PNT1_ComplexAnalysis.lean:1103:75: Type mismatch
  le_of_lt ?m.274
has type
  ?m.272 ≤ ?m.273
but is expected to have type
  Classical.choose hw ∈ {z | ‖z‖ ≤ R}
error: StrongPNT/PNT1_ComplexAnalysis.lean:1113:40: Application type mismatch: The argument
  le_of_lt ?m.294
has type
  ?m.292 ≤ ?m.293
but is expected to have type
  Classical.choose hw ∈ {z | ‖z‖ ≤ R}
in the application
  hc (Classical.choose hw) (le_of_lt ?m.294)
warning: StrongPNT/PNT1_ComplexAnalysis.lean:1132:6: declaration uses 'sorry'
warning: StrongPNT/PNT1_ComplexAnalysis.lean:1188:55: unused variable `hB`

Note: This linter can be disabled with `set_option linter.unusedVariables false`
warning: StrongPNT/PNT1_ComplexAnalysis.lean:1209:30: unused variable `hR`

Note: This linter can be disabled with `set_option linter.unusedVariables false`
warning: StrongPNT/PNT1_ComplexAnalysis.lean:1209:54: unused variable `hB`

Note: This linter can be disabled with `set_option linter.unusedVariables false`
warning: StrongPNT/PNT1_ComplexAnalysis.lean:1210:5: unused variable `hh`

Note: This linter can be disabled with `set_option linter.unusedVariables false`
warning: StrongPNT/PNT1_ComplexAnalysis.lean:1225:44: unused variable `hR`

Note: This linter can be disabled with `set_option linter.unusedVariables false`
warning: StrongPNT/PNT1_ComplexAnalysis.lean:1227:5: unused variable `hf`

Note: This linter can be disabled with `set_option linter.unusedVariables false`
warning: StrongPNT/PNT1_ComplexAnalysis.lean:1235:40: unused variable `hR`

Note: This linter can be disabled with `set_option linter.unusedVariables false`
warning: StrongPNT/PNT1_ComplexAnalysis.lean:1237:5: unused variable `hf`

Note: This linter can be disabled with `set_option linter.unusedVariables false`
warning: StrongPNT/PNT1_ComplexAnalysis.lean:1243:6: declaration uses 'sorry'
warning: StrongPNT/PNT1_ComplexAnalysis.lean:1264:40: unused variable `hR`

Note: This linter can be disabled with `set_option linter.unusedVariables false`
warning: StrongPNT/PNT1_ComplexAnalysis.lean:1275:23: unused variable `R`

Note: This linter can be disabled with `set_option linter.unusedVariables false`
warning: StrongPNT/PNT1_ComplexAnalysis.lean:1295:33: unused variable `hb`

Note: This linter can be disabled with `set_option linter.unusedVariables false`
warning: StrongPNT/PNT1_ComplexAnalysis.lean:1296:8: This simp argument is unused:
  norm_div

Hint: Omit it from the simp argument list.
  simp ̵[̵n̵o̵r̵m̵_̵d̵i̵v̵]̵

Note: This linter can be disabled with `set_option linter.unusedSimpArgs false`
warning: StrongPNT/PNT1_ComplexAnalysis.lean:1300:5: unused variable `hf0`

Note: This linter can be disabled with `set_option linter.unusedVariables false`
warning: StrongPNT/PNT1_ComplexAnalysis.lean:1308:27: unused variable `hT`

Note: This linter can be disabled with `set_option linter.unusedVariables false`
warning: StrongPNT/PNT1_ComplexAnalysis.lean:1310:8: This simp argument is unused:
  norm_div

Hint: Omit it from the simp argument list.
  simp [n̵o̵r̵m̵_̵d̵i̵v̵,̵ ̵hz]

Note: This linter can be disabled with `set_option linter.unusedSimpArgs false`
warning: StrongPNT/PNT1_ComplexAnalysis.lean:1382:34: unused variable `ha`

Note: This linter can be disabled with `set_option linter.unusedVariables false`
error: StrongPNT/PNT1_ComplexAnalysis.lean:1466:2: Tactic `apply` failed: could not unify the conclusion of `@iSup_le`
  @iSup ?α ?ι CompleteLattice.toCompleteSemilatticeSup.toSupSet ?f ≤ ?a
with the goal
  ⨆ z, ‖f ↑z‖ ≤ 2 * r / (R - r) * M

Note: The full type of `@iSup_le` is
  ∀ {α : Type ?u.91918} {ι : Sort ?u.91917} [inst : CompleteLattice α] {f : ι → α} {a : α},
    (∀ (i : ι), f i ≤ a) → iSup f ≤ a

R M r : ℝ
hR : R > 0
hM : M > 0
hr : 0 < r
hrR : r < R
f : ℂ → ℂ
hf : AnalyticOn ℂ f {z | ‖z‖ ≤ R}
hf0 : f 0 = 0
hfRe : ∀ (z : ℂ), ‖z‖ ≤ R → (f z).re ≤ M
⊢ ⨆ z, ‖f ↑z‖ ≤ 2 * r / (R - r) * M
warning: StrongPNT/PNT1_ComplexAnalysis.lean:1475:8: declaration uses 'sorry'
warning: StrongPNT/PNT1_ComplexAnalysis.lean:1485:31: `differentiableAt_id'` has been deprecated: Use `differentiableAt_fun_id` instead
error: StrongPNT/PNT1_ComplexAnalysis.lean:1485:6: Tactic `rewrite` failed: Did not find an occurrence of the pattern
  deriv (fun y ↦ ↑r' * y) ?m.42
in the target expression
  deriv (fun t ↦ ↑r' * cexp (I * t)) ↑t = I * ↑r' * cexp (I * ↑t)

r' t : ℝ
⊢ deriv (fun t ↦ ↑r' * cexp (I * t)) ↑t = I * ↑r' * cexp (I * ↑t)
warning: StrongPNT/PNT1_ComplexAnalysis.lean:1498:6: declaration uses 'sorry'
warning: StrongPNT/PNT1_ComplexAnalysis.lean:1506:6: declaration uses 'sorry'
warning: StrongPNT/PNT1_ComplexAnalysis.lean:1523:23: unused variable `hg`

Note: This linter can be disabled with `set_option linter.unusedVariables false`
error: StrongPNT/PNT1_ComplexAnalysis.lean:1534:2: (deterministic) timeout at `isDefEq`, maximum number of heartbeats (200000) has been reached

Note: Use `set_option maxHeartbeats <num>` to set the limit.

Hint: Additional diagnostic information may be available using the `set_option diagnostics true` command.
warning: StrongPNT/PNT1_ComplexAnalysis.lean:1575:12: This simp argument is unused:
  norm_mul

Hint: Omit it from the simp argument list.
  simp [sq,̵ ̵n̵o̵r̵m̵_̵m̵u̵l̵]

Note: This linter can be disabled with `set_option linter.unusedSimpArgs false`
warning: StrongPNT/PNT1_ComplexAnalysis.lean:1587:50: unused variable `hr`

Note: This linter can be disabled with `set_option linter.unusedVariables false`
warning: StrongPNT/PNT1_ComplexAnalysis.lean:1587:63: unused variable `hrr'`

Note: This linter can be disabled with `set_option linter.unusedVariables false`
warning: StrongPNT/PNT1_ComplexAnalysis.lean:1587:79: unused variable `hr'R`

Note: This linter can be disabled with `set_option linter.unusedVariables false`
warning: StrongPNT/PNT1_ComplexAnalysis.lean:1600:29: unused variable `hr`

Note: This linter can be disabled with `set_option linter.unusedVariables false`
warning: StrongPNT/PNT1_ComplexAnalysis.lean:1600:58: unused variable `hr'R`

Note: This linter can be disabled with `set_option linter.unusedVariables false`
warning: StrongPNT/PNT1_ComplexAnalysis.lean:1631:37: unused variable `hr`

Note: This linter can be disabled with `set_option linter.unusedVariables false`
warning: StrongPNT/PNT1_ComplexAnalysis.lean:1631:50: unused variable `hrr'`

Note: This linter can be disabled with `set_option linter.unusedVariables false`
warning: StrongPNT/PNT1_ComplexAnalysis.lean:1631:66: unused variable `hr'R`

Note: This linter can be disabled with `set_option linter.unusedVariables false`
warning: StrongPNT/PNT1_ComplexAnalysis.lean:1631:96: unused variable `hz`

Note: This linter can be disabled with `set_option linter.unusedVariables false`
warning: StrongPNT/PNT1_ComplexAnalysis.lean:1661:34: unused variable `hb`

Note: This linter can be disabled with `set_option linter.unusedVariables false`
warning: StrongPNT/PNT1_ComplexAnalysis.lean:1666:29: unused variable `hf`

Note: This linter can be disabled with `set_option linter.unusedVariables false`
warning: StrongPNT/PNT1_ComplexAnalysis.lean:1693:29: unused variable `hf`

Note: This linter can be disabled with `set_option linter.unusedVariables false`
error: StrongPNT/PNT1_ComplexAnalysis.lean:1732:15: Unknown constant `Complex.norm_eq_abs`
error: StrongPNT/PNT1_ComplexAnalysis.lean:1732:36: Unknown constant `Complex.abs_ofReal`
error: StrongPNT/PNT1_ComplexAnalysis.lean:1726:68: unsolved goals
M R r' : ℝ
hM : 0 < M
hR : 0 < R
hr' : 0 < r'
hr'R : r' < R
f : ℂ → ℂ
hf : AnalyticOn ℂ f {z | ‖z‖ ≤ R}
hf0 : f 0 = 0
hRe : ∀ (z : ℂ), ‖z‖ ≤ R → (f z).re ≤ M
t : ℝ
hexp : ‖cexp (I * ↑t)‖ = 1
⊢ ‖↑r'‖ = r'
warning: StrongPNT/PNT1_ComplexAnalysis.lean:1732:56: This simp argument is unused:
  abs_of_pos hr'

Hint: Omit it from the simp argument list.
  simp only [Complex.norm_eq_abs, Complex.abs_ofReal, a̵b̵s̵_̵o̵f̵_̵p̵o̵s̵ ̵h̵r̵'̵,̵ ̵mul_one]

Note: This linter can be disabled with `set_option linter.unusedSimpArgs false`
warning: StrongPNT/PNT1_ComplexAnalysis.lean:1769:25: unused variable `t`

Note: This linter can be disabled with `set_option linter.unusedVariables false`
error: StrongPNT/PNT1_ComplexAnalysis.lean:1791:86: Unknown identifier `τ`
warning: StrongPNT/PNT1_ComplexAnalysis.lean:1798:28: unused variable `t`

Note: This linter can be disabled with `set_option linter.unusedVariables false`
warning: StrongPNT/PNT1_ComplexAnalysis.lean:1803:47: unused variable `t`

Note: This linter can be disabled with `set_option linter.unusedVariables false`
warning: StrongPNT/PNT1_ComplexAnalysis.lean:1861:50: unused variable `hr`

Note: This linter can be disabled with `set_option linter.unusedVariables false`
warning: StrongPNT/PNT1_ComplexAnalysis.lean:1861:63: unused variable `hR`

Note: This linter can be disabled with `set_option linter.unusedVariables false`
warning: StrongPNT/PNT1_ComplexAnalysis.lean:1865:13: This simp argument is unused:
  show (r + R) / 2 = (r + R) / 2 from rfl

Hint: Omit it from the simp argument list.
  simp only ̵[̵s̵h̵o̵w̵ ̵(̵r̵ ̵+̵ ̵R̵)̵ ̵/̵ ̵2̵ ̵=̵ ̵(̵r̵ ̵+̵ ̵R̵)̵ ̵/̵ ̵2̵ ̵f̵r̵o̵m̵ ̵r̵f̵l̵]̵

Note: This linter can be disabled with `set_option linter.unusedSimpArgs false`
warning: StrongPNT/PNT1_ComplexAnalysis.lean:1876:66: unused variable `hR`

Note: This linter can be disabled with `set_option linter.unusedVariables false`
warning: StrongPNT/PNT1_ComplexAnalysis.lean:1881:51: unused variable `hr`

Note: This linter can be disabled with `set_option linter.unusedVariables false`
warning: StrongPNT/PNT1_ComplexAnalysis.lean:1881:64: unused variable `hR`

Note: This linter can be disabled with `set_option linter.unusedVariables false`
warning: StrongPNT/PNT1_ComplexAnalysis.lean:1885:13: This simp argument is unused:
  show (r + R) / 2 = (r + R) / 2 from rfl

Hint: Omit it from the simp argument list.
  simp only ̵[̵s̵h̵o̵w̵ ̵(̵r̵ ̵+̵ ̵R̵)̵ ̵/̵ ̵2̵ ̵=̵ ̵(̵r̵ ̵+̵ ̵R̵)̵ ̵/̵ ̵2̵ ̵f̵r̵o̵m̵ ̵r̵f̵l̵]̵

Note: This linter can be disabled with `set_option linter.unusedSimpArgs false`
warning: StrongPNT/PNT1_ComplexAnalysis.lean:1967:41: unused variable `hR`

Note: This linter can be disabled with `set_option linter.unusedVariables false`
warning: StrongPNT/PNT1_ComplexAnalysis.lean:1967:54: unused variable `hRR0`

Note: This linter can be disabled with `set_option linter.unusedVariables false`
warning: StrongPNT/PNT1_ComplexAnalysis.lean:1967:71: unused variable `hR01`

Note: This linter can be disabled with `set_option linter.unusedVariables false`
warning: StrongPNT/PNT1_ComplexAnalysis.lean:1968:29: unused variable `hf`

Note: This linter can be disabled with `set_option linter.unusedVariables false`
error: Lean exited with code 1
Some required targets logged failures:
- StrongPNT.PNT5_StrongPNT
- StrongPNT.PNT2_LogDerivative
- StrongPNT.PNT1_ComplexAnalysis
error: build failed
⚠ [3160/3169] Replayed StrongPNT.PNT3_RiemannZeta
warning: StrongPNT/PNT3_RiemannZeta.lean:54:6: declaration uses 'sorry'
warning: StrongPNT/PNT3_RiemannZeta.lean:66:6: declaration uses 'sorry'
warning: StrongPNT/PNT3_RiemannZeta.lean:141:6: declaration uses 'sorry'
warning: StrongPNT/PNT3_RiemannZeta.lean:215:6: declaration uses 'sorry'
warning: StrongPNT/PNT3_RiemannZeta.lean:222:6: declaration uses 'sorry'
warning: StrongPNT/PNT3_RiemannZeta.lean:379:6: declaration uses 'sorry'
warning: StrongPNT/PNT3_RiemannZeta.lean:385:6: declaration uses 'sorry'
warning: StrongPNT/PNT3_RiemannZeta.lean:400:6: declaration uses 'sorry'
warning: StrongPNT/PNT3_RiemannZeta.lean:405:6: declaration uses 'sorry'
warning: StrongPNT/PNT3_RiemannZeta.lean:426:6: declaration uses 'sorry'
warning: StrongPNT/PNT3_RiemannZeta.lean:439:8: declaration uses 'sorry'
warning: StrongPNT/PNT3_RiemannZeta.lean:444:6: declaration uses 'sorry'
warning: StrongPNT/PNT3_RiemannZeta.lean:453:6: declaration uses 'sorry'
warning: StrongPNT/PNT3_RiemannZeta.lean:457:8: declaration uses 'sorry'
warning: StrongPNT/PNT3_RiemannZeta.lean:462:8: declaration uses 'sorry'
warning: StrongPNT/PNT3_RiemannZeta.lean:468:8: declaration uses 'sorry'
warning: StrongPNT/PNT3_RiemannZeta.lean:483:6: declaration uses 'sorry'
warning: StrongPNT/PNT3_RiemannZeta.lean:486:6: declaration uses 'sorry'
warning: StrongPNT/PNT3_RiemannZeta.lean:490:6: declaration uses 'sorry'
warning: StrongPNT/PNT3_RiemannZeta.lean:500:4: unused variable `expansion_error`

Note: This linter can be disabled with `set_option linter.unusedVariables false`
warning: StrongPNT/PNT3_RiemannZeta.lean:533:8: declaration uses 'sorry'
warning: StrongPNT/PNT3_RiemannZeta.lean:537:8: declaration uses 'sorry'
warning: StrongPNT/PNT3_RiemannZeta.lean:545:8: declaration uses 'sorry'
warning: StrongPNT/PNT3_RiemannZeta.lean:553:8: declaration uses 'sorry'
warning: StrongPNT/PNT3_RiemannZeta.lean:558:8: declaration uses 'sorry'
warning: StrongPNT/PNT3_RiemannZeta.lean:563:8: declaration uses 'sorry'
warning: StrongPNT/PNT3_RiemannZeta.lean:569:8: declaration uses 'sorry'
✖ [3165/3169] Building StrongPNT.PNT5_StrongPNT (3.5s)
trace: .> LEAN_PATH=/home/jovyan/pmt_claude/.lake/packages/Cli/.lake/build/lib/lean:/home/jovyan/pmt_claude/.lake/packages/batteries/.lake/build/lib/lean:/home/jovyan/pmt_claude/.lake/packages/Qq/.lake/build/lib/lean:/home/jovyan/pmt_claude/.lake/packages/aesop/.lake/build/lib/lean:/home/jovyan/pmt_claude/.lake/packages/proofwidgets/.lake/build/lib/lean:/home/jovyan/pmt_claude/.lake/packages/importGraph/.lake/build/lib/lean:/home/jovyan/pmt_claude/.lake/packages/LeanSearchClient/.lake/build/lib/lean:/home/jovyan/pmt_claude/.lake/packages/plausible/.lake/build/lib/lean:/home/jovyan/pmt_claude/.lake/packages/mathlib/.lake/build/lib/lean:/home/jovyan/pmt_claude/.lake/build/lib/lean /home/jovyan/.elan/toolchains/leanprover--lean4---v4.24.0-rc1/bin/lean /home/jovyan/pmt_claude/StrongPNT/PNT5_StrongPNT.lean -o /home/jovyan/pmt_claude/.lake/build/lib/lean/StrongPNT/PNT5_StrongPNT.olean -i /home/jovyan/pmt_claude/.lake/build/lib/lean/StrongPNT/PNT5_StrongPNT.ilean -c /home/jovyan/pmt_claude/.lake/build/ir/StrongPNT/PNT5_StrongPNT.c --setup /home/jovyan/pmt_claude/.lake/build/ir/StrongPNT/PNT5_StrongPNT.setup.json --json
error: StrongPNT/PNT5_StrongPNT.lean:78:7: Unknown identifier `MeasureTheory.integral_pos_iff_support_of_nonneg_ae'`
error: StrongPNT/PNT5_StrongPNT.lean:102:8: Invalid field `mpr`: The environment does not contain `Function.mpr`
  this.mp
has type
  0 < ∫ (t : ℝ) in 2..x, (fun t ↦ 1 / Real.log t) t →
    2 < x ∧ 0 < volume ((Function.support fun t ↦ 1 / Real.log t) ∩ Set.Ioc 2 x)
warning: StrongPNT/PNT5_StrongPNT.lean:117:8: declaration uses 'sorry'
warning: StrongPNT/PNT5_StrongPNT.lean:127:8: declaration uses 'sorry'
warning: StrongPNT/PNT5_StrongPNT.lean:132:8: declaration uses 'sorry'
warning: StrongPNT/PNT5_StrongPNT.lean:148:8: declaration uses 'sorry'
warning: StrongPNT/PNT5_StrongPNT.lean:156:8: declaration uses 'sorry'
warning: StrongPNT/PNT5_StrongPNT.lean:162:8: declaration uses 'sorry'
warning: StrongPNT/PNT5_StrongPNT.lean:168:8: declaration uses 'sorry'
warning: StrongPNT/PNT5_StrongPNT.lean:173:8: declaration uses 'sorry'
warning: StrongPNT/PNT5_StrongPNT.lean:178:8: declaration uses 'sorry'
warning: StrongPNT/PNT5_StrongPNT.lean:188:8: declaration uses 'sorry'
warning: StrongPNT/PNT5_StrongPNT.lean:193:8: declaration uses 'sorry'
warning: StrongPNT/PNT5_StrongPNT.lean:199:8: declaration uses 'sorry'
warning: StrongPNT/PNT5_StrongPNT.lean:205:8: declaration uses 'sorry'
warning: StrongPNT/PNT5_StrongPNT.lean:211:8: declaration uses 'sorry'
warning: StrongPNT/PNT5_StrongPNT.lean:217:8: declaration uses 'sorry'
warning: StrongPNT/PNT5_StrongPNT.lean:223:8: declaration uses 'sorry'
warning: StrongPNT/PNT5_StrongPNT.lean:233:8: declaration uses 'sorry'
warning: StrongPNT/PNT5_StrongPNT.lean:243:8: declaration uses 'sorry'
warning: StrongPNT/PNT5_StrongPNT.lean:250:8: declaration uses 'sorry'
error: Lean exited with code 1
✖ [3166/3169] Building StrongPNT.PNT2_LogDerivative (8.9s)
trace: .> LEAN_PATH=/home/jovyan/pmt_claude/.lake/packages/Cli/.lake/build/lib/lean:/home/jovyan/pmt_claude/.lake/packages/batteries/.lake/build/lib/lean:/home/jovyan/pmt_claude/.lake/packages/Qq/.lake/build/lib/lean:/home/jovyan/pmt_claude/.lake/packages/aesop/.lake/build/lib/lean:/home/jovyan/pmt_claude/.lake/packages/proofwidgets/.lake/build/lib/lean:/home/jovyan/pmt_claude/.lake/packages/importGraph/.lake/build/lib/lean:/home/jovyan/pmt_claude/.lake/packages/LeanSearchClient/.lake/build/lib/lean:/home/jovyan/pmt_claude/.lake/packages/plausible/.lake/build/lib/lean:/home/jovyan/pmt_claude/.lake/packages/mathlib/.lake/build/lib/lean:/home/jovyan/pmt_claude/.lake/build/lib/lean /home/jovyan/.elan/toolchains/leanprover--lean4---v4.24.0-rc1/bin/lean /home/jovyan/pmt_claude/StrongPNT/PNT2_LogDerivative.lean -o /home/jovyan/pmt_claude/.lake/build/lib/lean/StrongPNT/PNT2_LogDerivative.olean -i /home/jovyan/pmt_claude/.lake/build/lib/lean/StrongPNT/PNT2_LogDerivative.ilean -c /home/jovyan/pmt_claude/.lake/build/ir/StrongPNT/PNT2_LogDerivative.c --setup /home/jovyan/pmt_claude/.lake/build/ir/StrongPNT/PNT2_LogDerivative.setup.json --json
warning: StrongPNT/PNT2_LogDerivative.lean:88:54: unused variable `hR`

Note: This linter can be disabled with `set_option linter.unusedVariables false`
warning: StrongPNT/PNT2_LogDerivative.lean:107:30: unused variable `hR`

Note: This linter can be disabled with `set_option linter.unusedVariables false`
warning: StrongPNT/PNT2_LogDerivative.lean:108:17: unused variable `hf`

Note: This linter can be disabled with `set_option linter.unusedVariables false`
warning: StrongPNT/PNT2_LogDerivative.lean:108:57: unused variable `hf0`

Note: This linter can be disabled with `set_option linter.unusedVariables false`
warning: StrongPNT/PNT2_LogDerivative.lean:109:13: unused variable `hρ`

Note: This linter can be disabled with `set_option linter.unusedVariables false`
warning: StrongPNT/PNT2_LogDerivative.lean:123:34: unused variable `hR`

Note: This linter can be disabled with `set_option linter.unusedVariables false`
warning: StrongPNT/PNT2_LogDerivative.lean:123:47: unused variable `hR₁`

Note: This linter can be disabled with `set_option linter.unusedVariables false`
warning: StrongPNT/PNT2_LogDerivative.lean:130:31: unused variable `hS`

Note: This linter can be disabled with `set_option linter.unusedVariables false`
warning: StrongPNT/PNT2_LogDerivative.lean:130:55: unused variable `hw`

Note: This linter can be disabled with `set_option linter.unusedVariables false`
warning: StrongPNT/PNT2_LogDerivative.lean:166:34: unused variable `hR`

Note: This linter can be disabled with `set_option linter.unusedVariables false`
warning: StrongPNT/PNT2_LogDerivative.lean:168:20: unused variable `hS`

Note: This linter can be disabled with `set_option linter.unusedVariables false`
warning: StrongPNT/PNT2_LogDerivative.lean:189:6: declaration uses 'sorry'
warning: StrongPNT/PNT2_LogDerivative.lean:197:34: unused variable `hR`

Note: This linter can be disabled with `set_option linter.unusedVariables false`
warning: StrongPNT/PNT2_LogDerivative.lean:197:55: unused variable `hR₁`

Note: This linter can be disabled with `set_option linter.unusedVariables false`
warning: StrongPNT/PNT2_LogDerivative.lean:198:17: unused variable `hf`

Note: This linter can be disabled with `set_option linter.unusedVariables false`
warning: StrongPNT/PNT2_LogDerivative.lean:198:57: unused variable `hf0`

Note: This linter can be disabled with `set_option linter.unusedVariables false`
warning: StrongPNT/PNT2_LogDerivative.lean:203:6: declaration uses 'sorry'
warning: StrongPNT/PNT2_LogDerivative.lean:211:6: declaration uses 'sorry'
warning: StrongPNT/PNT2_LogDerivative.lean:218:6: declaration uses 'sorry'
warning: StrongPNT/PNT2_LogDerivative.lean:225:6: declaration uses 'sorry'
warning: StrongPNT/PNT2_LogDerivative.lean:245:6: declaration uses 'sorry'
warning: StrongPNT/PNT2_LogDerivative.lean:252:6: declaration uses 'sorry'
warning: StrongPNT/PNT2_LogDerivative.lean:263:48: unused variable `hR`

Note: This linter can be disabled with `set_option linter.unusedVariables false`
warning: StrongPNT/PNT2_LogDerivative.lean:264:5: unused variable `hR₁`

Note: This linter can be disabled with `set_option linter.unusedVariables false`
warning: StrongPNT/PNT2_LogDerivative.lean:264:40: unused variable `hf`

Note: This linter can be disabled with `set_option linter.unusedVariables false`
warning: StrongPNT/PNT2_LogDerivative.lean:265:5: unused variable `hf0`

Note: This linter can be disabled with `set_option linter.unusedVariables false`
warning: StrongPNT/PNT2_LogDerivative.lean:265:29: unused variable `hρ`

Note: This linter can be disabled with `set_option linter.unusedVariables false`
warning: StrongPNT/PNT2_LogDerivative.lean:265:57: unused variable `hz`

Note: This linter can be disabled with `set_option linter.unusedVariables false`
warning: StrongPNT/PNT2_LogDerivative.lean:287:4: try 'simp' instead of 'simpa'

Note: This linter can be disabled with `set_option linter.unnecessarySimpa false`
warning: StrongPNT/PNT2_LogDerivative.lean:298:8: try 'simp' instead of 'simpa'

Note: This linter can be disabled with `set_option linter.unnecessarySimpa false`
warning: StrongPNT/PNT2_LogDerivative.lean:276:34: unused variable `hR`

Note: This linter can be disabled with `set_option linter.unusedVariables false`
warning: StrongPNT/PNT2_LogDerivative.lean:276:55: unused variable `hR₁`

Note: This linter can be disabled with `set_option linter.unusedVariables false`
warning: StrongPNT/PNT2_LogDerivative.lean:277:17: unused variable `hf`

Note: This linter can be disabled with `set_option linter.unusedVariables false`
warning: StrongPNT/PNT2_LogDerivative.lean:277:57: unused variable `hf0`

Note: This linter can be disabled with `set_option linter.unusedVariables false`
warning: StrongPNT/PNT2_LogDerivative.lean:279:13: unused variable `hz`

Note: This linter can be disabled with `set_option linter.unusedVariables false`
warning: StrongPNT/PNT2_LogDerivative.lean:320:47: unused variable `hz`

Note: This linter can be disabled with `set_option linter.unusedVariables false`
warning: StrongPNT/PNT2_LogDerivative.lean:328:29: unused variable `hR`

Note: This linter can be disabled with `set_option linter.unusedVariables false`
warning: StrongPNT/PNT2_LogDerivative.lean:328:50: unused variable `hR₁`

Note: This linter can be disabled with `set_option linter.unusedVariables false`
warning: StrongPNT/PNT2_LogDerivative.lean:329:17: unused variable `hf`

Note: This linter can be disabled with `set_option linter.unusedVariables false`
warning: StrongPNT/PNT2_LogDerivative.lean:329:57: unused variable `hf0`

Note: This linter can be disabled with `set_option linter.unusedVariables false`
warning: StrongPNT/PNT2_LogDerivative.lean:330:47: unused variable `hz`

Note: This linter can be disabled with `set_option linter.unusedVariables false`
warning: StrongPNT/PNT2_LogDerivative.lean:337:33: unused variable `hR`

Note: This linter can be disabled with `set_option linter.unusedVariables false`
warning: StrongPNT/PNT2_LogDerivative.lean:337:54: unused variable `hR₁`

Note: This linter can be disabled with `set_option linter.unusedVariables false`
warning: StrongPNT/PNT2_LogDerivative.lean:338:17: unused variable `hf`

Note: This linter can be disabled with `set_option linter.unusedVariables false`
warning: StrongPNT/PNT2_LogDerivative.lean:338:57: unused variable `hf0`

Note: This linter can be disabled with `set_option linter.unusedVariables false`
warning: StrongPNT/PNT2_LogDerivative.lean:339:59: unused variable `hz`

Note: This linter can be disabled with `set_option linter.unusedVariables false`
error: StrongPNT/PNT2_LogDerivative.lean:357:2: Tactic `simp` failed with a nested error:
maximum recursion depth has been reached
use `set_option maxRecDepth <num>` to increase limit
use `set_option diagnostics true` to get diagnostic information
warning: StrongPNT/PNT2_LogDerivative.lean:380:35: unused variable `hR₁`

Note: This linter can be disabled with `set_option linter.unusedVariables false`
warning: StrongPNT/PNT2_LogDerivative.lean:449:31: unused variable `hR`

Note: This linter can be disabled with `set_option linter.unusedVariables false`
warning: StrongPNT/PNT2_LogDerivative.lean:449:52: unused variable `hR₁`

Note: This linter can be disabled with `set_option linter.unusedVariables false`
warning: StrongPNT/PNT2_LogDerivative.lean:450:17: unused variable `hf`

Note: This linter can be disabled with `set_option linter.unusedVariables false`
warning: StrongPNT/PNT2_LogDerivative.lean:464:6: declaration uses 'sorry'
warning: StrongPNT/PNT2_LogDerivative.lean:472:32: unused variable `h`

Note: This linter can be disabled with `set_option linter.unusedVariables false`
warning: StrongPNT/PNT2_LogDerivative.lean:481:43: unused variable `h`

Note: This linter can be disabled with `set_option linter.unusedVariables false`
warning: StrongPNT/PNT2_LogDerivative.lean:483:8: This simp argument is unused:
  norm_div

Hint: Omit it from the simp argument list.
  simp [̵n̵o̵r̵m̵_̵d̵i̵v̵,̵ ̵n̵o̵r̵m̵_̵n̵e̵g̵]̵[̲n̲o̲r̲m̲_̲n̲e̲g̲]̲

Note: This linter can be disabled with `set_option linter.unusedSimpArgs false`
warning: StrongPNT/PNT2_LogDerivative.lean:486:6: declaration uses 'sorry'
warning: StrongPNT/PNT2_LogDerivative.lean:498:6: declaration uses 'sorry'
warning: StrongPNT/PNT2_LogDerivative.lean:523:53: unused variable `hn`

Note: This linter can be disabled with `set_option linter.unusedVariables false`
warning: StrongPNT/PNT2_LogDerivative.lean:532:31: unused variable `ρ`

Note: This linter can be disabled with `set_option linter.unusedVariables false`
warning: StrongPNT/PNT2_LogDerivative.lean:543:48: unused variable `ρ`

Note: This linter can be disabled with `set_option linter.unusedVariables false`
warning: StrongPNT/PNT2_LogDerivative.lean:554:40: unused variable `hR`

Note: This linter can be disabled with `set_option linter.unusedVariables false`
warning: StrongPNT/PNT2_LogDerivative.lean:554:61: unused variable `hR₁`

Note: This linter can be disabled with `set_option linter.unusedVariables false`
warning: StrongPNT/PNT2_LogDerivative.lean:555:17: unused variable `hf`

Note: This linter can be disabled with `set_option linter.unusedVariables false`
warning: StrongPNT/PNT2_LogDerivative.lean:555:57: unused variable `hf0`

Note: This linter can be disabled with `set_option linter.unusedVariables false`
warning: StrongPNT/PNT2_LogDerivative.lean:566:6: declaration uses 'sorry'
warning: StrongPNT/PNT2_LogDerivative.lean:573:6: declaration uses 'sorry'
warning: StrongPNT/PNT2_LogDerivative.lean:580:6: declaration uses 'sorry'
warning: StrongPNT/PNT2_LogDerivative.lean:589:6: declaration uses 'sorry'
warning: StrongPNT/PNT2_LogDerivative.lean:598:6: declaration uses 'sorry'
warning: StrongPNT/PNT2_LogDerivative.lean:606:6: declaration uses 'sorry'
warning: StrongPNT/PNT2_LogDerivative.lean:614:6: declaration uses 'sorry'
warning: StrongPNT/PNT2_LogDerivative.lean:622:6: declaration uses 'sorry'
warning: StrongPNT/PNT2_LogDerivative.lean:651:4: try 'simp' instead of 'simpa'

Note: This linter can be disabled with `set_option linter.unnecessarySimpa false`
warning: StrongPNT/PNT2_LogDerivative.lean:661:6: declaration uses 'sorry'
warning: StrongPNT/PNT2_LogDerivative.lean:674:34: unused variable `hR`

Note: This linter can be disabled with `set_option linter.unusedVariables false`
warning: StrongPNT/PNT2_LogDerivative.lean:674:55: unused variable `hR₁`

Note: This linter can be disabled with `set_option linter.unusedVariables false`
warning: StrongPNT/PNT2_LogDerivative.lean:675:17: unused variable `hf`

Note: This linter can be disabled with `set_option linter.unusedVariables false`
warning: StrongPNT/PNT2_LogDerivative.lean:677:6: unused variable `ρ`

Note: This linter can be disabled with `set_option linter.unusedVariables false`
warning: StrongPNT/PNT2_LogDerivative.lean:688:6: declaration uses 'sorry'
error: Lean exited with code 1
✖ [3167/3169] Building StrongPNT.PNT1_ComplexAnalysis (17s)
trace: .> LEAN_PATH=/home/jovyan/pmt_claude/.lake/packages/Cli/.lake/build/lib/lean:/home/jovyan/pmt_claude/.lake/packages/batteries/.lake/build/lib/lean:/home/jovyan/pmt_claude/.lake/packages/Qq/.lake/build/lib/lean:/home/jovyan/pmt_claude/.lake/packages/aesop/.lake/build/lib/lean:/home/jovyan/pmt_claude/.lake/packages/proofwidgets/.lake/build/lib/lean:/home/jovyan/pmt_claude/.lake/packages/importGraph/.lake/build/lib/lean:/home/jovyan/pmt_claude/.lake/packages/LeanSearchClient/.lake/build/lib/lean:/home/jovyan/pmt_claude/.lake/packages/plausible/.lake/build/lib/lean:/home/jovyan/pmt_claude/.lake/packages/mathlib/.lake/build/lib/lean:/home/jovyan/pmt_claude/.lake/build/lib/lean /home/jovyan/.elan/toolchains/leanprover--lean4---v4.24.0-rc1/bin/lean /home/jovyan/pmt_claude/StrongPNT/PNT1_ComplexAnalysis.lean -o /home/jovyan/pmt_claude/.lake/build/lib/lean/StrongPNT/PNT1_ComplexAnalysis.olean -i /home/jovyan/pmt_claude/.lake/build/lib/lean/StrongPNT/PNT1_ComplexAnalysis.ilean -c /home/jovyan/pmt_claude/.lake/build/ir/StrongPNT/PNT1_ComplexAnalysis.c --setup /home/jovyan/pmt_claude/.lake/build/ir/StrongPNT/PNT1_ComplexAnalysis.setup.json --json
warning: StrongPNT/PNT1_ComplexAnalysis.lean:346:64: unused variable `hR`

Note: This linter can be disabled with `set_option linter.unusedVariables false`
warning: StrongPNT/PNT1_ComplexAnalysis.lean:376:51: unused variable `hr`

Note: This linter can be disabled with `set_option linter.unusedVariables false`
warning: StrongPNT/PNT1_ComplexAnalysis.lean:376:77: unused variable `hM`

Note: This linter can be disabled with `set_option linter.unusedVariables false`
warning: StrongPNT/PNT1_ComplexAnalysis.lean:397:25: unused variable `n`

Note: This linter can be disabled with `set_option linter.unusedVariables false`
warning: StrongPNT/PNT1_ComplexAnalysis.lean:446:34: unused variable `hR`

Note: This linter can be disabled with `set_option linter.unusedVariables false`
error: StrongPNT/PNT1_ComplexAnalysis.lean:548:10: Invalid projection: Expected a value whose type is a structure
  hw
has type
  Real.le✝ ‖w‖ R
warning: StrongPNT/PNT1_ComplexAnalysis.lean:568:27: unused variable `hR`

Note: This linter can be disabled with `set_option linter.unusedVariables false`
warning: StrongPNT/PNT1_ComplexAnalysis.lean:572:30: unused variable `hR`

Note: This linter can be disabled with `set_option linter.unusedVariables false`
warning: StrongPNT/PNT1_ComplexAnalysis.lean:577:28: unused variable `hR`

Note: This linter can be disabled with `set_option linter.unusedVariables false`
warning: StrongPNT/PNT1_ComplexAnalysis.lean:599:52: unused variable `hR`

Note: This linter can be disabled with `set_option linter.unusedVariables false`
warning: StrongPNT/PNT1_ComplexAnalysis.lean:628:51: unused variable `hR`

Note: This linter can be disabled with `set_option linter.unusedVariables false`
warning: StrongPNT/PNT1_ComplexAnalysis.lean:649:6: declaration uses 'sorry'
error: StrongPNT/PNT1_ComplexAnalysis.lean:762:12: Tactic `rewrite` failed: Did not find an occurrence of the pattern
  {z | ‖z‖ < R}
in the target expression
  w ∈ Metric.ball 0 R

f : ℂ → ℂ
R : ℝ
hR : 0 < R
hf : AnalyticOn ℂ f {z | ‖z‖ ≤ R}
z₀ : ℂ
hz₀_max : ∀ w ∈ {z | ‖z‖ ≤ R}, ‖f z₀‖ ≥ ‖f w‖
hz₀_in : ‖z₀‖ < R
hclos : {z | ‖z‖ ≤ R} = closure {z | ‖z‖ < R}
hcompact : IsCompact {z | ‖z‖ ≤ R}
hdiff : DifferentiableOn ℂ f {z | ‖z‖ ≤ R}
h_open : {z | ‖z‖ < R} = Metric.ball 0 R
h_closed : {z | ‖z‖ ≤ R} = Metric.closedBall 0 R
hcont : ContinuousOn f (Metric.closedBall 0 R)
hconn : IsPreconnected (Metric.closedBall 0 R)
hz₀_ball : z₀ ∈ Metric.ball 0 R
hmax : IsMaxOn (Norm.norm ∘ f) (Metric.closedBall 0 R) z₀
hconn_open : IsPreconnected (Metric.ball 0 R)
z : ℂ
hz : z ∈ {z | ‖z‖ < R}
this : z ∈ {z | ‖z‖ ≤ R}
w : ℂ
hw : w ∈ Metric.ball 0 R
⊢ w ∈ insert z {z | ‖z‖ ≤ R}
error: StrongPNT/PNT1_ComplexAnalysis.lean:785:39: Application type mismatch: The argument
  hz
has type
  z ∈ {z | ‖z‖ ≤ R}
but is expected to have type
  z ∈ Metric.closedBall 0 R
in the application
  hcont z hz
error: StrongPNT/PNT1_ComplexAnalysis.lean:787:8: Invalid rewrite argument: Expected an equality or iff proof or definition name, but `tendsto_const_nhds
  ?a✝` is a proof of
  ?U ∈ map (fun x ↦ ?m.566) ?m.567
warning: StrongPNT/PNT1_ComplexAnalysis.lean:801:6: declaration uses 'sorry'
error: StrongPNT/PNT1_ComplexAnalysis.lean:833:11: Type mismatch
  M + 1
has type
  ℝ
of sort `outParam Type` but is expected to have type
  range f ⊆ Metric.ball ?m.58 0
of sort `Prop`
warning: StrongPNT/PNT1_ComplexAnalysis.lean:848:6: declaration uses 'sorry'
warning: StrongPNT/PNT1_ComplexAnalysis.lean:861:6: declaration uses 'sorry'
error: StrongPNT/PNT1_ComplexAnalysis.lean:891:8: Type mismatch
  hx
has type
  ‖x‖ ≤ 1
but is expected to have type
  x = w ∨ ‖x‖ ≤ 1
error: StrongPNT/PNT1_ComplexAnalysis.lean:919:8: Type mismatch
  le_of_lt hx
has type
  ‖x‖ ≤ 1
but is expected to have type
  x ∈ insert w {z | ‖z‖ ≤ 1}
error: StrongPNT/PNT1_ComplexAnalysis.lean:924:44: Application type mismatch: The argument
  ?m.346
has type
  1 < 2
but is expected to have type
  1 < 1
in the application
  lt_of_le_of_lt (hfbound w this) ?m.346
warning: StrongPNT/PNT1_ComplexAnalysis.lean:928:6: declaration uses 'sorry'
error: StrongPNT/PNT1_ComplexAnalysis.lean:952:61: Application type mismatch: The argument
  h
has type
  ∀ x ∈ uIcc a b, ‖f ↑x‖ ≤ M
but is expected to have type
  ∀ x ∈ uIoc ?m.74 ?m.75, ‖?m.77 x‖ ≤ ?m.76
in the application
  intervalIntegral.norm_integral_le_of_norm_le_const h
error: StrongPNT/PNT1_ComplexAnalysis.lean:961:2: No goals to be solved
warning: StrongPNT/PNT1_ComplexAnalysis.lean:964:6: declaration uses 'sorry'
warning: StrongPNT/PNT1_ComplexAnalysis.lean:976:6: declaration uses 'sorry'
warning: StrongPNT/PNT1_ComplexAnalysis.lean:985:6: declaration uses 'sorry'
warning: StrongPNT/PNT1_ComplexAnalysis.lean:996:6: declaration uses 'sorry'
warning: StrongPNT/PNT1_ComplexAnalysis.lean:1006:6: declaration uses 'sorry'
warning: StrongPNT/PNT1_ComplexAnalysis.lean:1015:6: declaration uses 'sorry'
error: StrongPNT/PNT1_ComplexAnalysis.lean:1026:25: Tactic `rewrite` failed: Did not find an occurrence of the pattern
  |R|
in the target expression
  ‖R‖ ≤ R

R : ℝ
hR : R > 0
⊢ ‖R‖ ≤ R
warning: StrongPNT/PNT1_ComplexAnalysis.lean:1028:32: unused variable `hR`

Note: This linter can be disabled with `set_option linter.unusedVariables false`
warning: StrongPNT/PNT1_ComplexAnalysis.lean:1032:50: This simp argument is unused:
  dist_comm

Hint: Omit it from the simp argument list.
  simp only [Metric.closedBall, Set.mem_setOf_eq, dist_c̵o̵m̵m̵,̵ ̵d̵i̵s̵t̵_̵zero_right]

Note: This linter can be disabled with `set_option linter.unusedSimpArgs false`
warning: StrongPNT/PNT1_ComplexAnalysis.lean:1051:31: unused variable `hR`

Note: This linter can be disabled with `set_option linter.unusedVariables false`
error: StrongPNT/PNT1_ComplexAnalysis.lean:1098:73: Type mismatch
  le_of_lt ?m.243
has type
  ?m.241 ≤ ?m.242
but is expected to have type
  Classical.choose hw ∈ {z | ‖z‖ ≤ R}
error: StrongPNT/PNT1_ComplexAnalysis.lean:1101:16: Type mismatch
  hw_max v hv_int
has type
  ‖h v‖ ≤ ‖h (Classical.choose hw)‖
but is expected to have type
  ‖h (Classical.choose hw)‖ ≤ ‖h v‖
error: StrongPNT/PNT1_ComplexAnalysis.lean:1103:75: Type mismatch
  le_of_lt ?m.274
has type
  ?m.272 ≤ ?m.273
but is expected to have type
  Classical.choose hw ∈ {z | ‖z‖ ≤ R}
error: StrongPNT/PNT1_ComplexAnalysis.lean:1113:40: Application type mismatch: The argument
  le_of_lt ?m.294
has type
  ?m.292 ≤ ?m.293
but is expected to have type
  Classical.choose hw ∈ {z | ‖z‖ ≤ R}
in the application
  hc (Classical.choose hw) (le_of_lt ?m.294)
warning: StrongPNT/PNT1_ComplexAnalysis.lean:1132:6: declaration uses 'sorry'
warning: StrongPNT/PNT1_ComplexAnalysis.lean:1188:55: unused variable `hB`

Note: This linter can be disabled with `set_option linter.unusedVariables false`
warning: StrongPNT/PNT1_ComplexAnalysis.lean:1209:30: unused variable `hR`

Note: This linter can be disabled with `set_option linter.unusedVariables false`
warning: StrongPNT/PNT1_ComplexAnalysis.lean:1209:54: unused variable `hB`

Note: This linter can be disabled with `set_option linter.unusedVariables false`
warning: StrongPNT/PNT1_ComplexAnalysis.lean:1210:5: unused variable `hh`

Note: This linter can be disabled with `set_option linter.unusedVariables false`
warning: StrongPNT/PNT1_ComplexAnalysis.lean:1225:44: unused variable `hR`

Note: This linter can be disabled with `set_option linter.unusedVariables false`
warning: StrongPNT/PNT1_ComplexAnalysis.lean:1227:5: unused variable `hf`

Note: This linter can be disabled with `set_option linter.unusedVariables false`
warning: StrongPNT/PNT1_ComplexAnalysis.lean:1235:40: unused variable `hR`

Note: This linter can be disabled with `set_option linter.unusedVariables false`
warning: StrongPNT/PNT1_ComplexAnalysis.lean:1237:5: unused variable `hf`

Note: This linter can be disabled with `set_option linter.unusedVariables false`
warning: StrongPNT/PNT1_ComplexAnalysis.lean:1243:6: declaration uses 'sorry'
warning: StrongPNT/PNT1_ComplexAnalysis.lean:1264:40: unused variable `hR`

Note: This linter can be disabled with `set_option linter.unusedVariables false`
warning: StrongPNT/PNT1_ComplexAnalysis.lean:1275:23: unused variable `R`

Note: This linter can be disabled with `set_option linter.unusedVariables false`
warning: StrongPNT/PNT1_ComplexAnalysis.lean:1295:33: unused variable `hb`

Note: This linter can be disabled with `set_option linter.unusedVariables false`
warning: StrongPNT/PNT1_ComplexAnalysis.lean:1296:8: This simp argument is unused:
  norm_div

Hint: Omit it from the simp argument list.
  simp ̵[̵n̵o̵r̵m̵_̵d̵i̵v̵]̵

Note: This linter can be disabled with `set_option linter.unusedSimpArgs false`
warning: StrongPNT/PNT1_ComplexAnalysis.lean:1300:5: unused variable `hf0`

Note: This linter can be disabled with `set_option linter.unusedVariables false`
warning: StrongPNT/PNT1_ComplexAnalysis.lean:1308:27: unused variable `hT`

Note: This linter can be disabled with `set_option linter.unusedVariables false`
warning: StrongPNT/PNT1_ComplexAnalysis.lean:1310:8: This simp argument is unused:
  norm_div

Hint: Omit it from the simp argument list.
  simp [n̵o̵r̵m̵_̵d̵i̵v̵,̵ ̵hz]

Note: This linter can be disabled with `set_option linter.unusedSimpArgs false`
warning: StrongPNT/PNT1_ComplexAnalysis.lean:1382:34: unused variable `ha`

Note: This linter can be disabled with `set_option linter.unusedVariables false`
error: StrongPNT/PNT1_ComplexAnalysis.lean:1466:2: Tactic `apply` failed: could not unify the conclusion of `@iSup_le`
  @iSup ?α ?ι CompleteLattice.toCompleteSemilatticeSup.toSupSet ?f ≤ ?a
with the goal
  ⨆ z, ‖f ↑z‖ ≤ 2 * r / (R - r) * M

Note: The full type of `@iSup_le` is
  ∀ {α : Type ?u.91918} {ι : Sort ?u.91917} [inst : CompleteLattice α] {f : ι → α} {a : α},
    (∀ (i : ι), f i ≤ a) → iSup f ≤ a

R M r : ℝ
hR : R > 0
hM : M > 0
hr : 0 < r
hrR : r < R
f : ℂ → ℂ
hf : AnalyticOn ℂ f {z | ‖z‖ ≤ R}
hf0 : f 0 = 0
hfRe : ∀ (z : ℂ), ‖z‖ ≤ R → (f z).re ≤ M
⊢ ⨆ z, ‖f ↑z‖ ≤ 2 * r / (R - r) * M
warning: StrongPNT/PNT1_ComplexAnalysis.lean:1475:8: declaration uses 'sorry'
warning: StrongPNT/PNT1_ComplexAnalysis.lean:1485:31: `differentiableAt_id'` has been deprecated: Use `differentiableAt_fun_id` instead
error: StrongPNT/PNT1_ComplexAnalysis.lean:1485:6: Tactic `rewrite` failed: Did not find an occurrence of the pattern
  deriv (fun y ↦ ↑r' * y) ?m.42
in the target expression
  deriv (fun t ↦ ↑r' * cexp (I * t)) ↑t = I * ↑r' * cexp (I * ↑t)

r' t : ℝ
⊢ deriv (fun t ↦ ↑r' * cexp (I * t)) ↑t = I * ↑r' * cexp (I * ↑t)
warning: StrongPNT/PNT1_ComplexAnalysis.lean:1498:6: declaration uses 'sorry'
warning: StrongPNT/PNT1_ComplexAnalysis.lean:1506:6: declaration uses 'sorry'
warning: StrongPNT/PNT1_ComplexAnalysis.lean:1523:23: unused variable `hg`

Note: This linter can be disabled with `set_option linter.unusedVariables false`
error: StrongPNT/PNT1_ComplexAnalysis.lean:1534:2: (deterministic) timeout at `isDefEq`, maximum number of heartbeats (200000) has been reached

Note: Use `set_option maxHeartbeats <num>` to set the limit.

Hint: Additional diagnostic information may be available using the `set_option diagnostics true` command.
warning: StrongPNT/PNT1_ComplexAnalysis.lean:1575:12: This simp argument is unused:
  norm_mul

Hint: Omit it from the simp argument list.
  simp [sq,̵ ̵n̵o̵r̵m̵_̵m̵u̵l̵]

Note: This linter can be disabled with `set_option linter.unusedSimpArgs false`
warning: StrongPNT/PNT1_ComplexAnalysis.lean:1587:50: unused variable `hr`

Note: This linter can be disabled with `set_option linter.unusedVariables false`
warning: StrongPNT/PNT1_ComplexAnalysis.lean:1587:63: unused variable `hrr'`

Note: This linter can be disabled with `set_option linter.unusedVariables false`
warning: StrongPNT/PNT1_ComplexAnalysis.lean:1587:79: unused variable `hr'R`

Note: This linter can be disabled with `set_option linter.unusedVariables false`
warning: StrongPNT/PNT1_ComplexAnalysis.lean:1600:29: unused variable `hr`

Note: This linter can be disabled with `set_option linter.unusedVariables false`
warning: StrongPNT/PNT1_ComplexAnalysis.lean:1600:58: unused variable `hr'R`

Note: This linter can be disabled with `set_option linter.unusedVariables false`
warning: StrongPNT/PNT1_ComplexAnalysis.lean:1631:37: unused variable `hr`

Note: This linter can be disabled with `set_option linter.unusedVariables false`
warning: StrongPNT/PNT1_ComplexAnalysis.lean:1631:50: unused variable `hrr'`

Note: This linter can be disabled with `set_option linter.unusedVariables false`
warning: StrongPNT/PNT1_ComplexAnalysis.lean:1631:66: unused variable `hr'R`

Note: This linter can be disabled with `set_option linter.unusedVariables false`
warning: StrongPNT/PNT1_ComplexAnalysis.lean:1631:96: unused variable `hz`

Note: This linter can be disabled with `set_option linter.unusedVariables false`
warning: StrongPNT/PNT1_ComplexAnalysis.lean:1661:34: unused variable `hb`

Note: This linter can be disabled with `set_option linter.unusedVariables false`
warning: StrongPNT/PNT1_ComplexAnalysis.lean:1666:29: unused variable `hf`

Note: This linter can be disabled with `set_option linter.unusedVariables false`
warning: StrongPNT/PNT1_ComplexAnalysis.lean:1693:29: unused variable `hf`

Note: This linter can be disabled with `set_option linter.unusedVariables false`
error: StrongPNT/PNT1_ComplexAnalysis.lean:1732:15: Unknown constant `Complex.norm_eq_abs`
error: StrongPNT/PNT1_ComplexAnalysis.lean:1732:36: Unknown constant `Complex.abs_ofReal`
error: StrongPNT/PNT1_ComplexAnalysis.lean:1726:68: unsolved goals
M R r' : ℝ
hM : 0 < M
hR : 0 < R
hr' : 0 < r'
hr'R : r' < R
f : ℂ → ℂ
hf : AnalyticOn ℂ f {z | ‖z‖ ≤ R}
hf0 : f 0 = 0
hRe : ∀ (z : ℂ), ‖z‖ ≤ R → (f z).re ≤ M
t : ℝ
hexp : ‖cexp (I * ↑t)‖ = 1
⊢ ‖↑r'‖ = r'
warning: StrongPNT/PNT1_ComplexAnalysis.lean:1732:56: This simp argument is unused:
  abs_of_pos hr'

Hint: Omit it from the simp argument list.
  simp only [Complex.norm_eq_abs, Complex.abs_ofReal, a̵b̵s̵_̵o̵f̵_̵p̵o̵s̵ ̵h̵r̵'̵,̵ ̵mul_one]

Note: This linter can be disabled with `set_option linter.unusedSimpArgs false`
warning: StrongPNT/PNT1_ComplexAnalysis.lean:1769:25: unused variable `t`

Note: This linter can be disabled with `set_option linter.unusedVariables false`
error: StrongPNT/PNT1_ComplexAnalysis.lean:1791:86: Unknown identifier `τ`
warning: StrongPNT/PNT1_ComplexAnalysis.lean:1798:28: unused variable `t`

Note: This linter can be disabled with `set_option linter.unusedVariables false`
warning: StrongPNT/PNT1_ComplexAnalysis.lean:1803:47: unused variable `t`

Note: This linter can be disabled with `set_option linter.unusedVariables false`
warning: StrongPNT/PNT1_ComplexAnalysis.lean:1861:50: unused variable `hr`

Note: This linter can be disabled with `set_option linter.unusedVariables false`
warning: StrongPNT/PNT1_ComplexAnalysis.lean:1861:63: unused variable `hR`

Note: This linter can be disabled with `set_option linter.unusedVariables false`
warning: StrongPNT/PNT1_ComplexAnalysis.lean:1865:13: This simp argument is unused:
  show (r + R) / 2 = (r + R) / 2 from rfl

Hint: Omit it from the simp argument list.
  simp only ̵[̵s̵h̵o̵w̵ ̵(̵r̵ ̵+̵ ̵R̵)̵ ̵/̵ ̵2̵ ̵=̵ ̵(̵r̵ ̵+̵ ̵R̵)̵ ̵/̵ ̵2̵ ̵f̵r̵o̵m̵ ̵r̵f̵l̵]̵

Note: This linter can be disabled with `set_option linter.unusedSimpArgs false`
warning: StrongPNT/PNT1_ComplexAnalysis.lean:1876:66: unused variable `hR`

Note: This linter can be disabled with `set_option linter.unusedVariables false`
warning: StrongPNT/PNT1_ComplexAnalysis.lean:1881:51: unused variable `hr`

Note: This linter can be disabled with `set_option linter.unusedVariables false`
warning: StrongPNT/PNT1_ComplexAnalysis.lean:1881:64: unused variable `hR`

Note: This linter can be disabled with `set_option linter.unusedVariables false`
warning: StrongPNT/PNT1_ComplexAnalysis.lean:1885:13: This simp argument is unused:
  show (r + R) / 2 = (r + R) / 2 from rfl

Hint: Omit it from the simp argument list.
  simp only ̵[̵s̵h̵o̵w̵ ̵(̵r̵ ̵+̵ ̵R̵)̵ ̵/̵ ̵2̵ ̵=̵ ̵(̵r̵ ̵+̵ ̵R̵)̵ ̵/̵ ̵2̵ ̵f̵r̵o̵m̵ ̵r̵f̵l̵]̵

Note: This linter can be disabled with `set_option linter.unusedSimpArgs false`
warning: StrongPNT/PNT1_ComplexAnalysis.lean:1967:41: unused variable `hR`

Note: This linter can be disabled with `set_option linter.unusedVariables false`
warning: StrongPNT/PNT1_ComplexAnalysis.lean:1967:54: unused variable `hRR0`

Note: This linter can be disabled with `set_option linter.unusedVariables false`
warning: StrongPNT/PNT1_ComplexAnalysis.lean:1967:71: unused variable `hR01`

Note: This linter can be disabled with `set_option linter.unusedVariables false`
warning: StrongPNT/PNT1_ComplexAnalysis.lean:1968:29: unused variable `hf`

Note: This linter can be disabled with `set_option linter.unusedVariables false`
error: Lean exited with code 1
Some required targets logged failures:
- StrongPNT.PNT5_StrongPNT
- StrongPNT.PNT2_LogDerivative
- StrongPNT.PNT1_ComplexAnalysis
error: build failed
⚠ [3164/3169] Built StrongPNT.PNT3_RiemannZeta (4.4s)
warning: StrongPNT/PNT3_RiemannZeta.lean:54:6: declaration uses 'sorry'
warning: StrongPNT/PNT3_RiemannZeta.lean:66:6: declaration uses 'sorry'
warning: StrongPNT/PNT3_RiemannZeta.lean:141:6: declaration uses 'sorry'
warning: StrongPNT/PNT3_RiemannZeta.lean:219:6: declaration uses 'sorry'
warning: StrongPNT/PNT3_RiemannZeta.lean:226:6: declaration uses 'sorry'
warning: StrongPNT/PNT3_RiemannZeta.lean:383:6: declaration uses 'sorry'
warning: StrongPNT/PNT3_RiemannZeta.lean:389:6: declaration uses 'sorry'
warning: StrongPNT/PNT3_RiemannZeta.lean:404:6: declaration uses 'sorry'
warning: StrongPNT/PNT3_RiemannZeta.lean:409:6: declaration uses 'sorry'
warning: StrongPNT/PNT3_RiemannZeta.lean:430:6: declaration uses 'sorry'
warning: StrongPNT/PNT3_RiemannZeta.lean:443:8: declaration uses 'sorry'
warning: StrongPNT/PNT3_RiemannZeta.lean:448:6: declaration uses 'sorry'
warning: StrongPNT/PNT3_RiemannZeta.lean:457:6: declaration uses 'sorry'
warning: StrongPNT/PNT3_RiemannZeta.lean:461:8: declaration uses 'sorry'
warning: StrongPNT/PNT3_RiemannZeta.lean:466:8: declaration uses 'sorry'
warning: StrongPNT/PNT3_RiemannZeta.lean:472:8: declaration uses 'sorry'
warning: StrongPNT/PNT3_RiemannZeta.lean:487:6: declaration uses 'sorry'
warning: StrongPNT/PNT3_RiemannZeta.lean:490:6: declaration uses 'sorry'
warning: StrongPNT/PNT3_RiemannZeta.lean:494:6: declaration uses 'sorry'
warning: StrongPNT/PNT3_RiemannZeta.lean:504:4: unused variable `expansion_error`

Note: This linter can be disabled with `set_option linter.unusedVariables false`
warning: StrongPNT/PNT3_RiemannZeta.lean:537:8: declaration uses 'sorry'
warning: StrongPNT/PNT3_RiemannZeta.lean:541:8: declaration uses 'sorry'
warning: StrongPNT/PNT3_RiemannZeta.lean:549:8: declaration uses 'sorry'
warning: StrongPNT/PNT3_RiemannZeta.lean:557:8: declaration uses 'sorry'
warning: StrongPNT/PNT3_RiemannZeta.lean:562:8: declaration uses 'sorry'
warning: StrongPNT/PNT3_RiemannZeta.lean:567:8: declaration uses 'sorry'
warning: StrongPNT/PNT3_RiemannZeta.lean:573:8: declaration uses 'sorry'
✖ [3165/3169] Building StrongPNT.PNT5_StrongPNT (3.5s)
trace: .> LEAN_PATH=/home/jovyan/pmt_claude/.lake/packages/Cli/.lake/build/lib/lean:/home/jovyan/pmt_claude/.lake/packages/batteries/.lake/build/lib/lean:/home/jovyan/pmt_claude/.lake/packages/Qq/.lake/build/lib/lean:/home/jovyan/pmt_claude/.lake/packages/aesop/.lake/build/lib/lean:/home/jovyan/pmt_claude/.lake/packages/proofwidgets/.lake/build/lib/lean:/home/jovyan/pmt_claude/.lake/packages/importGraph/.lake/build/lib/lean:/home/jovyan/pmt_claude/.lake/packages/LeanSearchClient/.lake/build/lib/lean:/home/jovyan/pmt_claude/.lake/packages/plausible/.lake/build/lib/lean:/home/jovyan/pmt_claude/.lake/packages/mathlib/.lake/build/lib/lean:/home/jovyan/pmt_claude/.lake/build/lib/lean /home/jovyan/.elan/toolchains/leanprover--lean4---v4.24.0-rc1/bin/lean /home/jovyan/pmt_claude/StrongPNT/PNT5_StrongPNT.lean -o /home/jovyan/pmt_claude/.lake/build/lib/lean/StrongPNT/PNT5_StrongPNT.olean -i /home/jovyan/pmt_claude/.lake/build/lib/lean/StrongPNT/PNT5_StrongPNT.ilean -c /home/jovyan/pmt_claude/.lake/build/ir/StrongPNT/PNT5_StrongPNT.c --setup /home/jovyan/pmt_claude/.lake/build/ir/StrongPNT/PNT5_StrongPNT.setup.json --json
error: StrongPNT/PNT5_StrongPNT.lean:78:7: Unknown identifier `integral_pos_iff_support_of_nonneg_ae'`
warning: StrongPNT/PNT5_StrongPNT.lean:117:8: declaration uses 'sorry'
warning: StrongPNT/PNT5_StrongPNT.lean:127:8: declaration uses 'sorry'
warning: StrongPNT/PNT5_StrongPNT.lean:132:8: declaration uses 'sorry'
warning: StrongPNT/PNT5_StrongPNT.lean:148:8: declaration uses 'sorry'
warning: StrongPNT/PNT5_StrongPNT.lean:156:8: declaration uses 'sorry'
warning: StrongPNT/PNT5_StrongPNT.lean:162:8: declaration uses 'sorry'
warning: StrongPNT/PNT5_StrongPNT.lean:168:8: declaration uses 'sorry'
warning: StrongPNT/PNT5_StrongPNT.lean:173:8: declaration uses 'sorry'
warning: StrongPNT/PNT5_StrongPNT.lean:178:8: declaration uses 'sorry'
warning: StrongPNT/PNT5_StrongPNT.lean:188:8: declaration uses 'sorry'
warning: StrongPNT/PNT5_StrongPNT.lean:193:8: declaration uses 'sorry'
warning: StrongPNT/PNT5_StrongPNT.lean:199:8: declaration uses 'sorry'
warning: StrongPNT/PNT5_StrongPNT.lean:205:8: declaration uses 'sorry'
warning: StrongPNT/PNT5_StrongPNT.lean:211:8: declaration uses 'sorry'
warning: StrongPNT/PNT5_StrongPNT.lean:217:8: declaration uses 'sorry'
warning: StrongPNT/PNT5_StrongPNT.lean:223:8: declaration uses 'sorry'
warning: StrongPNT/PNT5_StrongPNT.lean:233:8: declaration uses 'sorry'
warning: StrongPNT/PNT5_StrongPNT.lean:243:8: declaration uses 'sorry'
warning: StrongPNT/PNT5_StrongPNT.lean:250:8: declaration uses 'sorry'
error: Lean exited with code 1
✖ [3166/3169] Building StrongPNT.PNT2_LogDerivative (9.1s)
trace: .> LEAN_PATH=/home/jovyan/pmt_claude/.lake/packages/Cli/.lake/build/lib/lean:/home/jovyan/pmt_claude/.lake/packages/batteries/.lake/build/lib/lean:/home/jovyan/pmt_claude/.lake/packages/Qq/.lake/build/lib/lean:/home/jovyan/pmt_claude/.lake/packages/aesop/.lake/build/lib/lean:/home/jovyan/pmt_claude/.lake/packages/proofwidgets/.lake/build/lib/lean:/home/jovyan/pmt_claude/.lake/packages/importGraph/.lake/build/lib/lean:/home/jovyan/pmt_claude/.lake/packages/LeanSearchClient/.lake/build/lib/lean:/home/jovyan/pmt_claude/.lake/packages/plausible/.lake/build/lib/lean:/home/jovyan/pmt_claude/.lake/packages/mathlib/.lake/build/lib/lean:/home/jovyan/pmt_claude/.lake/build/lib/lean /home/jovyan/.elan/toolchains/leanprover--lean4---v4.24.0-rc1/bin/lean /home/jovyan/pmt_claude/StrongPNT/PNT2_LogDerivative.lean -o /home/jovyan/pmt_claude/.lake/build/lib/lean/StrongPNT/PNT2_LogDerivative.olean -i /home/jovyan/pmt_claude/.lake/build/lib/lean/StrongPNT/PNT2_LogDerivative.ilean -c /home/jovyan/pmt_claude/.lake/build/ir/StrongPNT/PNT2_LogDerivative.c --setup /home/jovyan/pmt_claude/.lake/build/ir/StrongPNT/PNT2_LogDerivative.setup.json --json
warning: StrongPNT/PNT2_LogDerivative.lean:88:54: unused variable `hR`

Note: This linter can be disabled with `set_option linter.unusedVariables false`
warning: StrongPNT/PNT2_LogDerivative.lean:107:30: unused variable `hR`

Note: This linter can be disabled with `set_option linter.unusedVariables false`
warning: StrongPNT/PNT2_LogDerivative.lean:108:17: unused variable `hf`

Note: This linter can be disabled with `set_option linter.unusedVariables false`
warning: StrongPNT/PNT2_LogDerivative.lean:108:57: unused variable `hf0`

Note: This linter can be disabled with `set_option linter.unusedVariables false`
warning: StrongPNT/PNT2_LogDerivative.lean:109:13: unused variable `hρ`

Note: This linter can be disabled with `set_option linter.unusedVariables false`
warning: StrongPNT/PNT2_LogDerivative.lean:123:34: unused variable `hR`

Note: This linter can be disabled with `set_option linter.unusedVariables false`
warning: StrongPNT/PNT2_LogDerivative.lean:123:47: unused variable `hR₁`

Note: This linter can be disabled with `set_option linter.unusedVariables false`
warning: StrongPNT/PNT2_LogDerivative.lean:130:31: unused variable `hS`

Note: This linter can be disabled with `set_option linter.unusedVariables false`
warning: StrongPNT/PNT2_LogDerivative.lean:130:55: unused variable `hw`

Note: This linter can be disabled with `set_option linter.unusedVariables false`
warning: StrongPNT/PNT2_LogDerivative.lean:166:34: unused variable `hR`

Note: This linter can be disabled with `set_option linter.unusedVariables false`
warning: StrongPNT/PNT2_LogDerivative.lean:168:20: unused variable `hS`

Note: This linter can be disabled with `set_option linter.unusedVariables false`
warning: StrongPNT/PNT2_LogDerivative.lean:189:6: declaration uses 'sorry'
warning: StrongPNT/PNT2_LogDerivative.lean:197:34: unused variable `hR`

Note: This linter can be disabled with `set_option linter.unusedVariables false`
warning: StrongPNT/PNT2_LogDerivative.lean:197:55: unused variable `hR₁`

Note: This linter can be disabled with `set_option linter.unusedVariables false`
warning: StrongPNT/PNT2_LogDerivative.lean:198:17: unused variable `hf`

Note: This linter can be disabled with `set_option linter.unusedVariables false`
warning: StrongPNT/PNT2_LogDerivative.lean:198:57: unused variable `hf0`

Note: This linter can be disabled with `set_option linter.unusedVariables false`
warning: StrongPNT/PNT2_LogDerivative.lean:203:6: declaration uses 'sorry'
warning: StrongPNT/PNT2_LogDerivative.lean:211:6: declaration uses 'sorry'
warning: StrongPNT/PNT2_LogDerivative.lean:218:6: declaration uses 'sorry'
warning: StrongPNT/PNT2_LogDerivative.lean:225:6: declaration uses 'sorry'
warning: StrongPNT/PNT2_LogDerivative.lean:245:6: declaration uses 'sorry'
warning: StrongPNT/PNT2_LogDerivative.lean:252:6: declaration uses 'sorry'
warning: StrongPNT/PNT2_LogDerivative.lean:263:48: unused variable `hR`

Note: This linter can be disabled with `set_option linter.unusedVariables false`
warning: StrongPNT/PNT2_LogDerivative.lean:264:5: unused variable `hR₁`

Note: This linter can be disabled with `set_option linter.unusedVariables false`
warning: StrongPNT/PNT2_LogDerivative.lean:264:40: unused variable `hf`

Note: This linter can be disabled with `set_option linter.unusedVariables false`
warning: StrongPNT/PNT2_LogDerivative.lean:265:5: unused variable `hf0`

Note: This linter can be disabled with `set_option linter.unusedVariables false`
warning: StrongPNT/PNT2_LogDerivative.lean:265:29: unused variable `hρ`

Note: This linter can be disabled with `set_option linter.unusedVariables false`
warning: StrongPNT/PNT2_LogDerivative.lean:265:57: unused variable `hz`

Note: This linter can be disabled with `set_option linter.unusedVariables false`
warning: StrongPNT/PNT2_LogDerivative.lean:287:4: try 'simp' instead of 'simpa'

Note: This linter can be disabled with `set_option linter.unnecessarySimpa false`
warning: StrongPNT/PNT2_LogDerivative.lean:298:8: try 'simp' instead of 'simpa'

Note: This linter can be disabled with `set_option linter.unnecessarySimpa false`
warning: StrongPNT/PNT2_LogDerivative.lean:276:34: unused variable `hR`

Note: This linter can be disabled with `set_option linter.unusedVariables false`
warning: StrongPNT/PNT2_LogDerivative.lean:276:55: unused variable `hR₁`

Note: This linter can be disabled with `set_option linter.unusedVariables false`
warning: StrongPNT/PNT2_LogDerivative.lean:277:17: unused variable `hf`

Note: This linter can be disabled with `set_option linter.unusedVariables false`
warning: StrongPNT/PNT2_LogDerivative.lean:277:57: unused variable `hf0`

Note: This linter can be disabled with `set_option linter.unusedVariables false`
warning: StrongPNT/PNT2_LogDerivative.lean:279:13: unused variable `hz`

Note: This linter can be disabled with `set_option linter.unusedVariables false`
warning: StrongPNT/PNT2_LogDerivative.lean:320:47: unused variable `hz`

Note: This linter can be disabled with `set_option linter.unusedVariables false`
warning: StrongPNT/PNT2_LogDerivative.lean:328:29: unused variable `hR`

Note: This linter can be disabled with `set_option linter.unusedVariables false`
warning: StrongPNT/PNT2_LogDerivative.lean:328:50: unused variable `hR₁`

Note: This linter can be disabled with `set_option linter.unusedVariables false`
warning: StrongPNT/PNT2_LogDerivative.lean:329:17: unused variable `hf`

Note: This linter can be disabled with `set_option linter.unusedVariables false`
warning: StrongPNT/PNT2_LogDerivative.lean:329:57: unused variable `hf0`

Note: This linter can be disabled with `set_option linter.unusedVariables false`
warning: StrongPNT/PNT2_LogDerivative.lean:330:47: unused variable `hz`

Note: This linter can be disabled with `set_option linter.unusedVariables false`
warning: StrongPNT/PNT2_LogDerivative.lean:337:33: unused variable `hR`

Note: This linter can be disabled with `set_option linter.unusedVariables false`
warning: StrongPNT/PNT2_LogDerivative.lean:337:54: unused variable `hR₁`

Note: This linter can be disabled with `set_option linter.unusedVariables false`
warning: StrongPNT/PNT2_LogDerivative.lean:338:17: unused variable `hf`

Note: This linter can be disabled with `set_option linter.unusedVariables false`
warning: StrongPNT/PNT2_LogDerivative.lean:338:57: unused variable `hf0`

Note: This linter can be disabled with `set_option linter.unusedVariables false`
warning: StrongPNT/PNT2_LogDerivative.lean:339:59: unused variable `hz`

Note: This linter can be disabled with `set_option linter.unusedVariables false`
error: StrongPNT/PNT2_LogDerivative.lean:357:2: Tactic `simp` failed with a nested error:
maximum recursion depth has been reached
use `set_option maxRecDepth <num>` to increase limit
use `set_option diagnostics true` to get diagnostic information
warning: StrongPNT/PNT2_LogDerivative.lean:380:35: unused variable `hR₁`

Note: This linter can be disabled with `set_option linter.unusedVariables false`
warning: StrongPNT/PNT2_LogDerivative.lean:449:31: unused variable `hR`

Note: This linter can be disabled with `set_option linter.unusedVariables false`
warning: StrongPNT/PNT2_LogDerivative.lean:449:52: unused variable `hR₁`

Note: This linter can be disabled with `set_option linter.unusedVariables false`
warning: StrongPNT/PNT2_LogDerivative.lean:450:17: unused variable `hf`

Note: This linter can be disabled with `set_option linter.unusedVariables false`
warning: StrongPNT/PNT2_LogDerivative.lean:464:6: declaration uses 'sorry'
warning: StrongPNT/PNT2_LogDerivative.lean:472:32: unused variable `h`

Note: This linter can be disabled with `set_option linter.unusedVariables false`
warning: StrongPNT/PNT2_LogDerivative.lean:481:43: unused variable `h`

Note: This linter can be disabled with `set_option linter.unusedVariables false`
warning: StrongPNT/PNT2_LogDerivative.lean:483:8: This simp argument is unused:
  norm_div

Hint: Omit it from the simp argument list.
  simp [̵n̵o̵r̵m̵_̵d̵i̵v̵,̵ ̵n̵o̵r̵m̵_̵n̵e̵g̵]̵[̲n̲o̲r̲m̲_̲n̲e̲g̲]̲

Note: This linter can be disabled with `set_option linter.unusedSimpArgs false`
warning: StrongPNT/PNT2_LogDerivative.lean:486:6: declaration uses 'sorry'
warning: StrongPNT/PNT2_LogDerivative.lean:498:6: declaration uses 'sorry'
warning: StrongPNT/PNT2_LogDerivative.lean:523:53: unused variable `hn`

Note: This linter can be disabled with `set_option linter.unusedVariables false`
warning: StrongPNT/PNT2_LogDerivative.lean:532:31: unused variable `ρ`

Note: This linter can be disabled with `set_option linter.unusedVariables false`
warning: StrongPNT/PNT2_LogDerivative.lean:543:48: unused variable `ρ`

Note: This linter can be disabled with `set_option linter.unusedVariables false`
warning: StrongPNT/PNT2_LogDerivative.lean:554:40: unused variable `hR`

Note: This linter can be disabled with `set_option linter.unusedVariables false`
warning: StrongPNT/PNT2_LogDerivative.lean:554:61: unused variable `hR₁`

Note: This linter can be disabled with `set_option linter.unusedVariables false`
warning: StrongPNT/PNT2_LogDerivative.lean:555:17: unused variable `hf`

Note: This linter can be disabled with `set_option linter.unusedVariables false`
warning: StrongPNT/PNT2_LogDerivative.lean:555:57: unused variable `hf0`

Note: This linter can be disabled with `set_option linter.unusedVariables false`
warning: StrongPNT/PNT2_LogDerivative.lean:566:6: declaration uses 'sorry'
warning: StrongPNT/PNT2_LogDerivative.lean:573:6: declaration uses 'sorry'
warning: StrongPNT/PNT2_LogDerivative.lean:580:6: declaration uses 'sorry'
warning: StrongPNT/PNT2_LogDerivative.lean:589:6: declaration uses 'sorry'
warning: StrongPNT/PNT2_LogDerivative.lean:598:6: declaration uses 'sorry'
warning: StrongPNT/PNT2_LogDerivative.lean:606:6: declaration uses 'sorry'
warning: StrongPNT/PNT2_LogDerivative.lean:614:6: declaration uses 'sorry'
warning: StrongPNT/PNT2_LogDerivative.lean:622:6: declaration uses 'sorry'
warning: StrongPNT/PNT2_LogDerivative.lean:651:4: try 'simp' instead of 'simpa'

Note: This linter can be disabled with `set_option linter.unnecessarySimpa false`
warning: StrongPNT/PNT2_LogDerivative.lean:661:6: declaration uses 'sorry'
warning: StrongPNT/PNT2_LogDerivative.lean:674:34: unused variable `hR`

Note: This linter can be disabled with `set_option linter.unusedVariables false`
warning: StrongPNT/PNT2_LogDerivative.lean:674:55: unused variable `hR₁`

Note: This linter can be disabled with `set_option linter.unusedVariables false`
warning: StrongPNT/PNT2_LogDerivative.lean:675:17: unused variable `hf`

Note: This linter can be disabled with `set_option linter.unusedVariables false`
warning: StrongPNT/PNT2_LogDerivative.lean:677:6: unused variable `ρ`

Note: This linter can be disabled with `set_option linter.unusedVariables false`
warning: StrongPNT/PNT2_LogDerivative.lean:688:6: declaration uses 'sorry'
error: Lean exited with code 1
✖ [3167/3169] Building StrongPNT.PNT1_ComplexAnalysis (17s)
trace: .> LEAN_PATH=/home/jovyan/pmt_claude/.lake/packages/Cli/.lake/build/lib/lean:/home/jovyan/pmt_claude/.lake/packages/batteries/.lake/build/lib/lean:/home/jovyan/pmt_claude/.lake/packages/Qq/.lake/build/lib/lean:/home/jovyan/pmt_claude/.lake/packages/aesop/.lake/build/lib/lean:/home/jovyan/pmt_claude/.lake/packages/proofwidgets/.lake/build/lib/lean:/home/jovyan/pmt_claude/.lake/packages/importGraph/.lake/build/lib/lean:/home/jovyan/pmt_claude/.lake/packages/LeanSearchClient/.lake/build/lib/lean:/home/jovyan/pmt_claude/.lake/packages/plausible/.lake/build/lib/lean:/home/jovyan/pmt_claude/.lake/packages/mathlib/.lake/build/lib/lean:/home/jovyan/pmt_claude/.lake/build/lib/lean /home/jovyan/.elan/toolchains/leanprover--lean4---v4.24.0-rc1/bin/lean /home/jovyan/pmt_claude/StrongPNT/PNT1_ComplexAnalysis.lean -o /home/jovyan/pmt_claude/.lake/build/lib/lean/StrongPNT/PNT1_ComplexAnalysis.olean -i /home/jovyan/pmt_claude/.lake/build/lib/lean/StrongPNT/PNT1_ComplexAnalysis.ilean -c /home/jovyan/pmt_claude/.lake/build/ir/StrongPNT/PNT1_ComplexAnalysis.c --setup /home/jovyan/pmt_claude/.lake/build/ir/StrongPNT/PNT1_ComplexAnalysis.setup.json --json
warning: StrongPNT/PNT1_ComplexAnalysis.lean:346:64: unused variable `hR`

Note: This linter can be disabled with `set_option linter.unusedVariables false`
warning: StrongPNT/PNT1_ComplexAnalysis.lean:376:51: unused variable `hr`

Note: This linter can be disabled with `set_option linter.unusedVariables false`
warning: StrongPNT/PNT1_ComplexAnalysis.lean:376:77: unused variable `hM`

Note: This linter can be disabled with `set_option linter.unusedVariables false`
warning: StrongPNT/PNT1_ComplexAnalysis.lean:397:25: unused variable `n`

Note: This linter can be disabled with `set_option linter.unusedVariables false`
warning: StrongPNT/PNT1_ComplexAnalysis.lean:446:34: unused variable `hR`

Note: This linter can be disabled with `set_option linter.unusedVariables false`
error: StrongPNT/PNT1_ComplexAnalysis.lean:548:10: Invalid projection: Expected a value whose type is a structure
  hw
has type
  Real.le✝ ‖w‖ R
warning: StrongPNT/PNT1_ComplexAnalysis.lean:568:27: unused variable `hR`

Note: This linter can be disabled with `set_option linter.unusedVariables false`
warning: StrongPNT/PNT1_ComplexAnalysis.lean:572:30: unused variable `hR`

Note: This linter can be disabled with `set_option linter.unusedVariables false`
warning: StrongPNT/PNT1_ComplexAnalysis.lean:577:28: unused variable `hR`

Note: This linter can be disabled with `set_option linter.unusedVariables false`
warning: StrongPNT/PNT1_ComplexAnalysis.lean:599:52: unused variable `hR`

Note: This linter can be disabled with `set_option linter.unusedVariables false`
warning: StrongPNT/PNT1_ComplexAnalysis.lean:628:51: unused variable `hR`

Note: This linter can be disabled with `set_option linter.unusedVariables false`
warning: StrongPNT/PNT1_ComplexAnalysis.lean:649:6: declaration uses 'sorry'
error: StrongPNT/PNT1_ComplexAnalysis.lean:762:12: Tactic `rewrite` failed: Did not find an occurrence of the pattern
  {z | ‖z‖ < R}
in the target expression
  w ∈ Metric.ball 0 R

f : ℂ → ℂ
R : ℝ
hR : 0 < R
hf : AnalyticOn ℂ f {z | ‖z‖ ≤ R}
z₀ : ℂ
hz₀_max : ∀ w ∈ {z | ‖z‖ ≤ R}, ‖f z₀‖ ≥ ‖f w‖
hz₀_in : ‖z₀‖ < R
hclos : {z | ‖z‖ ≤ R} = closure {z | ‖z‖ < R}
hcompact : IsCompact {z | ‖z‖ ≤ R}
hdiff : DifferentiableOn ℂ f {z | ‖z‖ ≤ R}
h_open : {z | ‖z‖ < R} = Metric.ball 0 R
h_closed : {z | ‖z‖ ≤ R} = Metric.closedBall 0 R
hcont : ContinuousOn f (Metric.closedBall 0 R)
hconn : IsPreconnected (Metric.closedBall 0 R)
hz₀_ball : z₀ ∈ Metric.ball 0 R
hmax : IsMaxOn (Norm.norm ∘ f) (Metric.closedBall 0 R) z₀
hconn_open : IsPreconnected (Metric.ball 0 R)
z : ℂ
hz : z ∈ {z | ‖z‖ < R}
this : z ∈ {z | ‖z‖ ≤ R}
w : ℂ
hw : w ∈ Metric.ball 0 R
⊢ w ∈ insert z {z | ‖z‖ ≤ R}
error: StrongPNT/PNT1_ComplexAnalysis.lean:785:39: Application type mismatch: The argument
  hz
has type
  z ∈ {z | ‖z‖ ≤ R}
but is expected to have type
  z ∈ Metric.closedBall 0 R
in the application
  hcont z hz
error: StrongPNT/PNT1_ComplexAnalysis.lean:787:8: Invalid rewrite argument: Expected an equality or iff proof or definition name, but `tendsto_const_nhds
  ?a✝` is a proof of
  ?U ∈ map (fun x ↦ ?m.566) ?m.567
warning: StrongPNT/PNT1_ComplexAnalysis.lean:801:6: declaration uses 'sorry'
error: StrongPNT/PNT1_ComplexAnalysis.lean:833:11: Type mismatch
  M + 1
has type
  ℝ
of sort `outParam Type` but is expected to have type
  range f ⊆ Metric.ball ?m.58 0
of sort `Prop`
warning: StrongPNT/PNT1_ComplexAnalysis.lean:848:6: declaration uses 'sorry'
warning: StrongPNT/PNT1_ComplexAnalysis.lean:861:6: declaration uses 'sorry'
error: StrongPNT/PNT1_ComplexAnalysis.lean:891:8: Type mismatch
  hx
has type
  ‖x‖ ≤ 1
but is expected to have type
  x = w ∨ ‖x‖ ≤ 1
error: StrongPNT/PNT1_ComplexAnalysis.lean:919:8: Type mismatch
  le_of_lt hx
has type
  ‖x‖ ≤ 1
but is expected to have type
  x ∈ insert w {z | ‖z‖ ≤ 1}
error: StrongPNT/PNT1_ComplexAnalysis.lean:924:44: Application type mismatch: The argument
  ?m.346
has type
  1 < 2
but is expected to have type
  1 < 1
in the application
  lt_of_le_of_lt (hfbound w this) ?m.346
warning: StrongPNT/PNT1_ComplexAnalysis.lean:928:6: declaration uses 'sorry'
error: StrongPNT/PNT1_ComplexAnalysis.lean:952:61: Application type mismatch: The argument
  h
has type
  ∀ x ∈ uIcc a b, ‖f ↑x‖ ≤ M
but is expected to have type
  ∀ x ∈ uIoc ?m.74 ?m.75, ‖?m.77 x‖ ≤ ?m.76
in the application
  intervalIntegral.norm_integral_le_of_norm_le_const h
error: StrongPNT/PNT1_ComplexAnalysis.lean:961:2: No goals to be solved
warning: StrongPNT/PNT1_ComplexAnalysis.lean:964:6: declaration uses 'sorry'
warning: StrongPNT/PNT1_ComplexAnalysis.lean:976:6: declaration uses 'sorry'
warning: StrongPNT/PNT1_ComplexAnalysis.lean:985:6: declaration uses 'sorry'
warning: StrongPNT/PNT1_ComplexAnalysis.lean:996:6: declaration uses 'sorry'
warning: StrongPNT/PNT1_ComplexAnalysis.lean:1006:6: declaration uses 'sorry'
warning: StrongPNT/PNT1_ComplexAnalysis.lean:1015:6: declaration uses 'sorry'
error: StrongPNT/PNT1_ComplexAnalysis.lean:1026:25: Tactic `rewrite` failed: Did not find an occurrence of the pattern
  |R|
in the target expression
  ‖R‖ ≤ R

R : ℝ
hR : R > 0
⊢ ‖R‖ ≤ R
warning: StrongPNT/PNT1_ComplexAnalysis.lean:1028:32: unused variable `hR`

Note: This linter can be disabled with `set_option linter.unusedVariables false`
warning: StrongPNT/PNT1_ComplexAnalysis.lean:1032:50: This simp argument is unused:
  dist_comm

Hint: Omit it from the simp argument list.
  simp only [Metric.closedBall, Set.mem_setOf_eq, dist_c̵o̵m̵m̵,̵ ̵d̵i̵s̵t̵_̵zero_right]

Note: This linter can be disabled with `set_option linter.unusedSimpArgs false`
warning: StrongPNT/PNT1_ComplexAnalysis.lean:1051:31: unused variable `hR`

Note: This linter can be disabled with `set_option linter.unusedVariables false`
error: StrongPNT/PNT1_ComplexAnalysis.lean:1098:73: Type mismatch
  le_of_lt ?m.243
has type
  ?m.241 ≤ ?m.242
but is expected to have type
  Classical.choose hw ∈ {z | ‖z‖ ≤ R}
error: StrongPNT/PNT1_ComplexAnalysis.lean:1101:16: Type mismatch
  hw_max v hv_int
has type
  ‖h v‖ ≤ ‖h (Classical.choose hw)‖
but is expected to have type
  ‖h (Classical.choose hw)‖ ≤ ‖h v‖
error: StrongPNT/PNT1_ComplexAnalysis.lean:1103:75: Type mismatch
  le_of_lt ?m.274
has type
  ?m.272 ≤ ?m.273
but is expected to have type
  Classical.choose hw ∈ {z | ‖z‖ ≤ R}
error: StrongPNT/PNT1_ComplexAnalysis.lean:1113:40: Application type mismatch: The argument
  le_of_lt ?m.294
has type
  ?m.292 ≤ ?m.293
but is expected to have type
  Classical.choose hw ∈ {z | ‖z‖ ≤ R}
in the application
  hc (Classical.choose hw) (le_of_lt ?m.294)
warning: StrongPNT/PNT1_ComplexAnalysis.lean:1132:6: declaration uses 'sorry'
warning: StrongPNT/PNT1_ComplexAnalysis.lean:1188:55: unused variable `hB`

Note: This linter can be disabled with `set_option linter.unusedVariables false`
warning: StrongPNT/PNT1_ComplexAnalysis.lean:1209:30: unused variable `hR`

Note: This linter can be disabled with `set_option linter.unusedVariables false`
warning: StrongPNT/PNT1_ComplexAnalysis.lean:1209:54: unused variable `hB`

Note: This linter can be disabled with `set_option linter.unusedVariables false`
warning: StrongPNT/PNT1_ComplexAnalysis.lean:1210:5: unused variable `hh`

Note: This linter can be disabled with `set_option linter.unusedVariables false`
warning: StrongPNT/PNT1_ComplexAnalysis.lean:1225:44: unused variable `hR`

Note: This linter can be disabled with `set_option linter.unusedVariables false`
warning: StrongPNT/PNT1_ComplexAnalysis.lean:1227:5: unused variable `hf`

Note: This linter can be disabled with `set_option linter.unusedVariables false`
warning: StrongPNT/PNT1_ComplexAnalysis.lean:1235:40: unused variable `hR`

Note: This linter can be disabled with `set_option linter.unusedVariables false`
warning: StrongPNT/PNT1_ComplexAnalysis.lean:1237:5: unused variable `hf`

Note: This linter can be disabled with `set_option linter.unusedVariables false`
warning: StrongPNT/PNT1_ComplexAnalysis.lean:1243:6: declaration uses 'sorry'
warning: StrongPNT/PNT1_ComplexAnalysis.lean:1264:40: unused variable `hR`

Note: This linter can be disabled with `set_option linter.unusedVariables false`
warning: StrongPNT/PNT1_ComplexAnalysis.lean:1275:23: unused variable `R`

Note: This linter can be disabled with `set_option linter.unusedVariables false`
warning: StrongPNT/PNT1_ComplexAnalysis.lean:1295:33: unused variable `hb`

Note: This linter can be disabled with `set_option linter.unusedVariables false`
warning: StrongPNT/PNT1_ComplexAnalysis.lean:1296:8: This simp argument is unused:
  norm_div

Hint: Omit it from the simp argument list.
  simp ̵[̵n̵o̵r̵m̵_̵d̵i̵v̵]̵

Note: This linter can be disabled with `set_option linter.unusedSimpArgs false`
warning: StrongPNT/PNT1_ComplexAnalysis.lean:1300:5: unused variable `hf0`

Note: This linter can be disabled with `set_option linter.unusedVariables false`
warning: StrongPNT/PNT1_ComplexAnalysis.lean:1308:27: unused variable `hT`

Note: This linter can be disabled with `set_option linter.unusedVariables false`
warning: StrongPNT/PNT1_ComplexAnalysis.lean:1310:8: This simp argument is unused:
  norm_div

Hint: Omit it from the simp argument list.
  simp [n̵o̵r̵m̵_̵d̵i̵v̵,̵ ̵hz]

Note: This linter can be disabled with `set_option linter.unusedSimpArgs false`
warning: StrongPNT/PNT1_ComplexAnalysis.lean:1382:34: unused variable `ha`

Note: This linter can be disabled with `set_option linter.unusedVariables false`
error: StrongPNT/PNT1_ComplexAnalysis.lean:1466:2: Tactic `apply` failed: could not unify the conclusion of `@iSup_le`
  @iSup ?α ?ι CompleteLattice.toCompleteSemilatticeSup.toSupSet ?f ≤ ?a
with the goal
  ⨆ z, ‖f ↑z‖ ≤ 2 * r / (R - r) * M

Note: The full type of `@iSup_le` is
  ∀ {α : Type ?u.91918} {ι : Sort ?u.91917} [inst : CompleteLattice α] {f : ι → α} {a : α},
    (∀ (i : ι), f i ≤ a) → iSup f ≤ a

R M r : ℝ
hR : R > 0
hM : M > 0
hr : 0 < r
hrR : r < R
f : ℂ → ℂ
hf : AnalyticOn ℂ f {z | ‖z‖ ≤ R}
hf0 : f 0 = 0
hfRe : ∀ (z : ℂ), ‖z‖ ≤ R → (f z).re ≤ M
⊢ ⨆ z, ‖f ↑z‖ ≤ 2 * r / (R - r) * M
warning: StrongPNT/PNT1_ComplexAnalysis.lean:1475:8: declaration uses 'sorry'
warning: StrongPNT/PNT1_ComplexAnalysis.lean:1485:31: `differentiableAt_id'` has been deprecated: Use `differentiableAt_fun_id` instead
error: StrongPNT/PNT1_ComplexAnalysis.lean:1485:6: Tactic `rewrite` failed: Did not find an occurrence of the pattern
  deriv (fun y ↦ ↑r' * y) ?m.42
in the target expression
  deriv (fun t ↦ ↑r' * cexp (I * t)) ↑t = I * ↑r' * cexp (I * ↑t)

r' t : ℝ
⊢ deriv (fun t ↦ ↑r' * cexp (I * t)) ↑t = I * ↑r' * cexp (I * ↑t)
warning: StrongPNT/PNT1_ComplexAnalysis.lean:1498:6: declaration uses 'sorry'
warning: StrongPNT/PNT1_ComplexAnalysis.lean:1506:6: declaration uses 'sorry'
warning: StrongPNT/PNT1_ComplexAnalysis.lean:1523:23: unused variable `hg`

Note: This linter can be disabled with `set_option linter.unusedVariables false`
error: StrongPNT/PNT1_ComplexAnalysis.lean:1534:2: (deterministic) timeout at `isDefEq`, maximum number of heartbeats (200000) has been reached

Note: Use `set_option maxHeartbeats <num>` to set the limit.

Hint: Additional diagnostic information may be available using the `set_option diagnostics true` command.
warning: StrongPNT/PNT1_ComplexAnalysis.lean:1575:12: This simp argument is unused:
  norm_mul

Hint: Omit it from the simp argument list.
  simp [sq,̵ ̵n̵o̵r̵m̵_̵m̵u̵l̵]

Note: This linter can be disabled with `set_option linter.unusedSimpArgs false`
warning: StrongPNT/PNT1_ComplexAnalysis.lean:1587:50: unused variable `hr`

Note: This linter can be disabled with `set_option linter.unusedVariables false`
warning: StrongPNT/PNT1_ComplexAnalysis.lean:1587:63: unused variable `hrr'`

Note: This linter can be disabled with `set_option linter.unusedVariables false`
warning: StrongPNT/PNT1_ComplexAnalysis.lean:1587:79: unused variable `hr'R`

Note: This linter can be disabled with `set_option linter.unusedVariables false`
warning: StrongPNT/PNT1_ComplexAnalysis.lean:1600:29: unused variable `hr`

Note: This linter can be disabled with `set_option linter.unusedVariables false`
warning: StrongPNT/PNT1_ComplexAnalysis.lean:1600:58: unused variable `hr'R`

Note: This linter can be disabled with `set_option linter.unusedVariables false`
warning: StrongPNT/PNT1_ComplexAnalysis.lean:1631:37: unused variable `hr`

Note: This linter can be disabled with `set_option linter.unusedVariables false`
warning: StrongPNT/PNT1_ComplexAnalysis.lean:1631:50: unused variable `hrr'`

Note: This linter can be disabled with `set_option linter.unusedVariables false`
warning: StrongPNT/PNT1_ComplexAnalysis.lean:1631:66: unused variable `hr'R`

Note: This linter can be disabled with `set_option linter.unusedVariables false`
warning: StrongPNT/PNT1_ComplexAnalysis.lean:1631:96: unused variable `hz`

Note: This linter can be disabled with `set_option linter.unusedVariables false`
warning: StrongPNT/PNT1_ComplexAnalysis.lean:1661:34: unused variable `hb`

Note: This linter can be disabled with `set_option linter.unusedVariables false`
warning: StrongPNT/PNT1_ComplexAnalysis.lean:1666:29: unused variable `hf`

Note: This linter can be disabled with `set_option linter.unusedVariables false`
warning: StrongPNT/PNT1_ComplexAnalysis.lean:1693:29: unused variable `hf`

Note: This linter can be disabled with `set_option linter.unusedVariables false`
error: StrongPNT/PNT1_ComplexAnalysis.lean:1732:15: Unknown constant `Complex.norm_eq_abs`
error: StrongPNT/PNT1_ComplexAnalysis.lean:1732:36: Unknown constant `Complex.abs_ofReal`
error: StrongPNT/PNT1_ComplexAnalysis.lean:1726:68: unsolved goals
M R r' : ℝ
hM : 0 < M
hR : 0 < R
hr' : 0 < r'
hr'R : r' < R
f : ℂ → ℂ
hf : AnalyticOn ℂ f {z | ‖z‖ ≤ R}
hf0 : f 0 = 0
hRe : ∀ (z : ℂ), ‖z‖ ≤ R → (f z).re ≤ M
t : ℝ
hexp : ‖cexp (I * ↑t)‖ = 1
⊢ ‖↑r'‖ = r'
warning: StrongPNT/PNT1_ComplexAnalysis.lean:1732:56: This simp argument is unused:
  abs_of_pos hr'

Hint: Omit it from the simp argument list.
  simp only [Complex.norm_eq_abs, Complex.abs_ofReal, a̵b̵s̵_̵o̵f̵_̵p̵o̵s̵ ̵h̵r̵'̵,̵ ̵mul_one]

Note: This linter can be disabled with `set_option linter.unusedSimpArgs false`
warning: StrongPNT/PNT1_ComplexAnalysis.lean:1769:25: unused variable `t`

Note: This linter can be disabled with `set_option linter.unusedVariables false`
error: StrongPNT/PNT1_ComplexAnalysis.lean:1791:86: Unknown identifier `τ`
warning: StrongPNT/PNT1_ComplexAnalysis.lean:1798:28: unused variable `t`

Note: This linter can be disabled with `set_option linter.unusedVariables false`
warning: StrongPNT/PNT1_ComplexAnalysis.lean:1803:47: unused variable `t`

Note: This linter can be disabled with `set_option linter.unusedVariables false`
warning: StrongPNT/PNT1_ComplexAnalysis.lean:1861:50: unused variable `hr`

Note: This linter can be disabled with `set_option linter.unusedVariables false`
warning: StrongPNT/PNT1_ComplexAnalysis.lean:1861:63: unused variable `hR`

Note: This linter can be disabled with `set_option linter.unusedVariables false`
warning: StrongPNT/PNT1_ComplexAnalysis.lean:1865:13: This simp argument is unused:
  show (r + R) / 2 = (r + R) / 2 from rfl

Hint: Omit it from the simp argument list.
  simp only ̵[̵s̵h̵o̵w̵ ̵(̵r̵ ̵+̵ ̵R̵)̵ ̵/̵ ̵2̵ ̵=̵ ̵(̵r̵ ̵+̵ ̵R̵)̵ ̵/̵ ̵2̵ ̵f̵r̵o̵m̵ ̵r̵f̵l̵]̵

Note: This linter can be disabled with `set_option linter.unusedSimpArgs false`
warning: StrongPNT/PNT1_ComplexAnalysis.lean:1876:66: unused variable `hR`

Note: This linter can be disabled with `set_option linter.unusedVariables false`
warning: StrongPNT/PNT1_ComplexAnalysis.lean:1881:51: unused variable `hr`

Note: This linter can be disabled with `set_option linter.unusedVariables false`
warning: StrongPNT/PNT1_ComplexAnalysis.lean:1881:64: unused variable `hR`

Note: This linter can be disabled with `set_option linter.unusedVariables false`
warning: StrongPNT/PNT1_ComplexAnalysis.lean:1885:13: This simp argument is unused:
  show (r + R) / 2 = (r + R) / 2 from rfl

Hint: Omit it from the simp argument list.
  simp only ̵[̵s̵h̵o̵w̵ ̵(̵r̵ ̵+̵ ̵R̵)̵ ̵/̵ ̵2̵ ̵=̵ ̵(̵r̵ ̵+̵ ̵R̵)̵ ̵/̵ ̵2̵ ̵f̵r̵o̵m̵ ̵r̵f̵l̵]̵

Note: This linter can be disabled with `set_option linter.unusedSimpArgs false`
warning: StrongPNT/PNT1_ComplexAnalysis.lean:1967:41: unused variable `hR`

Note: This linter can be disabled with `set_option linter.unusedVariables false`
warning: StrongPNT/PNT1_ComplexAnalysis.lean:1967:54: unused variable `hRR0`

Note: This linter can be disabled with `set_option linter.unusedVariables false`
warning: StrongPNT/PNT1_ComplexAnalysis.lean:1967:71: unused variable `hR01`

Note: This linter can be disabled with `set_option linter.unusedVariables false`
warning: StrongPNT/PNT1_ComplexAnalysis.lean:1968:29: unused variable `hf`

Note: This linter can be disabled with `set_option linter.unusedVariables false`
error: Lean exited with code 1
Some required targets logged failures:
- StrongPNT.PNT5_StrongPNT
- StrongPNT.PNT2_LogDerivative
- StrongPNT.PNT1_ComplexAnalysis
error: build failed
